Archive member included because of file (symbol)

C:\fehqt\Proteus/EWL/lib/armv7e-m\libm.a(s_sin.o)
                              ..\main.o (sin)
C:\fehqt\Proteus/EWL/lib/armv7e-m\libm.a(e_rem_pio2.o)
                              C:\fehqt\Proteus/EWL/lib/armv7e-m\libm.a(s_sin.o) (__ieee754_rem_pio2)
C:\fehqt\Proteus/EWL/lib/armv7e-m\libm.a(k_cos.o)
                              C:\fehqt\Proteus/EWL/lib/armv7e-m\libm.a(s_sin.o) (__kernel_cos)
C:\fehqt\Proteus/EWL/lib/armv7e-m\libm.a(k_rem_pio2.o)
                              C:\fehqt\Proteus/EWL/lib/armv7e-m\libm.a(e_rem_pio2.o) (__kernel_rem_pio2)
C:\fehqt\Proteus/EWL/lib/armv7e-m\libm.a(k_sin.o)
                              C:\fehqt\Proteus/EWL/lib/armv7e-m\libm.a(s_sin.o) (__kernel_sin)
C:\fehqt\Proteus/EWL/lib/armv7e-m\libm.a(s_floor.o)
                              C:\fehqt\Proteus/EWL/lib/armv7e-m\libm.a(k_rem_pio2.o) (floor)
C:\fehqt\Proteus/EWL/lib/armv7e-m\libm.a(scalbn.o)
                              C:\fehqt\Proteus/EWL/lib/armv7e-m\libm.a(k_rem_pio2.o) (scalbn)
C:\fehqt\Proteus/EWL/lib/armv7e-m\libm.a(s_frexp.o)
                              C:\fehqt\Proteus/EWL/lib/armv7e-m\libm.a(scalbn.o) (frexp)
C:\fehqt\Proteus/EWL/lib/armv7e-m\libm.a(s_ldexp.o)
                              C:\fehqt\Proteus/EWL/lib/armv7e-m\libm.a(scalbn.o) (ldexp)
C:\fehqt\Proteus/EWL/lib/armv7e-m\libm.a(math_api.o)
                              C:\fehqt\Proteus/EWL/lib/armv7e-m\libm.a(s_ldexp.o) (__fpclassifyd)
C:\fehqt\Proteus/EWL/lib/armv7e-m\libc.a(sprintf.o)
                              Libraries\FEHLCD.o (sprintf)
C:\fehqt\Proteus/EWL/lib/armv7e-m\libc.a(vsnprintf.o)
                              C:\fehqt\Proteus/EWL/lib/armv7e-m\libc.a(sprintf.o) (vsnprintf)
C:\fehqt\Proteus/EWL/lib/armv7e-m\libc.a(exit.o)
                              Startup\__arm_start.o (exit)
C:\fehqt\Proteus/EWL/lib/armv7e-m\libc.a(memcpy.o)
                              C:\fehqt\Proteus/EWL/lib/armv7e-m\libc.a(vsnprintf.o) (memcpy)
C:\fehqt\Proteus/EWL/lib/armv7e-m\libc.a(memset.o)
                              Startup\__arm_start.o (memset)
C:\fehqt\Proteus/EWL/lib/armv7e-m\libc.a(strcmp.o)
                              Libraries\FEHLCD.o (strcmp)
C:\fehqt\Proteus/EWL/lib/armv7e-m\libc.a(strcpy.o)
                              Libraries\FEHLCD.o (strcpy)
C:\fehqt\Proteus/EWL/lib/armv7e-m\libc.a(strlen.o)
                              Libraries\FEHLCD.o (strlen)
C:\fehqt\Proteus/EWL/lib/armv7e-m\libc.a(math_ARM.o)
                              C:\fehqt\Proteus/EWL/lib/armv7e-m\libm.a(math_api.o) (__ewl_count_bits32)
C:\fehqt\Proteus/EWL/lib/armv7e-m\libc.a(printformat_.o)
                              (__pformatter_)
C:\fehqt\Proteus/EWL/lib/armv7e-m\libc.a(scanformat_.o)
                              (__sformatter)
C:\fehqt\Proteus/EWL/lib/armv7e-m\libc.a(ctype_aeabi.o)
                              C:\fehqt\Proteus/EWL/lib/armv7e-m\libc.a(scanformat_.o) (isspace)
C:\fehqt\Proteus/EWL/lib/armv7e-m\libc.a(__strtoul.o)
                              C:\fehqt\Proteus/EWL/lib/armv7e-m\libc.a(scanformat_.o) (__strtoul)
C:\fehqt\Proteus/EWL/lib/armv7e-m\libc.a(__filll_mem.o)
                              C:\fehqt\Proteus/EWL/lib/armv7e-m\libc.a(memset.o) (__fill_mem)
C:\fehqt\Proteus/EWL/lib/armv7e-m\libc.a(memchr.o)
                              C:\fehqt\Proteus/EWL/lib/armv7e-m\libc.a(printformat_.o) (memchr)
C:\fehqt\Proteus/EWL/lib/armv7e-m\libc.a(strchr.o)
                              C:\fehqt\Proteus/EWL/lib/armv7e-m\libc.a(printformat_.o) (strchr)
c:/fehqt/proteus/gcc/bin/../lib/gcc/arm-none-eabi/4.6.2/armv7e-m\libgcc.a(_lshrdi3.o)
                              C:\fehqt\Proteus/EWL/lib/armv7e-m\libc.a(math_ARM.o) (__aeabi_llsr)
c:/fehqt/proteus/gcc/bin/../lib/gcc/arm-none-eabi/4.6.2/armv7e-m\libgcc.a(_ashldi3.o)
                              C:\fehqt\Proteus/EWL/lib/armv7e-m\libc.a(math_ARM.o) (__aeabi_llsl)
c:/fehqt/proteus/gcc/bin/../lib/gcc/arm-none-eabi/4.6.2/armv7e-m\libgcc.a(_arm_addsubdf3.o)
                              ..\main.o (__aeabi_dsub)
c:/fehqt/proteus/gcc/bin/../lib/gcc/arm-none-eabi/4.6.2/armv7e-m\libgcc.a(_arm_muldivdf3.o)
                              ..\main.o (__aeabi_dmul)
c:/fehqt/proteus/gcc/bin/../lib/gcc/arm-none-eabi/4.6.2/armv7e-m\libgcc.a(_arm_cmpdf2.o)
                              C:\fehqt\Proteus/EWL/lib/armv7e-m\libm.a(e_rem_pio2.o) (__aeabi_dcmpeq)
c:/fehqt/proteus/gcc/bin/../lib/gcc/arm-none-eabi/4.6.2/armv7e-m\libgcc.a(_arm_fixdfsi.o)
                              ..\main.o (__aeabi_d2iz)
c:/fehqt/proteus/gcc/bin/../lib/gcc/arm-none-eabi/4.6.2/armv7e-m\libgcc.a(_arm_fixunsdfsi.o)
                              Libraries\FEHUtility.o (__aeabi_d2uiz)
c:/fehqt/proteus/gcc/bin/../lib/gcc/arm-none-eabi/4.6.2/armv7e-m\libgcc.a(_arm_truncdfsf2.o)
                              ..\main.o (__aeabi_d2f)
c:/fehqt/proteus/gcc/bin/../lib/gcc/arm-none-eabi/4.6.2/armv7e-m\libgcc.a(_arm_addsubsf3.o)
                              Libraries\FEHLCD.o (__aeabi_fsub)
[...]
Memory Configuration

Name             Origin             Length             Attributes
m_interrupts     0x0000c000         0x00000400         xr
m_cfmprotrom     0x0000c400         0x00000010         xr
m_text           0x0000c410         0x00073bf0         xr
m_data           0x1fff0400         0x0000fc00         xrw
m_data2          0x20000000         0x00010000         xrw
*default*        0x00000000         0xffffffff

Linker script and memory map

LOAD ..\main.o
LOAD Startup\__arm_start.o
LOAD Startup\__arm_end.o
LOAD Startup\kinetis_sysinit.o
LOAD Libraries\FEHMotor.o
LOAD Drivers\mcg.o
LOAD Drivers\i2c.o
LOAD Drivers\spi.o
LOAD Drivers\uart.o
LOAD Drivers\ff.o
LOAD Drivers\SDHC.o
LOAD Drivers\lptmr.o
LOAD FEHProteus.o
LOAD Drivers\FEHPropeller.o
LOAD Libraries\FEHUtility.o
LOAD Libraries\FEHIO.o
LOAD Drivers\adc16.o
LOAD Libraries\FEHBuzzer.o
LOAD Libraries\FEHServo.o
LOAD Libraries\FEHLCD.o
LOAD Libraries\FEHAccel.o
LOAD Libraries\FEHBattery.o
LOAD Drivers\FEHXBee.o
LOAD Libraries\FEHRPS.o
LOAD Libraries\FEHSD.o
                0x00014508                __pformatter = __pformatter_
                [0x00014900]                __sformatter = __sformatter
LOAD C:\fehqt\Proteus/EWL/lib/armv7e-m\libstdc++.a
LOAD C:\fehqt\Proteus/EWL/lib/armv7e-m\libm.a
START GROUP
LOAD C:\fehqt\Proteus/EWL/lib/armv7e-m\libc.a
LOAD C:\fehqt\Proteus/EWL/lib/armv7e-m\libc++.a
LOAD C:\fehqt\Proteus/EWL/lib/armv7e-m\libm.a
LOAD c:/fehqt/proteus/gcc/bin/../lib/gcc/arm-none-eabi/4.6.2/armv7e-m\libgcc.a
LOAD C:\fehqt\Proteus/EWL/lib/armv7e-m\librt.a
LOAD c:/fehqt/proteus/gcc/bin/../lib/gcc/arm-none-eabi/4.6.2/../../../../arm-none-eabi/lib/armv7e-m\libsupc++.a
END GROUP
                0x20000000                _estack = 0x20000000
                0x20000000                __SP_INIT = _estack
                0x00000800                __heap_size = 0x800
                0x00000800                __stack_size = 0x800

.interrupts     0x0000c000      0x1e0
                0x0000c000                __vector_table = .
                0x0000c000                . = ALIGN (0x4)
 *(.vectortable)
 .vectortable   0x0000c000      0x1e0 Startup\kinetis_sysinit.o
                0x0000c1e0                . = ALIGN (0x4)

.cfmprotect     0x0000c400        0x0
                0x0000c400                . = ALIGN (0x4)
 *(.cfmconfig)
                0x0000c400                . = ALIGN (0x4)

.text           0x0000c410     0x9584
                0x0000c410                . = ALIGN (0x4)
 *(.text)
 .text          0x0000c410      0x370 c:/fehqt/proteus/gcc/bin/../lib/gcc/arm-none-eabi/4.6.2/armv7e-m\libgcc.a(_arm_addsubdf3.o)
                0x0000c410                __aeabi_drsub
                0x0000c418                __aeabi_dsub
                0x0000c418                __subdf3
                0x0000c41c                __aeabi_dadd
                0x0000c41c                __adddf3
                0x0000c694                __floatunsidf
                0x0000c694                __aeabi_ui2d
                0x0000c6b4                __floatsidf
                0x0000c6b4                __aeabi_i2d
                0x0000c6d8                __aeabi_f2d
                0x0000c6d8                __extendsfdf2
                0x0000c714                __floatundidf
                0x0000c714                __aeabi_ul2d
                0x0000c724                __floatdidf
                0x0000c724                __aeabi_l2d
 .text          0x0000c780      0x424 c:/fehqt/proteus/gcc/bin/../lib/gcc/arm-none-eabi/4.6.2/armv7e-m\libgcc.a(_arm_muldivdf3.o)
                0x0000c780                __aeabi_dmul
                0x0000c780                __muldf3
                0x0000c9d4                __divdf3
                0x0000c9d4                __aeabi_ddiv
 .text          0x0000cba4      0x110 c:/fehqt/proteus/gcc/bin/../lib/gcc/arm-none-eabi/4.6.2/armv7e-m\libgcc.a(_arm_cmpdf2.o)
                0x0000cba4                __gtdf2
                0x0000cba4                __gedf2
                0x0000cbac                __ltdf2
                0x0000cbac                __ledf2
                0x0000cbb4                __nedf2
                0x0000cbb4                __eqdf2
                0x0000cbb4                __cmpdf2
                0x0000cc30                __aeabi_cdrcmple
                0x0000cc40                __aeabi_cdcmpeq
                0x0000cc40                __aeabi_cdcmple
                0x0000cc50                __aeabi_dcmpeq
                0x0000cc64                __aeabi_dcmplt
                0x0000cc78                __aeabi_dcmple
                0x0000cc8c                __aeabi_dcmpge
                0x0000cca0                __aeabi_dcmpgt
 .text          0x0000ccb4       0x50 c:/fehqt/proteus/gcc/bin/../lib/gcc/arm-none-eabi/4.6.2/armv7e-m\libgcc.a(_arm_fixdfsi.o)
                0x0000ccb4                __aeabi_d2iz
                0x0000ccb4                __fixdfsi
 .text          0x0000cd04       0x40 c:/fehqt/proteus/gcc/bin/../lib/gcc/arm-none-eabi/4.6.2/armv7e-m\libgcc.a(_arm_fixunsdfsi.o)
                0x0000cd04                __aeabi_d2uiz
                0x0000cd04                __fixunsdfsi
 .text          0x0000cd44       0xa0 c:/fehqt/proteus/gcc/bin/../lib/gcc/arm-none-eabi/4.6.2/armv7e-m\libgcc.a(_arm_truncdfsf2.o)
                0x0000cd44                __truncdfsf2
                0x0000cd44                __aeabi_d2f
 .text          0x0000cde4      0x21c c:/fehqt/proteus/gcc/bin/../lib/gcc/arm-none-eabi/4.6.2/armv7e-m\libgcc.a(_arm_addsubsf3.o)
                0x0000cde4                __aeabi_frsub
                0x0000cdec                __subsf3
                0x0000cdec                __aeabi_fsub
                0x0000cdf0                __aeabi_fadd
                0x0000cdf0                __addsf3
                0x0000cf50                __aeabi_ui2f
                0x0000cf50                __floatunsisf
                0x0000cf58                __aeabi_i2f
                0x0000cf58                __floatsisf
                0x0000cf74                __aeabi_ul2f
                0x0000cf74                __floatundisf
                0x0000cf84                __aeabi_l2f
                0x0000cf84                __floatdisf
 .text          0x0000d000      0x2a0 c:/fehqt/proteus/gcc/bin/../lib/gcc/arm-none-eabi/4.6.2/armv7e-m\libgcc.a(_arm_muldivsf3.o)
                0x0000d000                __mulsf3
                0x0000d000                __aeabi_fmul
                0x0000d168                __aeabi_fdiv
                0x0000d168                __divsf3
 *(.text*)
 .text._Z8degToRadd
                0x0000d2a0       0x50 ..\main.o
                0x0000d2a0                degToRad(double)
 .text._ZN4BallC2Edd
                0x0000d2f0       0x7c ..\main.o
                0x0000d2f0                Ball::Ball(double, double)
                0x0000d2f0                Ball::Ball(double, double)
 .text._ZN4Ball4getXEv
                0x0000d36c       0x1c ..\main.o
                0x0000d36c                Ball::getX()
 .text._ZN4Ball4getYEv
                0x0000d388       0x1c ..\main.o
                0x0000d388                Ball::getY()
 .text._ZN4Ball4setXEd
                0x0000d3a4       0x3c ..\main.o
                0x0000d3a4                Ball::setX(double)
 .text._ZN4Ball4setYEd
                0x0000d3e0       0x3c ..\main.o
                0x0000d3e0                Ball::setY(double)
 .text._ZN4Ball11updateAccelEdd
                0x0000d41c       0x44 ..\main.o
                0x0000d41c                Ball::updateAccel(double, double)
 .text._ZN4Ball6updateEv
                0x0000d460      0x114 ..\main.o
                0x0000d460                Ball::update()
 *fill*         0x0000d574        0x4 00
 .text.main     0x0000d578      0x250 ..\main.o
                0x0000d578                main
 .text.zero_fill_bss
                0x0000d7c8       0x34 Startup\__arm_start.o
 .text.__thumb_startup
                0x0000d7fc       0x34 Startup\__arm_start.o
                0x0000d7fc                __thumb_startup
 .text.InitFEHProteus
                0x0000d830      0x15c Startup\__arm_start.o
                0x0000d830                InitFEHProteus
 .text.pll_init_bl
                0x0000d98c      0x130 Startup\__arm_start.o
 .text.InitPowerButton
                0x0000dabc       0x90 Startup\__arm_start.o
                0x0000dabc                InitPowerButton
 .text._ExitProcess
                0x0000db4c        0xc Startup\__arm_end.o
                0x0000db4c                _ExitProcess
 .text.Default_Handler
                0x0000db58        0xc Startup\kinetis_sysinit.o
                0x0000db58                BusFault_Handler()
                0x0000db58                HardFault_Handler()
                0x0000db58                SysTick_Handler()
                0x0000db58                PendSV_Handler()
                0x0000db58                DebugMonitor_Handler()
                0x0000db58                MemManage_Handler()
                0x0000db58                NMI_Handler()
                0x0000db58                SVC_Handler()
                0x0000db58                Default_Handler
                0x0000db58                UsageFault_Handler()
 .text.__init_hardware
                0x0000db64       0x44 Startup\kinetis_sysinit.o
                0x0000db64                __init_hardware
 .text._Z8PortDISRv
                0x0000dba8       0x64 Startup\kinetis_sysinit.o
                0x0000dba8                PortDISR()
 .text._Z21IIC_StartTransmissionhh
                0x0000dc0c       0x98 Drivers\i2c.o
                0x0000dc0c                IIC_StartTransmission(unsigned char, unsigned char)
 .text._Z5Pausev
                0x0000dca4       0x34 Drivers\i2c.o
                0x0000dca4                Pause()
 .text._Z22u8MMA8451QReadRegisterh
                0x0000dcd8      0x1f8 Drivers\i2c.o
                0x0000dcd8                u8MMA8451QReadRegister(unsigned char)
 .text._Z21MMA8451QWriteRegisterhh
                0x0000ded0      0x12c Drivers\i2c.o
                0x0000ded0                MMA8451QWriteRegister(unsigned char, unsigned char)
 .text._Z12SPI_SendCharh
                0x0000dffc       0x1c Drivers\spi.o
                0x0000dffc                SPI_SendChar(unsigned char)
 .text._Z16SPI_WriteCommandhh
                0x0000e018       0x34 Drivers\spi.o
                0x0000e018                SPI_WriteCommand(unsigned char, unsigned char)
 .text._Z13SPI_CS_Assertv
                0x0000e04c       0x24 Drivers\spi.o
                0x0000e04c                SPI_CS_Assert()
 .text._Z15SPI_CS_Deassertv
                0x0000e070       0x24 Drivers\spi.o
                0x0000e070                SPI_CS_Deassert()
 .text._Z12SPI_Transferh
                0x0000e094       0x88 Drivers\spi.o
                0x0000e094                SPI_Transfer(unsigned char)
 *fill*         0x0000e11c        0x4 00
 .text._Z8SPI_Initv
                0x0000e120       0xe8 Drivers\spi.o
                0x0000e120                SPI_Init()
 .text._Z9uart_initPV11UART_MemMapii
                0x0000e208      0x20c Drivers\uart.o
                0x0000e208                uart_init(UART_MemMap volatile*, int, int)
 .text._Z12uart_getcharPV11UART_MemMap
                0x0000e414       0x34 Drivers\uart.o
                0x0000e414                uart_getchar(UART_MemMap volatile*)
 .text._ZL7mem_setPvij
                0x0000e448       0x44 Drivers\ff.o
 .text._ZL11move_windowP5FATFSm
                0x0000e48c       0xf0 Drivers\ff.o
 .text._ZL4syncP5FATFS
                0x0000e57c      0x188 Drivers\ff.o
 .text._ZL8validateP5FATFSt
                0x0000e704       0x54 Drivers\ff.o
 .text._Z6f_syncP3FIL
                0x0000e758      0x1c0 Drivers\ff.o
                0x0000e758                f_sync(FIL*)
 .text._Z7f_closeP3FIL
                0x0000e918       0x2c Drivers\ff.o
                0x0000e918                f_close(FIL*)
 .text._ZL17SDHC_set_baudratemm
                0x0000e944      0x14c Drivers\SDHC.o
 .text._Z9SDHC_initP17esdhc_info_structPK17esdhc_init_struct
                0x0000ea90      0x1c4 Drivers\SDHC.o
                0x0000ea90                SDHC_init(esdhc_info_struct*, esdhc_init_struct const*)
 .text._ZL15SDHC_is_runningv
                0x0000ec54       0x28 Drivers\SDHC.o
 .text._ZL16SDHC_status_waitm
                0x0000ec7c       0x38 Drivers\SDHC.o
 .text._ZL17SDHC_send_commandP20esdhc_command_struct
                0x0000ecb4      0x2a0 Drivers\SDHC.o
 .text._Z10SDHC_ioctlmPv
                0x0000ef54      0x978 Drivers\SDHC.o
                0x0000ef54                SDHC_ioctl(unsigned long, void*)
 .text._ZL14rcvr_datablockPhm
                0x0000f8cc      0x134 Drivers\SDHC.o
 .text._Z9disk_readhPhmh
                0x0000fa00      0x13c Drivers\SDHC.o
                0x0000fa00                disk_read(unsigned char, unsigned char*, unsigned long, unsigned char)
 .text._ZL14xmit_datablockPKhm
                0x0000fb3c       0xe0 Drivers\SDHC.o
 .text._Z10disk_writehPKhmh
                0x0000fc1c      0x1cc Drivers\SDHC.o
                0x0000fc1c                disk_write(unsigned char, unsigned char const*, unsigned long, unsigned char)
 .text._Z10disk_ioctlhhPv
                0x0000fde8      0x128 Drivers\SDHC.o
                0x0000fde8                disk_ioctl(unsigned char, unsigned char, void*)
 .text._Z11disk_statush
                0x0000ff10       0x30 Drivers\SDHC.o
                0x0000ff10                disk_status(unsigned char)
 .text._Z13time_delay_msm
                0x0000ff40       0xa4 Drivers\lptmr.o
                0x0000ff40                time_delay_ms(unsigned long)
 .text._Z41__static_initialization_and_destruction_0ii
                0x0000ffe4       0x30 FEHProteus.o
 .text._GLOBAL__sub_I_Propeller
                0x00010014       0x14 FEHProteus.o
 .text._ZN12FEHPropellerC2Ev
                0x00010028       0x20 Drivers\FEHPropeller.o
                0x00010028                FEHPropeller::FEHPropeller()
                0x00010028                FEHPropeller::FEHPropeller()
 .text._ZN12FEHPropeller10InitializeEv
                0x00010048       0x94 Drivers\FEHPropeller.o
                0x00010048                FEHPropeller::Initialize()
 .text._ZL5Delaymjj
                0x000100dc       0xc4 Libraries\FEHUtility.o
 .text._Z5Sleepi
                0x000101a0       0x34 Libraries\FEHUtility.o
                0x000101a0                Sleep(int)
 *fill*         0x000101d4        0x4 00
 .text._Z5Sleepd
                0x000101d8       0x58 Libraries\FEHUtility.o
                0x000101d8                Sleep(double)
 .text._Z7TimeNowv
                0x00010230       0x70 Libraries\FEHUtility.o
                0x00010230                TimeNow()
 .text._Z9portB_isrv
                0x000102a0       0xd4 Libraries\FEHIO.o
                0x000102a0                portB_isr()
 .text._Z9portC_isrv
                0x00010374       0xd8 Libraries\FEHIO.o
                0x00010374                portC_isr()
 .text._Z9portA_isrv
                0x0001044c       0xd8 Libraries\FEHIO.o
                0x0001044c                portA_isr()
 .text._Z9portE_isrv
                0x00010524       0xd0 Libraries\FEHIO.o
                0x00010524                portE_isr()
 .text._ZN14AnalogInputPinC2EN5FEHIO8FEHIOPinE
                0x000105f4       0x20 Libraries\FEHIO.o
                0x000105f4                AnalogInputPin::AnalogInputPin(FEHIO::FEHIOPin)
                0x000105f4                AnalogInputPin::AnalogInputPin(FEHIO::FEHIOPin)
 .text._ZN13AnalogEncoder12EncoderValueEv
                0x00010614       0xe4 Libraries\FEHIO.o
                0x00010614                AnalogEncoder::EncoderValue()
 .text._ZN14AnalogInputPin8InitADCsEv
                0x000106f8      0x120 Libraries\FEHIO.o
                0x000106f8                AnalogInputPin::InitADCs()
 .text._Z8pit0_isrv
                0x00010818       0x34 Libraries\FEHIO.o
                0x00010818                pit0_isr()
 .text._ZN13AnalogEncoder4InitEv
                0x0001084c       0x64 Libraries\FEHIO.o
                0x0001084c                AnalogEncoder::Init()
 .text._ZN13AnalogEncoder14SetCounterInitEj
                0x000108b0       0x20 Libraries\FEHIO.o
                0x000108b0                AnalogEncoder::SetCounterInit(unsigned int)
 .text._ZN13AnalogEncoder10ProcessIntEv
                0x000108d0       0x80 Libraries\FEHIO.o
                0x000108d0                AnalogEncoder::ProcessInt()
 .text._ZN13AnalogEncoder14ProcessIntSelfEv
                0x00010950       0x80 Libraries\FEHIO.o
                0x00010950                AnalogEncoder::ProcessIntSelf()
 .text._Z7ADC_CalPV10ADC_MemMap
                0x000109d0      0x14c Drivers\adc16.o
                0x000109d0                ADC_Cal(ADC_MemMap volatile*)
 .text._Z14ADC_Config_AltPV10ADC_MemMapP7adc_cfg
                0x00010b1c       0x6c Drivers\adc16.o
                0x00010b1c                ADC_Config_Alt(ADC_MemMap volatile*, adc_cfg*)
 .text._ZN9FEHBuzzerC2Ev
                0x00010b88       0x18 Libraries\FEHBuzzer.o
                0x00010b88                FEHBuzzer::FEHBuzzer()
                0x00010b88                FEHBuzzer::FEHBuzzer()
 .text._Z41__static_initialization_and_destruction_0ii
                0x00010ba0       0x30 Libraries\FEHBuzzer.o
 .text._GLOBAL__sub_I_Buzzer
                0x00010bd0       0x14 Libraries\FEHBuzzer.o
 .text._ZN6FEHLCD11_InitializeEv
                0x00010be4      0x5dc Libraries\FEHLCD.o
                0x00010be4                FEHLCD::_Initialize()
 .text._ZN6FEHLCDC2Ev
                0x000111c0       0x64 Libraries\FEHLCD.o
                0x000111c0                FEHLCD::FEHLCD()
                0x000111c0                FEHLCD::FEHLCD()
 .text._ZN6FEHLCD10InitializeEv
                0x00011224       0x38 Libraries\FEHLCD.o
                0x00011224                FEHLCD::Initialize()
 .text._ZN6FEHLCD10PrintImageEii
                0x0001125c      0x100 Libraries\FEHLCD.o
                0x0001125c                FEHLCD::PrintImage(int, int)
 .text._ZN6FEHLCD9PrintLogoEii
                0x0001135c      0x100 Libraries\FEHLCD.o
                0x0001135c                FEHLCD::PrintLogo(int, int)
 .text._ZN6FEHLCD22ConvertFEHColorTo24BitENS_11FEHLCDColorE
                0x0001145c       0x80 Libraries\FEHLCD.o
                0x0001145c                FEHLCD::ConvertFEHColorTo24Bit(FEHLCD::FEHLCDColor)
 .text._ZN6FEHLCD24Convert24BitColorTo16BitEj
                0x000114dc       0x40 Libraries\FEHLCD.o
                0x000114dc                FEHLCD::Convert24BitColorTo16Bit(unsigned int)
 .text._ZN6FEHLCD22ConvertRGBColorTo16BitEhhh
                0x0001151c       0x44 Libraries\FEHLCD.o
                0x0001151c                FEHLCD::ConvertRGBColorTo16Bit(unsigned char, unsigned char, unsigned char)
 .text._ZN6FEHLCD5ClearENS_11FEHLCDColorE
                0x00011560       0x28 Libraries\FEHLCD.o
                0x00011560                FEHLCD::Clear(FEHLCD::FEHLCDColor)
 .text._ZN6FEHLCD5ClearEj
                0x00011588       0x2c Libraries\FEHLCD.o
                0x00011588                FEHLCD::Clear(unsigned int)
 .text._ZN6FEHLCD18SetBackgroundColorENS_11FEHLCDColorE
                0x000115b4       0x28 Libraries\FEHLCD.o
                0x000115b4                FEHLCD::SetBackgroundColor(FEHLCD::FEHLCDColor)
 .text._ZN6FEHLCD18SetBackgroundColorEj
                0x000115dc       0x28 Libraries\FEHLCD.o
                0x000115dc                FEHLCD::SetBackgroundColor(unsigned int)
 .text._ZN6FEHLCD12SetFontColorENS_11FEHLCDColorE
                0x00011604       0x28 Libraries\FEHLCD.o
                0x00011604                FEHLCD::SetFontColor(FEHLCD::FEHLCDColor)
 .text._ZN6FEHLCD12SetFontColorEj
                0x0001162c       0x28 Libraries\FEHLCD.o
                0x0001162c                FEHLCD::SetFontColor(unsigned int)
 .text._ZN6FEHLCD7WriteAtEPKcii
                0x00011654       0x58 Libraries\FEHLCD.o
                0x00011654                FEHLCD::WriteAt(char const*, int, int)
 .text._ZN6FEHLCD11TS_SPI_InitEv
                0x000116ac       0xa8 Libraries\FEHLCD.o
                0x000116ac                FEHLCD::TS_SPI_Init()
 .text._ZN6FEHLCD10WriteIndexEh
                0x00011754      0x288 Libraries\FEHLCD.o
                0x00011754                FEHLCD::WriteIndex(unsigned char)
 .text._ZN6FEHLCD14WriteParameterEh
                0x000119dc      0x254 Libraries\FEHLCD.o
                0x000119dc                FEHLCD::WriteParameter(unsigned char)
 .text._ZN6FEHLCD6_ClearEv
                0x00011c30      0x228 Libraries\FEHLCD.o
                0x00011c30                FEHLCD::_Clear()
 .text._ZN6FEHLCD8NextLineEv
                0x00011e58       0x30 Libraries\FEHLCD.o
                0x00011e58                FEHLCD::NextLine()
 .text._ZN6FEHLCD9CheckLineEv
                0x00011e88       0x2c Libraries\FEHLCD.o
                0x00011e88                FEHLCD::CheckLine()
 .text._ZN6FEHLCD9DrawPixelEii
                0x00011eb4       0x30 Libraries\FEHLCD.o
                0x00011eb4                FEHLCD::DrawPixel(int, int)
 .text._ZN6FEHLCD13SetDrawRegionEiiii
                0x00011ee4      0x10c Libraries\FEHLCD.o
                0x00011ee4                FEHLCD::SetDrawRegion(int, int, int, int)
 .text._ZN6FEHLCD11WriteCharAtEiic
                0x00011ff0      0x278 Libraries\FEHLCD.o
                0x00011ff0                FEHLCD::WriteCharAt(int, int, char)
 .text._ZN6FEHLCD11RepeatColorEv
                0x00012268       0xbc Libraries\FEHLCD.o
                0x00012268                FEHLCD::RepeatColor()
 .text._ZN6FEHLCD10_ForePixelEv
                0x00012324      0x160 Libraries\FEHLCD.o
                0x00012324                FEHLCD::_ForePixel()
 .text._ZN6FEHLCD10_BackPixelEv
                0x00012484      0x160 Libraries\FEHLCD.o
                0x00012484                FEHLCD::_BackPixel()
 .text._ZN6FEHLCD22SetRegisterColorValuesEv
                0x000125e4      0x4c0 Libraries\FEHLCD.o
                0x000125e4                FEHLCD::SetRegisterColorValues()
 .text._Z41__static_initialization_and_destruction_0ii
                0x00012aa4       0x30 Libraries\FEHLCD.o
 .text._GLOBAL__sub_I_image
                0x00012ad4       0x14 Libraries\FEHLCD.o
 .text._ZN8FEHAccelC2Ev
                0x00012ae8       0x8c Libraries\FEHAccel.o
                0x00012ae8                FEHAccel::FEHAccel()
                0x00012ae8                FEHAccel::FEHAccel()
 *fill*         0x00012b74        0x4 00
 .text._ZN8FEHAccel1XEv
                0x00012b78       0x78 Libraries\FEHAccel.o
                0x00012b78                FEHAccel::X()
 .text._ZN8FEHAccel1YEv
                0x00012bf0       0x78 Libraries\FEHAccel.o
                0x00012bf0                FEHAccel::Y()
 .text._Z41__static_initialization_and_destruction_0ii
                0x00012c68       0x30 Libraries\FEHAccel.o
 .text._GLOBAL__sub_I_Accel
                0x00012c98       0x14 Libraries\FEHAccel.o
 .text._ZN10FEHBatteryC2EN5FEHIO8FEHIOPinE
                0x00012cac       0x24 Libraries\FEHBattery.o
                0x00012cac                FEHBattery::FEHBattery(FEHIO::FEHIOPin)
                0x00012cac                FEHBattery::FEHBattery(FEHIO::FEHIOPin)
 .text._Z41__static_initialization_and_destruction_0ii
                0x00012cd0       0x34 Libraries\FEHBattery.o
 .text._GLOBAL__sub_I_Battery
                0x00012d04       0x14 Libraries\FEHBattery.o
 .text._ZN7FEHXBeeC2Ev
                0x00012d18       0x20 Drivers\FEHXBee.o
                0x00012d18                FEHXBee::FEHXBee()
                0x00012d18                FEHXBee::FEHXBee()
 .text._ZN7FEHXBee17SetPacketCallBackEPFvPhhE
                0x00012d38       0x20 Drivers\FEHXBee.o
                0x00012d38                FEHXBee::SetPacketCallBack(void (*)(unsigned char*, unsigned char))
 .text._Z9UART0_ISRv
                0x00012d58      0x174 Drivers\FEHXBee.o
                0x00012d58                UART0_ISR()
 .text._ZN6FEHRPSC2Ev
                0x00012ecc       0x88 Libraries\FEHRPS.o
                0x00012ecc                FEHRPS::FEHRPS()
                0x00012ecc                FEHRPS::FEHRPS()
 .text._Z14RPSDataProcessPhh
                0x00012f54      0x164 Libraries\FEHRPS.o
                0x00012f54                RPSDataProcess(unsigned char*, unsigned char)
 .text._Z41__static_initialization_and_destruction_0ii
                0x000130b8       0x30 Libraries\FEHRPS.o
 .text._GLOBAL__sub_I_RPS
                0x000130e8       0x14 Libraries\FEHRPS.o
 .text._ZN5FEHSDC2Ev
                0x000130fc       0x24 Libraries\FEHSD.o
                0x000130fc                FEHSD::FEHSD()
                0x000130fc                FEHSD::FEHSD()
 .text._ZN5FEHSD8CloseLogEv
                0x00013120       0x38 Libraries\FEHSD.o
                0x00013120                FEHSD::CloseLog()
 .text._Z41__static_initialization_and_destruction_0ii
                0x00013158       0x30 Libraries\FEHSD.o
 .text._GLOBAL__sub_I_SD
                0x00013188       0x14 Libraries\FEHSD.o
 .text.sin      0x0001319c       0x90 C:\fehqt\Proteus/EWL/lib/armv7e-m\libm.a(s_sin.o)
                0x0001319c                sin
 *fill*         0x0001322c        0x4 00
 .text.__ieee754_rem_pio2
                0x00013230      0x3f8 C:\fehqt\Proteus/EWL/lib/armv7e-m\libm.a(e_rem_pio2.o)
                0x00013230                __ieee754_rem_pio2
 .text.__kernel_cos
                0x00013628      0x1e0 C:\fehqt\Proteus/EWL/lib/armv7e-m\libm.a(k_cos.o)
                0x00013628                __kernel_cos
 .text.__kernel_rem_pio2
                0x00013808      0x674 C:\fehqt\Proteus/EWL/lib/armv7e-m\libm.a(k_rem_pio2.o)
                0x00013808                __kernel_rem_pio2
 *fill*         0x00013e7c        0x4 00
 .text.__kernel_sin
                0x00013e80      0x180 C:\fehqt\Proteus/EWL/lib/armv7e-m\libm.a(k_sin.o)
                0x00013e80                __kernel_sin
 .text.floor    0x00014000      0x118 C:\fehqt\Proteus/EWL/lib/armv7e-m\libm.a(s_floor.o)
                0x00014000                floor
 .text.scalbn   0x00014118       0x18 C:\fehqt\Proteus/EWL/lib/armv7e-m\libm.a(scalbn.o)
                0x00014118                scalbn
 .text.frexp    0x00014130       0x70 C:\fehqt\Proteus/EWL/lib/armv7e-m\libm.a(s_frexp.o)
                0x00014130                frexp
 .text.ldexp    0x000141a0      0x140 C:\fehqt\Proteus/EWL/lib/armv7e-m\libm.a(s_ldexp.o)
                0x000141a0                ldexp
 .text.__fpclassifyd
                0x000142e0       0x3c C:\fehqt\Proteus/EWL/lib/armv7e-m\libm.a(math_api.o)
                0x000142e0                __fpclassifyd
 .text.exit     0x0001431c       0x38 C:\fehqt\Proteus/EWL/lib/armv7e-m\libc.a(exit.o)
                0x0001431c                exit
 .text.memset   0x00014354        0xc C:\fehqt\Proteus/EWL/lib/armv7e-m\libc.a(memset.o)
                0x00014354                memset
 .text.strlen   0x00014360       0x10 C:\fehqt\Proteus/EWL/lib/armv7e-m\libc.a(strlen.o)
                0x00014360                strlen
 .text.long2str.isra.0
                0x00014370      0x196 C:\fehqt\Proteus/EWL/lib/armv7e-m\libc.a(printformat_.o)
 *fill*         0x00014506        0x2 00
 .text.__pformatter_
                0x00014508      0x3f8 C:\fehqt\Proteus/EWL/lib/armv7e-m\libc.a(printformat_.o)
                0x00014508                __pformatter_
 .text.__sformatter
                0x00014900      0x74e C:\fehqt\Proteus/EWL/lib/armv7e-m\libc.a(scanformat_.o)
                0x00014900                __sformatter
 *fill*         0x0001504e        0x2 00
 .text.isalpha  0x00015050       0x1c C:\fehqt\Proteus/EWL/lib/armv7e-m\libc.a(ctype_aeabi.o)
                0x00015050                isalpha
 .text.isspace  0x0001506c       0x1c C:\fehqt\Proteus/EWL/lib/armv7e-m\libc.a(ctype_aeabi.o)
                0x0001506c                isspace
 .text.toupper  0x00015088        0xc C:\fehqt\Proteus/EWL/lib/armv7e-m\libc.a(ctype_aeabi.o)
                0x00015088                toupper
 .text.__strtoul
                0x00015094      0x1dc C:\fehqt\Proteus/EWL/lib/armv7e-m\libc.a(__strtoul.o)
                0x00015094                __strtoul
 .text.__fill_mem
                0x00015270       0x76 C:\fehqt\Proteus/EWL/lib/armv7e-m\libc.a(__filll_mem.o)
                0x00015270                __fill_mem
 .text.memchr   0x000152e6       0x1a C:\fehqt\Proteus/EWL/lib/armv7e-m\libc.a(memchr.o)
                0x000152e6                memchr
 .text.strchr   0x00015300       0x1c C:\fehqt\Proteus/EWL/lib/armv7e-m\libc.a(strchr.o)
                0x00015300                strchr
 .text.__init_cpp
                0x0001531c       0x4c C:\fehqt\Proteus/EWL/lib/armv7e-m\librt.a(gcc_ctor_dtor.o)
                0x0001531c                __init_cpp
 .text.__fini_cpp
                0x00015368       0x34 C:\fehqt\Proteus/EWL/lib/armv7e-m\librt.a(gcc_ctor_dtor.o)
                0x00015368                __fini_cpp
 .text.__copy_rom_section
                0x0001539c       0x44 C:\fehqt\Proteus/EWL/lib/armv7e-m\librt.a(ROMCopy.o)
                0x0001539c                __copy_rom_section
 .text.__copy_rom_sections_to_ram
                0x000153e0       0x34 C:\fehqt\Proteus/EWL/lib/armv7e-m\librt.a(ROMCopy.o)
                0x000153e0                __copy_rom_sections_to_ram
 .text.__destroy_global_chain
                0x00015414       0x1c C:\fehqt\Proteus/EWL/lib/armv7e-m\librt.a(__arm_eabi_init.o)
                0x00015414                __destroy_global_chain
 .text.__init_registers
                0x00015430       0x20 C:\fehqt\Proteus/EWL/lib/armv7e-m\librt.a(__arm_eabi_init.o)
                0x00015430                __init_registers
 .text.__init_user
                0x00015450        0x4 C:\fehqt\Proteus/EWL/lib/armv7e-m\librt.a(__arm_eabi_init.o)
                0x00015450                __init_user
 *(.rodata)
 .rodata        0x00015454       0x78 Libraries\FEHIO.o
 .rodata        0x000154cc       0x34 Libraries\FEHLCD.o
 *(.rodata*)
 .rodata.K60_SDHC0_init
                0x00015500        0xc Drivers\SDHC.o
                0x00015500                K60_SDHC0_init
 .rodata._ZL21ESDHC_COMMAND_XFERTYP
                0x0001550c      0x100 Drivers\SDHC.o
 .rodata._ZL10ADCNumbers
                0x0001560c       0x24 Libraries\FEHIO.o
 .rodata._ZL16AnalogPinNumbers
                0x00015630       0x84 Libraries\FEHIO.o
 .rodata.npio2_hw
                0x000156b4       0x80 C:\fehqt\Proteus/EWL/lib/armv7e-m\libm.a(e_rem_pio2.o)
 .rodata.two_over_pi
                0x00015734      0x108 C:\fehqt\Proteus/EWL/lib/armv7e-m\libm.a(e_rem_pio2.o)
 .rodata.init_jk
                0x0001583c       0x10 C:\fehqt\Proteus/EWL/lib/armv7e-m\libm.a(k_rem_pio2.o)
 *fill*         0x0001584c        0x4 00
 .rodata.PIo2   0x00015850       0x40 C:\fehqt\Proteus/EWL/lib/armv7e-m\libm.a(k_rem_pio2.o)
 .rodata.str1.1
                0x00015890        0x1 C:\fehqt\Proteus/EWL/lib/armv7e-m\libc.a(printformat_.o)
 .rodata.__aeabi_ctype_table_C
                0x00015891      0x101 C:\fehqt\Proteus/EWL/lib/armv7e-m\libc.a(ctype_aeabi.o)
                0x00015891                __aeabi_ctype_table_C
 *(.glue_7)
 .glue_7        0x00000000        0x0 linker stubs
 *(.glue_7t)
 .glue_7t       0x00000000        0x0 linker stubs
 *(.eh_frame)
 *(.init)
 *(.fini)
                0x00015994                . = ALIGN (0x4)
 *fill*         0x00015992        0x2 00
                0x00015994                _etext = .

.vfp11_veneer   0x00015994        0x0
 .vfp11_veneer  0x00000000        0x0 linker stubs

.v4_bx          0x00015994        0x0
 .v4_bx         0x00000000        0x0 linker stubs

.ARM.extab
 *(.ARM.extab* .gnu.linkonce.armextab.*)

.ARM            0x00015994        0x0
                0x00015994                __exidx_start = .
 *(.ARM.exidx*)
                0x00015994                __exidx_end = .

.ctors          0x00015994        0x0
                0x00015994                __CTOR_LIST__ = .
 *crtbegin.o(.ctors)
 *(EXCLUDE_FILE(*crtend.o) .ctors)
 *(SORT(.ctors.*))
 *(.ctors)
                0x00015994                __CTOR_END__ = .

.dtors          0x00015994        0x0
                0x00015994                __DTOR_LIST__ = .
 *crtbegin.o(.dtors)
 *(EXCLUDE_FILE(*crtend.o) .dtors)
 *(SORT(.dtors.*))
 *(.dtors)
                0x00015994                __DTOR_END__ = .

.preinit_array  0x00015994        0x0
                0x00015994                PROVIDE (__preinit_array_start, .)
 *(.preinit_array*)
                0x00015994                PROVIDE (__preinit_array_end, .)

.init_array     0x00015994       0x1c
                0x00015994                PROVIDE (__init_array_start, .)
 *(SORT(.init_array.*))
 *(.init_array*)
 .init_array    0x00015994        0x4 FEHProteus.o
 .init_array    0x00015998        0x4 Libraries\FEHBuzzer.o
 .init_array    0x0001599c        0x4 Libraries\FEHLCD.o
 .init_array    0x000159a0        0x4 Libraries\FEHAccel.o
 .init_array    0x000159a4        0x4 Libraries\FEHBattery.o
 .init_array    0x000159a8        0x4 Libraries\FEHRPS.o
 .init_array    0x000159ac        0x4 Libraries\FEHSD.o
                0x000159b0                PROVIDE (__init_array_end, .)

.fini_array     0x000159b0        0x0
                0x000159b0                PROVIDE (__fini_array_start, .)
 *(SORT(.fini_array.*))
 *(.fini_array*)
                0x000159b0                PROVIDE (__fini_array_end, .)
                0x000159b0                ___ROM_AT = .

.data           0x1fff0400      0xd1c load address 0x000159b0
                0x1fff0400                . = ALIGN (0x4)
                0x1fff0400                _sdata = .
 *(.data)
 *(.data*)
 .data._ZL4Stat
                0x1fff0400        0x1 Drivers\SDHC.o
 *fill*         0x1fff0401        0x3 00
 .data.image    0x1fff0404      0x750 Libraries\FEHLCD.o
                0x1fff0404                image
 .data.logo     0x1fff0b54      0x3e8 Libraries\FEHLCD.o
                0x1fff0b54                logo
 .data._ZN6FEHLCD8fontDataE
                0x1fff0f3c      0x1e0 Libraries\FEHLCD.o
                0x1fff0f3c                FEHLCD::fontData
                0x1fff111c                . = ALIGN (0x4)
                0x1fff111c                _edata = .
                0x00000d1c                ___data_size = (_edata - _sdata)
                0x000166cc                ___m_data2_ROMStart = (___ROM_AT + SIZEOF (.data))

.user_data2     0x20000000        0x0 load address 0x000166cc
                0x20000000                . = ALIGN (0x4)
                0x20000000                ___m_data2_RAMStart = .
 *(.data2)
                0x20000000                ___m_data2_RAMEnd = .
                0x20000000                . = ALIGN (0x4)
                0x00000000                ___m_data2_ROMSize = (___m_data2_RAMEnd - ___m_data2_RAMStart)
                0x20000000                . = ALIGN (0x4)

.bss            0x1fff111c      0x5b0 load address 0x000166cc
                0x1fff111c                __START_BSS = .
                0x1fff111c                PROVIDE (__bss_start__, __START_BSS)
 *(.bss)
 *(.bss*)
 .bss._ZL4argv  0x1fff111c        0x4 Startup\__arm_start.o
 .bss.MasterTransmission
                0x1fff1120        0x1 Drivers\i2c.o
                0x1fff1120                MasterTransmission
 .bss.SlaveID   0x1fff1121        0x1 Drivers\i2c.o
                0x1fff1121                SlaveID
 *fill*         0x1fff1122        0x2 00
 .bss.SDHC_Card
                0x1fff1124       0x14 Drivers\SDHC.o
                0x1fff1124                SDHC_Card
 .bss.SDHC_Info
                0x1fff1138      0x204 Drivers\SDHC.o
                0x1fff1138                SDHC_Info
 .bss.SDHC_Device
                0x1fff133c        0x8 Drivers\SDHC.o
                0x1fff133c                SDHC_Device
 .bss.Propeller
                0x1fff1344        0x4 FEHProteus.o
                0x1fff1344                Propeller
 .bss.CoreClockKHz
                0x1fff1348        0x4 FEHProteus.o
                0x1fff1348                CoreClockKHz
 .bss.CoreClockMHz
                0x1fff134c        0x4 FEHProteus.o
                0x1fff134c                CoreClockMHz
 .bss.PeripheralClockKHz
                0x1fff1350        0x4 FEHProteus.o
                0x1fff1350                PeripheralClockKHz
 .bss._ZN14AnalogInputPin17Master_Adc_ConfigE
                0x1fff1354       0x10 Libraries\FEHIO.o
                0x1fff1354                AnalogInputPin::Master_Adc_Config
 .bss._ZN14AnalogInputPin18Encoder_Adc_ConfigE
                0x1fff1364       0x10 Libraries\FEHIO.o
                0x1fff1364                AnalogInputPin::Encoder_Adc_Config
 .bss.interrupt_counts
                0x1fff1374       0x80 Libraries\FEHIO.o
                0x1fff1374                interrupt_counts
 .bss._ZN13AnalogEncoder7pinListE
                0x1fff13f4        0x4 Libraries\FEHIO.o
                0x1fff13f4                AnalogEncoder::pinList
 .bss.__interrupt_counter
                0x1fff13f8        0x4 Libraries\FEHIO.o
                0x1fff13f8                __interrupt_counter
 .bss.Buzzer    0x1fff13fc        0x4 Libraries\FEHBuzzer.o
                0x1fff13fc                Buzzer
 .bss.LCD       0x1fff1400       0x44 Libraries\FEHLCD.o
                0x1fff1400                LCD
 .bss.initialized
                0x1fff1444        0x1 Libraries\FEHLCD.o
                0x1fff1444                initialized
 *fill*         0x1fff1445        0x3 00
 .bss.Accel     0x1fff1448        0x4 Libraries\FEHAccel.o
                0x1fff1448                Accel
 .bss.Battery   0x1fff144c        0x4 Libraries\FEHBattery.o
                0x1fff144c                Battery
 .bss.XBeeDataProcess
                0x1fff1450        0x4 Drivers\FEHXBee.o
                0x1fff1450                XBeeDataProcess
 .bss._xbeebuffer
                0x1fff1454       0x10 Drivers\FEHXBee.o
                0x1fff1454                _xbeebuffer
 .bss._xbeebufferindex
                0x1fff1464        0x1 Drivers\FEHXBee.o
                0x1fff1464                _xbeebufferindex
 .bss._xbeestate
                0x1fff1465        0x1 Drivers\FEHXBee.o
                0x1fff1465                _xbeestate
 .bss._xbeebytereceived
                0x1fff1466        0x1 Drivers\FEHXBee.o
                0x1fff1466                _xbeebytereceived
 .bss._xbeebyte
                0x1fff1467        0x1 Drivers\FEHXBee.o
                0x1fff1467                _xbeebyte
 .bss.RPS       0x1fff1468        0x8 Libraries\FEHRPS.o
                0x1fff1468                RPS
 .bss._enabled  0x1fff1470        0x1 Libraries\FEHRPS.o
                0x1fff1470                _enabled
 *fill*         0x1fff1471        0x3 00
 .bss._RPS_x    0x1fff1474        0x4 Libraries\FEHRPS.o
                0x1fff1474                _RPS_x
 .bss._RPS_y    0x1fff1478        0x4 Libraries\FEHRPS.o
                0x1fff1478                _RPS_y
 .bss._RPS_heading
                0x1fff147c        0x4 Libraries\FEHRPS.o
                0x1fff147c                _RPS_heading
 .bss._RPS_objective
                0x1fff1480        0x4 Libraries\FEHRPS.o
                0x1fff1480                _RPS_objective
 .bss._RPS_time
                0x1fff1484        0x1 Libraries\FEHRPS.o
                0x1fff1484                _RPS_time
 .bss._RPS_stop
                0x1fff1485        0x1 Libraries\FEHRPS.o
                0x1fff1485                _RPS_stop
 .bss._RPS_foundpacket
                0x1fff1486        0x1 Libraries\FEHRPS.o
                0x1fff1486                _RPS_foundpacket
 *fill*         0x1fff1487        0x1 00
 .bss.SD        0x1fff1488        0x4 Libraries\FEHSD.o
                0x1fff1488                SD
 .bss.logfil    0x1fff148c      0x228 Libraries\FEHSD.o
                0x1fff148c                logfil
 .bss.__stdio_exit
                0x1fff16b4        0x4 C:\fehqt\Proteus/EWL/lib/armv7e-m\libc.a(exit.o)
                0x1fff16b4                __stdio_exit
 .bss.__console_exit
                0x1fff16b8        0x4 C:\fehqt\Proteus/EWL/lib/armv7e-m\libc.a(exit.o)
                0x1fff16b8                __console_exit
 .bss.__S_romp  0x1fff16bc        0xc C:\fehqt\Proteus/EWL/lib/armv7e-m\librt.a(ROMCopy.o)
 .bss.__global_destructor_chain
                0x1fff16c8        0x4 C:\fehqt\Proteus/EWL/lib/armv7e-m\librt.a(__arm_eabi_init.o)
                0x1fff16c8                __global_destructor_chain
 *(COMMON)
                0x1fff16cc                . = ALIGN (0x4)
                0x1fff16cc                __END_BSS = .
                0x1fff16cc                PROVIDE (__bss_end__, __END_BSS)

._user_heap_stack
                0x1fff16cc     0x1000 load address 0x00016c7c
                0x1fff16cc                . = ALIGN (0x4)
                0x1fff16cc                PROVIDE (end, .)
                0x1fff16cc                PROVIDE (_end, .)
                0x1fff16cc                __heap_addr = .
                0x1fff1ecc                . = (. + __heap_size)
 *fill*         0x1fff16cc      0x800 00
                0x1fff26cc                . = (. + __stack_size)
 *fill*         0x1fff1ecc      0x800 00
                0x1fff26cc                . = ALIGN (0x4)
                0x000166cc                _romp_at = ((___ROM_AT + SIZEOF (.data)) + SIZEOF (.user_data2))

.romp           0x20000000       0x24 load address 0x000166cc
                0x000166cc                __S_romp = _romp_at
                0x20000000        0x4 LONG 0x159b0 ___ROM_AT
                0x20000004        0x4 LONG 0x1fff0400 _sdata
                0x20000008        0x4 LONG 0xd1c ___data_size
                0x2000000c        0x4 LONG 0x166cc ___m_data2_ROMStart
                0x20000010        0x4 LONG 0x20000000 ___m_data2_RAMStart
                0x20000014        0x4 LONG 0x0 ___m_data2_ROMSize
                0x20000018        0x4 LONG 0x0
                0x2000001c        0x4 LONG 0x0
                0x20000020        0x4 LONG 0x0

.ARM.attributes
                0x00000000       0x33
 *(.ARM.attributes)
 .ARM.attributes
                0x00000000       0x33 ..\main.o
 .ARM.attributes
                0x00000033       0x33 Startup\__arm_start.o
 .ARM.attributes
                0x00000066       0x33 Startup\__arm_end.o
 .ARM.attributes
                0x00000099       0x33 Startup\kinetis_sysinit.o
 .ARM.attributes
                0x000000cc       0x33 Drivers\i2c.o
 .ARM.attributes
                0x000000ff       0x33 Drivers\spi.o
 .ARM.attributes
                0x00000132       0x33 Drivers\uart.o
 .ARM.attributes
                0x00000165       0x33 Drivers\ff.o
 .ARM.attributes
                0x00000198       0x33 Drivers\SDHC.o
 .ARM.attributes
                0x000001cb       0x33 Drivers\lptmr.o
 .ARM.attributes
                0x000001fe       0x33 FEHProteus.o
 .ARM.attributes
                0x00000231       0x33 Drivers\FEHPropeller.o
 .ARM.attributes
                0x00000264       0x33 Libraries\FEHUtility.o
 .ARM.attributes
                0x00000297       0x33 Libraries\FEHIO.o
 .ARM.attributes
                0x000002ca       0x33 Drivers\adc16.o
 .ARM.attributes
                0x000002fd       0x33 Libraries\FEHBuzzer.o
 .ARM.attributes
                0x00000330       0x33 Libraries\FEHLCD.o
 .ARM.attributes
                0x00000363       0x33 Libraries\FEHAccel.o
 .ARM.attributes
                0x00000396       0x33 Libraries\FEHBattery.o
 .ARM.attributes
                0x000003c9       0x33 Drivers\FEHXBee.o
 .ARM.attributes
                0x000003fc       0x33 Libraries\FEHRPS.o
 .ARM.attributes
                0x0000042f       0x33 Libraries\FEHSD.o
 .ARM.attributes
                0x00000462       0x33 C:\fehqt\Proteus/EWL/lib/armv7e-m\libm.a(s_sin.o)
 .ARM.attributes
                0x00000495       0x33 C:\fehqt\Proteus/EWL/lib/armv7e-m\libm.a(e_rem_pio2.o)
 .ARM.attributes
                0x000004c8       0x33 C:\fehqt\Proteus/EWL/lib/armv7e-m\libm.a(k_cos.o)
 .ARM.attributes
                0x000004fb       0x33 C:\fehqt\Proteus/EWL/lib/armv7e-m\libm.a(k_rem_pio2.o)
 .ARM.attributes
                0x0000052e       0x33 C:\fehqt\Proteus/EWL/lib/armv7e-m\libm.a(k_sin.o)
 .ARM.attributes
                0x00000561       0x33 C:\fehqt\Proteus/EWL/lib/armv7e-m\libm.a(s_floor.o)
 .ARM.attributes
                0x00000594       0x33 C:\fehqt\Proteus/EWL/lib/armv7e-m\libm.a(scalbn.o)
 .ARM.attributes
                0x000005c7       0x33 C:\fehqt\Proteus/EWL/lib/armv7e-m\libm.a(s_frexp.o)
 .ARM.attributes
                0x000005fa       0x33 C:\fehqt\Proteus/EWL/lib/armv7e-m\libm.a(s_ldexp.o)
 .ARM.attributes
                0x0000062d       0x33 C:\fehqt\Proteus/EWL/lib/armv7e-m\libm.a(math_api.o)
 .ARM.attributes
                0x00000660       0x33 C:\fehqt\Proteus/EWL/lib/armv7e-m\libc.a(exit.o)
 .ARM.attributes
                0x00000693       0x33 C:\fehqt\Proteus/EWL/lib/armv7e-m\libc.a(memset.o)
 .ARM.attributes
                0x000006c6       0x33 C:\fehqt\Proteus/EWL/lib/armv7e-m\libc.a(strlen.o)
 .ARM.attributes
                0x000006f9       0x33 C:\fehqt\Proteus/EWL/lib/armv7e-m\libc.a(printformat_.o)
 .ARM.attributes
                0x0000072c       0x33 C:\fehqt\Proteus/EWL/lib/armv7e-m\libc.a(scanformat_.o)
 .ARM.attributes
                0x0000075f       0x33 C:\fehqt\Proteus/EWL/lib/armv7e-m\libc.a(ctype_aeabi.o)
 .ARM.attributes
                0x00000792       0x33 C:\fehqt\Proteus/EWL/lib/armv7e-m\libc.a(__strtoul.o)
 .ARM.attributes
                0x000007c5       0x33 C:\fehqt\Proteus/EWL/lib/armv7e-m\libc.a(__filll_mem.o)
 .ARM.attributes
                0x000007f8       0x33 C:\fehqt\Proteus/EWL/lib/armv7e-m\libc.a(memchr.o)
 .ARM.attributes
                0x0000082b       0x33 C:\fehqt\Proteus/EWL/lib/armv7e-m\libc.a(strchr.o)
 .ARM.attributes
                0x0000085e       0x1e c:/fehqt/proteus/gcc/bin/../lib/gcc/arm-none-eabi/4.6.2/armv7e-m\libgcc.a(_arm_addsubdf3.o)
 .ARM.attributes
                0x0000087c       0x1e c:/fehqt/proteus/gcc/bin/../lib/gcc/arm-none-eabi/4.6.2/armv7e-m\libgcc.a(_arm_muldivdf3.o)
 .ARM.attributes
                0x0000089a       0x1e c:/fehqt/proteus/gcc/bin/../lib/gcc/arm-none-eabi/4.6.2/armv7e-m\libgcc.a(_arm_cmpdf2.o)
 .ARM.attributes
                0x000008b8       0x1e c:/fehqt/proteus/gcc/bin/../lib/gcc/arm-none-eabi/4.6.2/armv7e-m\libgcc.a(_arm_fixdfsi.o)
 .ARM.attributes
                0x000008d6       0x1e c:/fehqt/proteus/gcc/bin/../lib/gcc/arm-none-eabi/4.6.2/armv7e-m\libgcc.a(_arm_fixunsdfsi.o)
 .ARM.attributes
                0x000008f4       0x1e c:/fehqt/proteus/gcc/bin/../lib/gcc/arm-none-eabi/4.6.2/armv7e-m\libgcc.a(_arm_truncdfsf2.o)
 .ARM.attributes
                0x00000912       0x1e c:/fehqt/proteus/gcc/bin/../lib/gcc/arm-none-eabi/4.6.2/armv7e-m\libgcc.a(_arm_addsubsf3.o)
 .ARM.attributes
                0x00000930       0x1e c:/fehqt/proteus/gcc/bin/../lib/gcc/arm-none-eabi/4.6.2/armv7e-m\libgcc.a(_arm_muldivsf3.o)
 .ARM.attributes
                0x0000094e       0x33 C:\fehqt\Proteus/EWL/lib/armv7e-m\librt.a(gcc_ctor_dtor.o)
 .ARM.attributes
                0x00000981       0x33 C:\fehqt\Proteus/EWL/lib/armv7e-m\librt.a(ROMCopy.o)
 .ARM.attributes
                0x000009b4       0x33 C:\fehqt\Proteus/EWL/lib/armv7e-m\librt.a(__arm_eabi_init.o)
OUTPUT(../gyroDemo.elf elf32-littlearm)

.debug_info     0x00000000    0x138d9
 .debug_info    0x00000000      0xe73 ..\main.o
 .debug_info    0x00000e73     0x12c5 Startup\__arm_start.o
 .debug_info    0x00002138       0x58 Startup\__arm_end.o
 .debug_info    0x00002190      0x57d Startup\kinetis_sysinit.o
 .debug_info    0x0000270d      0x250 Drivers\i2c.o
 .debug_info    0x0000295d      0x6cf Drivers\spi.o
 .debug_info    0x0000302c      0x59c Drivers\uart.o
 .debug_info    0x000035c8     0x1da0 Drivers\ff.o
 .debug_info    0x00005368      0xf1d Drivers\SDHC.o
 .debug_info    0x00006285      0x2de Drivers\lptmr.o
 .debug_info    0x00006563      0x1a7 FEHProteus.o
 .debug_info    0x0000670a      0x722 Drivers\FEHPropeller.o
 .debug_info    0x00006e2c      0x36c Libraries\FEHUtility.o
 .debug_info    0x00007198     0x1c6a Libraries\FEHIO.o
 .debug_info    0x00008e02      0x4ab Drivers\adc16.o
 .debug_info    0x000092ad      0xa42 Libraries\FEHBuzzer.o
 .debug_info    0x00009cef     0x2c25 Libraries\FEHLCD.o
 .debug_info    0x0000c914      0x26a Libraries\FEHAccel.o
 .debug_info    0x0000cb7e      0x3a9 Libraries\FEHBattery.o
 .debug_info    0x0000cf27      0xac3 Drivers\FEHXBee.o
 .debug_info    0x0000d9ea     0x1ac6 Libraries\FEHRPS.o
 .debug_info    0x0000f4b0     0x1242 Libraries\FEHSD.o
 .debug_info    0x000106f2      0x19d C:\fehqt\Proteus/EWL/lib/armv7e-m\libm.a(s_sin.o)
 .debug_info    0x0001088f      0x345 C:\fehqt\Proteus/EWL/lib/armv7e-m\libm.a(e_rem_pio2.o)
 .debug_info    0x00010bd4      0x235 C:\fehqt\Proteus/EWL/lib/armv7e-m\libm.a(k_cos.o)
 .debug_info    0x00010e09      0x31b C:\fehqt\Proteus/EWL/lib/armv7e-m\libm.a(k_rem_pio2.o)
 .debug_info    0x00011124      0x22a C:\fehqt\Proteus/EWL/lib/armv7e-m\libm.a(k_sin.o)
 .debug_info    0x0001134e      0x1b1 C:\fehqt\Proteus/EWL/lib/armv7e-m\libm.a(s_floor.o)
 .debug_info    0x000114ff       0xfa C:\fehqt\Proteus/EWL/lib/armv7e-m\libm.a(scalbn.o)
 .debug_info    0x000115f9      0x1a9 C:\fehqt\Proteus/EWL/lib/armv7e-m\libm.a(s_frexp.o)
 .debug_info    0x000117a2      0x1ea C:\fehqt\Proteus/EWL/lib/armv7e-m\libm.a(s_ldexp.o)
 .debug_info    0x0001198c      0x32c C:\fehqt\Proteus/EWL/lib/armv7e-m\libm.a(math_api.o)
 .debug_info    0x00011cb8      0x103 C:\fehqt\Proteus/EWL/lib/armv7e-m\libc.a(exit.o)
 .debug_info    0x00011dbb       0xf4 C:\fehqt\Proteus/EWL/lib/armv7e-m\libc.a(memset.o)
 .debug_info    0x00011eaf       0xf3 C:\fehqt\Proteus/EWL/lib/armv7e-m\libc.a(strlen.o)
 .debug_info    0x00011fa2      0x512 C:\fehqt\Proteus/EWL/lib/armv7e-m\libc.a(printformat_.o)
 .debug_info    0x000124b4      0x564 C:\fehqt\Proteus/EWL/lib/armv7e-m\libc.a(scanformat_.o)
 .debug_info    0x00012a18      0x32a C:\fehqt\Proteus/EWL/lib/armv7e-m\libc.a(ctype_aeabi.o)
 .debug_info    0x00012d42      0x1d7 C:\fehqt\Proteus/EWL/lib/armv7e-m\libc.a(__strtoul.o)
 .debug_info    0x00012f19      0x13d C:\fehqt\Proteus/EWL/lib/armv7e-m\libc.a(__filll_mem.o)
 .debug_info    0x00013056      0x129 C:\fehqt\Proteus/EWL/lib/armv7e-m\libc.a(memchr.o)
 .debug_info    0x0001317f      0x110 C:\fehqt\Proteus/EWL/lib/armv7e-m\libc.a(strchr.o)
 .debug_info    0x0001328f      0x1c0 C:\fehqt\Proteus/EWL/lib/armv7e-m\librt.a(gcc_ctor_dtor.o)
 .debug_info    0x0001344f      0x1b8 C:\fehqt\Proteus/EWL/lib/armv7e-m\librt.a(ROMCopy.o)
 .debug_info    0x00013607      0x2d2 C:\fehqt\Proteus/EWL/lib/armv7e-m\librt.a(__arm_eabi_init.o)

.debug_abbrev   0x00000000     0x3f5c
 .debug_abbrev  0x00000000      0x2ae ..\main.o
 .debug_abbrev  0x000002ae      0x28f Startup\__arm_start.o
 .debug_abbrev  0x0000053d       0x45 Startup\__arm_end.o
 .debug_abbrev  0x00000582      0x18a Startup\kinetis_sysinit.o
 .debug_abbrev  0x0000070c       0xfc Drivers\i2c.o
 .debug_abbrev  0x00000808      0x18b Drivers\spi.o
 .debug_abbrev  0x00000993      0x15f Drivers\uart.o
 .debug_abbrev  0x00000af2      0x18f Drivers\ff.o
 .debug_abbrev  0x00000c81      0x223 Drivers\SDHC.o
 .debug_abbrev  0x00000ea4       0xd2 Drivers\lptmr.o
 .debug_abbrev  0x00000f76      0x101 FEHProteus.o
 .debug_abbrev  0x00001077      0x1c6 Drivers\FEHPropeller.o
 .debug_abbrev  0x0000123d      0x154 Libraries\FEHUtility.o
 .debug_abbrev  0x00001391      0x448 Libraries\FEHIO.o
 .debug_abbrev  0x000017d9      0x12a Drivers\adc16.o
 .debug_abbrev  0x00001903      0x1da Libraries\FEHBuzzer.o
 .debug_abbrev  0x00001add      0x38c Libraries\FEHLCD.o
 .debug_abbrev  0x00001e69      0x13b Libraries\FEHAccel.o
 .debug_abbrev  0x00001fa4      0x1cb Libraries\FEHBattery.o
 .debug_abbrev  0x0000216f      0x231 Drivers\FEHXBee.o
 .debug_abbrev  0x000023a0      0x37f Libraries\FEHRPS.o
 .debug_abbrev  0x0000271f      0x33a Libraries\FEHSD.o
 .debug_abbrev  0x00002a59       0xd9 C:\fehqt\Proteus/EWL/lib/armv7e-m\libm.a(s_sin.o)
 .debug_abbrev  0x00002b32      0x100 C:\fehqt\Proteus/EWL/lib/armv7e-m\libm.a(e_rem_pio2.o)
 .debug_abbrev  0x00002c32       0xd0 C:\fehqt\Proteus/EWL/lib/armv7e-m\libm.a(k_cos.o)
 .debug_abbrev  0x00002d02       0xf7 C:\fehqt\Proteus/EWL/lib/armv7e-m\libm.a(k_rem_pio2.o)
 .debug_abbrev  0x00002df9       0xee C:\fehqt\Proteus/EWL/lib/armv7e-m\libm.a(k_sin.o)
 .debug_abbrev  0x00002ee7       0xc3 C:\fehqt\Proteus/EWL/lib/armv7e-m\libm.a(s_floor.o)
 .debug_abbrev  0x00002faa       0x88 C:\fehqt\Proteus/EWL/lib/armv7e-m\libm.a(scalbn.o)
 .debug_abbrev  0x00003032       0xd2 C:\fehqt\Proteus/EWL/lib/armv7e-m\libm.a(s_frexp.o)
 .debug_abbrev  0x00003104       0xd2 C:\fehqt\Proteus/EWL/lib/armv7e-m\libm.a(s_ldexp.o)
 .debug_abbrev  0x000031d6      0x136 C:\fehqt\Proteus/EWL/lib/armv7e-m\libm.a(math_api.o)
 .debug_abbrev  0x0000330c       0x8f C:\fehqt\Proteus/EWL/lib/armv7e-m\libc.a(exit.o)
 .debug_abbrev  0x0000339b       0x66 C:\fehqt\Proteus/EWL/lib/armv7e-m\libc.a(memset.o)
 .debug_abbrev  0x00003401       0x7e C:\fehqt\Proteus/EWL/lib/armv7e-m\libc.a(strlen.o)
 .debug_abbrev  0x0000347f      0x204 C:\fehqt\Proteus/EWL/lib/armv7e-m\libc.a(printformat_.o)
 .debug_abbrev  0x00003683      0x1fb C:\fehqt\Proteus/EWL/lib/armv7e-m\libc.a(scanformat_.o)
 .debug_abbrev  0x0000387e       0x9a C:\fehqt\Proteus/EWL/lib/armv7e-m\libc.a(ctype_aeabi.o)
 .debug_abbrev  0x00003918       0xc6 C:\fehqt\Proteus/EWL/lib/armv7e-m\libc.a(__strtoul.o)
 .debug_abbrev  0x000039de       0x8b C:\fehqt\Proteus/EWL/lib/armv7e-m\libc.a(__filll_mem.o)
 .debug_abbrev  0x00003a69       0x99 C:\fehqt\Proteus/EWL/lib/armv7e-m\libc.a(memchr.o)
 .debug_abbrev  0x00003b02       0x8d C:\fehqt\Proteus/EWL/lib/armv7e-m\libc.a(strchr.o)
 .debug_abbrev  0x00003b8f       0x9d C:\fehqt\Proteus/EWL/lib/armv7e-m\librt.a(gcc_ctor_dtor.o)
 .debug_abbrev  0x00003c2c      0x160 C:\fehqt\Proteus/EWL/lib/armv7e-m\librt.a(ROMCopy.o)
 .debug_abbrev  0x00003d8c      0x1d0 C:\fehqt\Proteus/EWL/lib/armv7e-m\librt.a(__arm_eabi_init.o)

.debug_loc      0x00000000     0x7398
 .debug_loc     0x00000000      0x1fa ..\main.o
 .debug_loc     0x000001fa       0xb0 Startup\__arm_start.o
 .debug_loc     0x000002aa       0x38 Startup\__arm_end.o
 .debug_loc     0x000002e2       0x84 Startup\kinetis_sysinit.o
 .debug_loc     0x00000366       0xe0 Drivers\i2c.o
 .debug_loc     0x00000446      0x19c Drivers\spi.o
 .debug_loc     0x000005e2       0xe0 Drivers\uart.o
 .debug_loc     0x000006c2      0xa96 Drivers\ff.o
 .debug_loc     0x00001158      0x370 Drivers\SDHC.o
 .debug_loc     0x000014c8       0x38 Drivers\lptmr.o
 .debug_loc     0x00001500       0x64 FEHProteus.o
 .debug_loc     0x00001564      0x118 Drivers\FEHPropeller.o
 .debug_loc     0x0000167c      0x1a8 Libraries\FEHUtility.o
 .debug_loc     0x00001824      0x8d6 Libraries\FEHIO.o
 .debug_loc     0x000020fa       0xa8 Drivers\adc16.o
 .debug_loc     0x000021a2      0x304 Libraries\FEHBuzzer.o
 .debug_loc     0x000024a6     0x1147 Libraries\FEHLCD.o
 .debug_loc     0x000035ed      0x144 Libraries\FEHAccel.o
 .debug_loc     0x00003731       0xd4 Libraries\FEHBattery.o
 .debug_loc     0x00003805      0x1c0 Drivers\FEHXBee.o
 .debug_loc     0x000039c5      0x420 Libraries\FEHRPS.o
 .debug_loc     0x00003de5      0x188 Libraries\FEHSD.o
 .debug_loc     0x00003f6d       0xee C:\fehqt\Proteus/EWL/lib/armv7e-m\libm.a(s_sin.o)
 .debug_loc     0x0000405b      0x2ae C:\fehqt\Proteus/EWL/lib/armv7e-m\libm.a(e_rem_pio2.o)
 .debug_loc     0x00004309       0xff C:\fehqt\Proteus/EWL/lib/armv7e-m\libm.a(k_cos.o)
 .debug_loc     0x00004408      0x5da C:\fehqt\Proteus/EWL/lib/armv7e-m\libm.a(k_rem_pio2.o)
 .debug_loc     0x000049e2       0xbc C:\fehqt\Proteus/EWL/lib/armv7e-m\libm.a(k_sin.o)
 .debug_loc     0x00004a9e      0x108 C:\fehqt\Proteus/EWL/lib/armv7e-m\libm.a(s_floor.o)
 .debug_loc     0x00004ba6       0x6e C:\fehqt\Proteus/EWL/lib/armv7e-m\libm.a(scalbn.o)
 .debug_loc     0x00004c14       0xb7 C:\fehqt\Proteus/EWL/lib/armv7e-m\libm.a(s_frexp.o)
 .debug_loc     0x00004ccb      0x130 C:\fehqt\Proteus/EWL/lib/armv7e-m\libm.a(s_ldexp.o)
 .debug_loc     0x00004dfb      0x27c C:\fehqt\Proteus/EWL/lib/armv7e-m\libm.a(math_api.o)
 .debug_loc     0x00005077       0x3e C:\fehqt\Proteus/EWL/lib/armv7e-m\libc.a(exit.o)
 .debug_loc     0x000050b5       0x64 C:\fehqt\Proteus/EWL/lib/armv7e-m\libc.a(memset.o)
 .debug_loc     0x00005119       0x31 C:\fehqt\Proteus/EWL/lib/armv7e-m\libc.a(strlen.o)
 .debug_loc     0x0000514a     0x106f C:\fehqt\Proteus/EWL/lib/armv7e-m\libc.a(printformat_.o)
 .debug_loc     0x000061b9      0x8cb C:\fehqt\Proteus/EWL/lib/armv7e-m\libc.a(scanformat_.o)
 .debug_loc     0x00006a84      0x18e C:\fehqt\Proteus/EWL/lib/armv7e-m\libc.a(ctype_aeabi.o)
 .debug_loc     0x00006c12      0x2ad C:\fehqt\Proteus/EWL/lib/armv7e-m\libc.a(__strtoul.o)
 .debug_loc     0x00006ebf      0x12c C:\fehqt\Proteus/EWL/lib/armv7e-m\libc.a(__filll_mem.o)
 .debug_loc     0x00006feb       0x82 C:\fehqt\Proteus/EWL/lib/armv7e-m\libc.a(memchr.o)
 .debug_loc     0x0000706d       0x78 C:\fehqt\Proteus/EWL/lib/armv7e-m\libc.a(strchr.o)
 .debug_loc     0x000070e5       0xbe C:\fehqt\Proteus/EWL/lib/armv7e-m\librt.a(gcc_ctor_dtor.o)
 .debug_loc     0x000071a3       0x9b C:\fehqt\Proteus/EWL/lib/armv7e-m\librt.a(ROMCopy.o)
 .debug_loc     0x0000723e      0x15a C:\fehqt\Proteus/EWL/lib/armv7e-m\librt.a(__arm_eabi_init.o)

.debug_aranges  0x00000000      0xf30
 .debug_aranges
                0x00000000       0x60 ..\main.o
 .debug_aranges
                0x00000060       0x48 Startup\__arm_start.o
 .debug_aranges
                0x000000a8       0x20 Startup\__arm_end.o
 .debug_aranges
                0x000000c8       0x30 Startup\kinetis_sysinit.o
 .debug_aranges
                0x000000f8       0x38 Drivers\i2c.o
 .debug_aranges
                0x00000130       0x58 Drivers\spi.o
 .debug_aranges
                0x00000188       0x38 Drivers\uart.o
 .debug_aranges
                0x000001c0      0x198 Drivers\ff.o
 .debug_aranges
                0x00000358       0x98 Drivers\SDHC.o
 .debug_aranges
                0x000003f0       0x20 Drivers\lptmr.o
 .debug_aranges
                0x00000410       0x28 FEHProteus.o
 .debug_aranges
                0x00000438       0x40 Drivers\FEHPropeller.o
 .debug_aranges
                0x00000478       0x58 Libraries\FEHUtility.o
 .debug_aranges
                0x000004d0      0x160 Libraries\FEHIO.o
 .debug_aranges
                0x00000630       0x30 Drivers\adc16.o
 .debug_aranges
                0x00000660       0x88 Libraries\FEHBuzzer.o
 .debug_aranges
                0x000006e8      0x290 Libraries\FEHLCD.o
 .debug_aranges
                0x00000978       0x48 Libraries\FEHAccel.o
 .debug_aranges
                0x000009c0       0x38 Libraries\FEHBattery.o
 .debug_aranges
                0x000009f8       0x58 Drivers\FEHXBee.o
 .debug_aranges
                0x00000a50       0xb0 Libraries\FEHRPS.o
 .debug_aranges
                0x00000b00       0x50 Libraries\FEHSD.o
 .debug_aranges
                0x00000b50       0x20 C:\fehqt\Proteus/EWL/lib/armv7e-m\libm.a(s_sin.o)
 .debug_aranges
                0x00000b70       0x20 C:\fehqt\Proteus/EWL/lib/armv7e-m\libm.a(e_rem_pio2.o)
 .debug_aranges
                0x00000b90       0x20 C:\fehqt\Proteus/EWL/lib/armv7e-m\libm.a(k_cos.o)
 .debug_aranges
                0x00000bb0       0x20 C:\fehqt\Proteus/EWL/lib/armv7e-m\libm.a(k_rem_pio2.o)
 .debug_aranges
                0x00000bd0       0x20 C:\fehqt\Proteus/EWL/lib/armv7e-m\libm.a(k_sin.o)
 .debug_aranges
                0x00000bf0       0x20 C:\fehqt\Proteus/EWL/lib/armv7e-m\libm.a(s_floor.o)
 .debug_aranges
                0x00000c10       0x20 C:\fehqt\Proteus/EWL/lib/armv7e-m\libm.a(scalbn.o)
 .debug_aranges
                0x00000c30       0x20 C:\fehqt\Proteus/EWL/lib/armv7e-m\libm.a(s_frexp.o)
 .debug_aranges
                0x00000c50       0x20 C:\fehqt\Proteus/EWL/lib/armv7e-m\libm.a(s_ldexp.o)
 .debug_aranges
                0x00000c70       0x60 C:\fehqt\Proteus/EWL/lib/armv7e-m\libm.a(math_api.o)
 .debug_aranges
                0x00000cd0       0x20 C:\fehqt\Proteus/EWL/lib/armv7e-m\libc.a(exit.o)
 .debug_aranges
                0x00000cf0       0x20 C:\fehqt\Proteus/EWL/lib/armv7e-m\libc.a(memset.o)
 .debug_aranges
                0x00000d10       0x20 C:\fehqt\Proteus/EWL/lib/armv7e-m\libc.a(strlen.o)
 .debug_aranges
                0x00000d30       0x28 C:\fehqt\Proteus/EWL/lib/armv7e-m\libc.a(printformat_.o)
 .debug_aranges
                0x00000d58       0x20 C:\fehqt\Proteus/EWL/lib/armv7e-m\libc.a(scanformat_.o)
 .debug_aranges
                0x00000d78       0x88 C:\fehqt\Proteus/EWL/lib/armv7e-m\libc.a(ctype_aeabi.o)
 .debug_aranges
                0x00000e00       0x20 C:\fehqt\Proteus/EWL/lib/armv7e-m\libc.a(__strtoul.o)
 .debug_aranges
                0x00000e20       0x20 C:\fehqt\Proteus/EWL/lib/armv7e-m\libc.a(__filll_mem.o)
 .debug_aranges
                0x00000e40       0x20 C:\fehqt\Proteus/EWL/lib/armv7e-m\libc.a(memchr.o)
 .debug_aranges
                0x00000e60       0x20 C:\fehqt\Proteus/EWL/lib/armv7e-m\libc.a(strchr.o)
 .debug_aranges
                0x00000e80       0x28 C:\fehqt\Proteus/EWL/lib/armv7e-m\librt.a(gcc_ctor_dtor.o)
 .debug_aranges
                0x00000ea8       0x30 C:\fehqt\Proteus/EWL/lib/armv7e-m\librt.a(ROMCopy.o)
 .debug_aranges
                0x00000ed8       0x58 C:\fehqt\Proteus/EWL/lib/armv7e-m\librt.a(__arm_eabi_init.o)

.debug_line     0x00000000     0x7c97
 .debug_line    0x00000000      0x392 ..\main.o
 .debug_line    0x00000392      0x3ad Startup\__arm_start.o
 .debug_line    0x0000073f      0x21a Startup\__arm_end.o
 .debug_line    0x00000959      0x283 Startup\kinetis_sysinit.o
 .debug_line    0x00000bdc      0x2ad Drivers\i2c.o
 .debug_line    0x00000e89      0x295 Drivers\spi.o
 .debug_line    0x0000111e      0x212 Drivers\uart.o
 .debug_line    0x00001330     0x1114 Drivers\ff.o
 .debug_line    0x00002444      0x678 Drivers\SDHC.o
 .debug_line    0x00002abc      0x1c0 Drivers\lptmr.o
 .debug_line    0x00002c7c      0x1da FEHProteus.o
 .debug_line    0x00002e56      0x264 Drivers\FEHPropeller.o
 .debug_line    0x000030ba      0x282 Libraries\FEHUtility.o
 .debug_line    0x0000333c      0x6ee Libraries\FEHIO.o
 .debug_line    0x00003a2a      0x20f Drivers\adc16.o
 .debug_line    0x00003c39      0x2df Libraries\FEHBuzzer.o
 .debug_line    0x00003f18     0x1151 Libraries\FEHLCD.o
 .debug_line    0x00005069      0x23f Libraries\FEHAccel.o
 .debug_line    0x000052a8      0x218 Libraries\FEHBattery.o
 .debug_line    0x000054c0      0x349 Drivers\FEHXBee.o
 .debug_line    0x00005809      0x74a Libraries\FEHRPS.o
 .debug_line    0x00005f53      0x334 Libraries\FEHSD.o
 .debug_line    0x00006287       0xc4 C:\fehqt\Proteus/EWL/lib/armv7e-m\libm.a(s_sin.o)
 .debug_line    0x0000634b      0x124 C:\fehqt\Proteus/EWL/lib/armv7e-m\libm.a(e_rem_pio2.o)
 .debug_line    0x0000646f       0xbf C:\fehqt\Proteus/EWL/lib/armv7e-m\libm.a(k_cos.o)
 .debug_line    0x0000652e      0x341 C:\fehqt\Proteus/EWL/lib/armv7e-m\libm.a(k_rem_pio2.o)
 .debug_line    0x0000686f       0xb6 C:\fehqt\Proteus/EWL/lib/armv7e-m\libm.a(k_sin.o)
 .debug_line    0x00006925       0xd0 C:\fehqt\Proteus/EWL/lib/armv7e-m\libm.a(s_floor.o)
 .debug_line    0x000069f5       0x75 C:\fehqt\Proteus/EWL/lib/armv7e-m\libm.a(scalbn.o)
 .debug_line    0x00006a6a       0xc1 C:\fehqt\Proteus/EWL/lib/armv7e-m\libm.a(s_frexp.o)
 .debug_line    0x00006b2b       0xcc C:\fehqt\Proteus/EWL/lib/armv7e-m\libm.a(s_ldexp.o)
 .debug_line    0x00006bf7      0x178 C:\fehqt\Proteus/EWL/lib/armv7e-m\libm.a(math_api.o)
 .debug_line    0x00006d6f       0x94 C:\fehqt\Proteus/EWL/lib/armv7e-m\libc.a(exit.o)
 .debug_line    0x00006e03       0x8f C:\fehqt\Proteus/EWL/lib/armv7e-m\libc.a(memset.o)
 .debug_line    0x00006e92       0x89 C:\fehqt\Proteus/EWL/lib/armv7e-m\libc.a(strlen.o)
 .debug_line    0x00006f1b      0x2c6 C:\fehqt\Proteus/EWL/lib/armv7e-m\libc.a(printformat_.o)
 .debug_line    0x000071e1      0x2e3 C:\fehqt\Proteus/EWL/lib/armv7e-m\libc.a(scanformat_.o)
 .debug_line    0x000074c4      0x1dd C:\fehqt\Proteus/EWL/lib/armv7e-m\libc.a(ctype_aeabi.o)
 .debug_line    0x000076a1      0x141 C:\fehqt\Proteus/EWL/lib/armv7e-m\libc.a(__strtoul.o)
 .debug_line    0x000077e2      0x121 C:\fehqt\Proteus/EWL/lib/armv7e-m\libc.a(__filll_mem.o)
 .debug_line    0x00007903       0xa3 C:\fehqt\Proteus/EWL/lib/armv7e-m\libc.a(memchr.o)
 .debug_line    0x000079a6       0x84 C:\fehqt\Proteus/EWL/lib/armv7e-m\libc.a(strchr.o)
 .debug_line    0x00007a2a       0x94 C:\fehqt\Proteus/EWL/lib/armv7e-m\librt.a(gcc_ctor_dtor.o)
 .debug_line    0x00007abe       0xc0 C:\fehqt\Proteus/EWL/lib/armv7e-m\librt.a(ROMCopy.o)
 .debug_line    0x00007b7e      0x119 C:\fehqt\Proteus/EWL/lib/armv7e-m\librt.a(__arm_eabi_init.o)

.debug_macinfo  0x00000000   0x7d596c
 .debug_macinfo
                0x00000000    0x66247 ..\main.o
 .debug_macinfo
                0x00066247    0x647fb Startup\__arm_start.o
 .debug_macinfo
                0x000caa42     0x3464 Startup\__arm_end.o
 .debug_macinfo
                0x000cdea6    0x64cce Startup\kinetis_sysinit.o
 .debug_macinfo
                0x00132b74    0x6318f Drivers\i2c.o
 .debug_macinfo
                0x00195d03    0x62fd6 Drivers\spi.o
 .debug_macinfo
                0x001f8cd9    0x62fc7 Drivers\uart.o
 .debug_macinfo
                0x0025bca0     0x4396 Drivers\ff.o
 .debug_macinfo
                0x00260036    0x6452b Drivers\SDHC.o
 .debug_macinfo
                0x002c4561    0x63036 Drivers\lptmr.o
 .debug_macinfo
                0x00327597    0x62fdc FEHProteus.o
 .debug_macinfo
                0x0038a573    0x63085 Drivers\FEHPropeller.o
 .debug_macinfo
                0x003ed5f8    0x62ff1 Libraries\FEHUtility.o
 .debug_macinfo
                0x004505e9    0x64348 Libraries\FEHIO.o
 .debug_macinfo
                0x004b4931    0x63678 Drivers\adc16.o
 .debug_macinfo
                0x00517fa9    0x6301e Libraries\FEHBuzzer.o
 .debug_macinfo
                0x0057afc7    0x649ab Libraries\FEHLCD.o
 .debug_macinfo
                0x005df972    0x631be Libraries\FEHAccel.o
 .debug_macinfo
                0x00642b30    0x636a3 Libraries\FEHBattery.o
 .debug_macinfo
                0x006a61d3    0x63d5d Drivers\FEHXBee.o
 .debug_macinfo
                0x00709f30    0x661ab Libraries\FEHRPS.o
 .debug_macinfo
                0x007700db    0x65891 Libraries\FEHSD.o

.debug_str      0x00000000     0x4c31
 .debug_str     0x00000000      0xbca ..\main.o
                                0xc41 (size before relaxing)
 .debug_str     0x00000bca      0x398 Startup\__arm_start.o
                                0xe67 (size before relaxing)
 .debug_str     0x00000f62       0x23 Startup\__arm_end.o
                                 0xbb (size before relaxing)
 .debug_str     0x00000f85      0x1df Startup\kinetis_sysinit.o
                                0x366 (size before relaxing)
 .debug_str     0x00001164      0x11a Drivers\i2c.o
                                0x202 (size before relaxing)
 .debug_str     0x0000127e      0x18b Drivers\spi.o
                                0x3bb (size before relaxing)
 .debug_str     0x00001409      0x188 Drivers\uart.o
                                0x350 (size before relaxing)
 .debug_str     0x00001591      0x6bb Drivers\ff.o
                                0x853 (size before relaxing)
 .debug_str     0x00001c4c      0x546 Drivers\SDHC.o
                                0x829 (size before relaxing)
 .debug_str     0x00002192       0x5a Drivers\lptmr.o
                                0x209 (size before relaxing)
 .debug_str     0x000021ec       0x6c FEHProteus.o
                                0x255 (size before relaxing)
 .debug_str     0x00002258       0x25 Drivers\FEHPropeller.o
                                0x396 (size before relaxing)
 .debug_str     0x0000227d       0xc0 Libraries\FEHUtility.o
                                0x1da (size before relaxing)
 .debug_str     0x0000233d      0xfde Libraries\FEHIO.o
                               0x12ab (size before relaxing)
 .debug_str     0x0000331b       0xd7 Drivers\adc16.o
                                0x29a (size before relaxing)
 .debug_str     0x000033f2      0x1ba Libraries\FEHBuzzer.o
                                0x3ac (size before relaxing)
 .debug_str     0x000035ac      0x471 Libraries\FEHLCD.o
                               0x110d (size before relaxing)
 .debug_str     0x00003a1d       0x2c Libraries\FEHAccel.o
                                0x19e (size before relaxing)
 .debug_str     0x00003a49       0x5d Libraries\FEHBattery.o
                                0x35f (size before relaxing)
 .debug_str     0x00003aa6      0x1f6 Drivers\FEHXBee.o
                                0x545 (size before relaxing)
 .debug_str     0x00003c9c      0x413 Libraries\FEHRPS.o
                               0x15b7 (size before relaxing)
 .debug_str     0x000040af       0x75 Libraries\FEHSD.o
                                0xf2a (size before relaxing)
 .debug_str     0x00004124       0x91 C:\fehqt\Proteus/EWL/lib/armv7e-m\libm.a(s_sin.o)
                                0x144 (size before relaxing)
 .debug_str     0x000041b5       0x83 C:\fehqt\Proteus/EWL/lib/armv7e-m\libm.a(e_rem_pio2.o)
                                0x1b6 (size before relaxing)
 .debug_str     0x00004238       0x1e C:\fehqt\Proteus/EWL/lib/armv7e-m\libm.a(k_cos.o)
                                0x151 (size before relaxing)
 .debug_str     0x00004256       0x57 C:\fehqt\Proteus/EWL/lib/armv7e-m\libm.a(k_rem_pio2.o)
                                0x18d (size before relaxing)
 .debug_str     0x000042ad       0x1e C:\fehqt\Proteus/EWL/lib/armv7e-m\libm.a(k_sin.o)
                                0x156 (size before relaxing)
 .debug_str     0x000042cb       0x19 C:\fehqt\Proteus/EWL/lib/armv7e-m\libm.a(s_floor.o)
                                0x14c (size before relaxing)
 .debug_str     0x000042e4       0x1e C:\fehqt\Proteus/EWL/lib/armv7e-m\libm.a(scalbn.o)
                                0x13f (size before relaxing)
 .debug_str     0x00004302       0x24 C:\fehqt\Proteus/EWL/lib/armv7e-m\libm.a(s_frexp.o)
                                0x15d (size before relaxing)
 .debug_str     0x00004326       0x25 C:\fehqt\Proteus/EWL/lib/armv7e-m\libm.a(s_ldexp.o)
                                0x164 (size before relaxing)
 .debug_str     0x0000434b       0xe7 C:\fehqt\Proteus/EWL/lib/armv7e-m\libm.a(math_api.o)
                                0x228 (size before relaxing)
 .debug_str     0x00004432       0x2e C:\fehqt\Proteus/EWL/lib/armv7e-m\libc.a(exit.o)
                                0x14e (size before relaxing)
 .debug_str     0x00004460       0x1c C:\fehqt\Proteus/EWL/lib/armv7e-m\libc.a(memset.o)
                                0x140 (size before relaxing)
 .debug_str     0x0000447c       0x24 C:\fehqt\Proteus/EWL/lib/armv7e-m\libc.a(strlen.o)
                                0x140 (size before relaxing)
 .debug_str     0x000044a0      0x213 C:\fehqt\Proteus/EWL/lib/armv7e-m\libc.a(printformat_.o)
                                0x3aa (size before relaxing)
 .debug_str     0x000046b3      0x17b C:\fehqt\Proteus/EWL/lib/armv7e-m\libc.a(scanformat_.o)
                                0x3f0 (size before relaxing)
 .debug_str     0x0000482e       0x9d C:\fehqt\Proteus/EWL/lib/armv7e-m\libc.a(ctype_aeabi.o)
                                0x1b3 (size before relaxing)
 .debug_str     0x000048cb       0x55 C:\fehqt\Proteus/EWL/lib/armv7e-m\libc.a(__strtoul.o)
                                0x1f2 (size before relaxing)
 .debug_str     0x00004920       0x25 C:\fehqt\Proteus/EWL/lib/armv7e-m\libc.a(__filll_mem.o)
                                0x152 (size before relaxing)
 .debug_str     0x00004945       0x1c C:\fehqt\Proteus/EWL/lib/armv7e-m\libc.a(memchr.o)
                                0x148 (size before relaxing)
 .debug_str     0x00004961       0x1c C:\fehqt\Proteus/EWL/lib/armv7e-m\libc.a(strchr.o)
                                0x137 (size before relaxing)
 .debug_str     0x0000497d      0x126 C:\fehqt\Proteus/EWL/lib/armv7e-m\librt.a(gcc_ctor_dtor.o)
                                0x185 (size before relaxing)
 .debug_str     0x00004aa3       0x9b C:\fehqt\Proteus/EWL/lib/armv7e-m\librt.a(ROMCopy.o)
                                0x140 (size before relaxing)
 .debug_str     0x00004b3e       0xf3 C:\fehqt\Proteus/EWL/lib/armv7e-m\librt.a(__arm_eabi_init.o)
                                0x1ac (size before relaxing)

.comment        0x00000000       0x79
 .comment       0x00000000       0x79 ..\main.o
                                 0x7a (size before relaxing)
 .comment       0x00000000       0x7a Startup\__arm_start.o
 .comment       0x00000000       0x7a Startup\__arm_end.o
 .comment       0x00000000       0x7a Startup\kinetis_sysinit.o
 .comment       0x00000000       0x7a Drivers\i2c.o
 .comment       0x00000000       0x7a Drivers\spi.o
 .comment       0x00000000       0x7a Drivers\uart.o
 .comment       0x00000000       0x7a Drivers\ff.o
 .comment       0x00000000       0x7a Drivers\SDHC.o
 .comment       0x00000000       0x7a Drivers\lptmr.o
 .comment       0x00000000       0x7a FEHProteus.o
 .comment       0x00000000       0x7a Drivers\FEHPropeller.o
 .comment       0x00000000       0x7a Libraries\FEHUtility.o
 .comment       0x00000000       0x7a Libraries\FEHIO.o
 .comment       0x00000000       0x7a Drivers\adc16.o
 .comment       0x00000000       0x7a Libraries\FEHBuzzer.o
 .comment       0x00000000       0x7a Libraries\FEHLCD.o
 .comment       0x00000000       0x7a Libraries\FEHAccel.o
 .comment       0x00000000       0x7a Libraries\FEHBattery.o
 .comment       0x00000000       0x7a Drivers\FEHXBee.o
 .comment       0x00000000       0x7a Libraries\FEHRPS.o
 .comment       0x00000000       0x7a Libraries\FEHSD.o
 .comment       0x00000000       0x7a C:\fehqt\Proteus/EWL/lib/armv7e-m\libm.a(s_sin.o)
 .comment       0x00000000       0x7a C:\fehqt\Proteus/EWL/lib/armv7e-m\libm.a(e_rem_pio2.o)
 .comment       0x00000000       0x7a C:\fehqt\Proteus/EWL/lib/armv7e-m\libm.a(k_cos.o)
 .comment       0x00000000       0x7a C:\fehqt\Proteus/EWL/lib/armv7e-m\libm.a(k_rem_pio2.o)
 .comment       0x00000000       0x7a C:\fehqt\Proteus/EWL/lib/armv7e-m\libm.a(k_sin.o)
 .comment       0x00000000       0x7a C:\fehqt\Proteus/EWL/lib/armv7e-m\libm.a(s_floor.o)
 .comment       0x00000000       0x7a C:\fehqt\Proteus/EWL/lib/armv7e-m\libm.a(scalbn.o)
 .comment       0x00000000       0x7a C:\fehqt\Proteus/EWL/lib/armv7e-m\libm.a(s_frexp.o)
 .comment       0x00000000       0x7a C:\fehqt\Proteus/EWL/lib/armv7e-m\libm.a(s_ldexp.o)
 .comment       0x00000000       0x7a C:\fehqt\Proteus/EWL/lib/armv7e-m\libm.a(math_api.o)
 .comment       0x00000000       0x7a C:\fehqt\Proteus/EWL/lib/armv7e-m\libc.a(exit.o)
 .comment       0x00000000       0x7a C:\fehqt\Proteus/EWL/lib/armv7e-m\libc.a(memset.o)
 .comment       0x00000000       0x7a C:\fehqt\Proteus/EWL/lib/armv7e-m\libc.a(strlen.o)
 .comment       0x00000000       0x7a C:\fehqt\Proteus/EWL/lib/armv7e-m\libc.a(printformat_.o)
 .comment       0x00000000       0x7a C:\fehqt\Proteus/EWL/lib/armv7e-m\libc.a(scanformat_.o)
 .comment       0x00000000       0x7a C:\fehqt\Proteus/EWL/lib/armv7e-m\libc.a(ctype_aeabi.o)
 .comment       0x00000000       0x7a C:\fehqt\Proteus/EWL/lib/armv7e-m\libc.a(__strtoul.o)
 .comment       0x00000000       0x7a C:\fehqt\Proteus/EWL/lib/armv7e-m\libc.a(__filll_mem.o)
 .comment       0x00000000       0x7a C:\fehqt\Proteus/EWL/lib/armv7e-m\libc.a(memchr.o)
 .comment       0x00000000       0x7a C:\fehqt\Proteus/EWL/lib/armv7e-m\libc.a(strchr.o)
 .comment       0x00000000       0x7a C:\fehqt\Proteus/EWL/lib/armv7e-m\librt.a(gcc_ctor_dtor.o)
 .comment       0x00000000       0x7a C:\fehqt\Proteus/EWL/lib/armv7e-m\librt.a(ROMCopy.o)
 .comment       0x00000000       0x7a C:\fehqt\Proteus/EWL/lib/armv7e-m\librt.a(__arm_eabi_init.o)

.debug_frame    0x00000000     0x2b40
 .debug_frame   0x00000000      0x12c ..\main.o
 .debug_frame   0x0000012c       0x98 Startup\__arm_start.o
 .debug_frame   0x000001c4       0x2c Startup\__arm_end.o
 .debug_frame   0x000001f0       0x5c Startup\kinetis_sysinit.o
 .debug_frame   0x0000024c       0x88 Drivers\i2c.o
 .debug_frame   0x000002d4       0xf8 Drivers\spi.o
 .debug_frame   0x000003cc       0x84 Drivers\uart.o
 .debug_frame   0x00000450      0x5e8 Drivers\ff.o
 .debug_frame   0x00000a38      0x1e8 Drivers\SDHC.o
 .debug_frame   0x00000c20       0x2c Drivers\lptmr.o
 .debug_frame   0x00000c4c       0x4c FEHProteus.o
 .debug_frame   0x00000c98       0xa8 Drivers\FEHPropeller.o
 .debug_frame   0x00000d40       0xf8 Libraries\FEHUtility.o
 .debug_frame   0x00000e38      0x4e8 Libraries\FEHIO.o
 .debug_frame   0x00001320       0x64 Drivers\adc16.o
 .debug_frame   0x00001384      0x1c8 Libraries\FEHBuzzer.o
 .debug_frame   0x0000154c      0x9c0 Libraries\FEHLCD.o
 .debug_frame   0x00001f0c       0xd8 Libraries\FEHAccel.o
 .debug_frame   0x00001fe4       0x8c Libraries\FEHBattery.o
 .debug_frame   0x00002070       0xfc Drivers\FEHXBee.o
 .debug_frame   0x0000216c      0x24c Libraries\FEHRPS.o
 .debug_frame   0x000023b8       0xf0 Libraries\FEHSD.o
 .debug_frame   0x000024a8       0x30 C:\fehqt\Proteus/EWL/lib/armv7e-m\libm.a(s_sin.o)
 .debug_frame   0x000024d8       0x38 C:\fehqt\Proteus/EWL/lib/armv7e-m\libm.a(e_rem_pio2.o)
 .debug_frame   0x00002510       0x38 C:\fehqt\Proteus/EWL/lib/armv7e-m\libm.a(k_cos.o)
 .debug_frame   0x00002548       0x3c C:\fehqt\Proteus/EWL/lib/armv7e-m\libm.a(k_rem_pio2.o)
 .debug_frame   0x00002584       0x38 C:\fehqt\Proteus/EWL/lib/armv7e-m\libm.a(k_sin.o)
 .debug_frame   0x000025bc       0x34 C:\fehqt\Proteus/EWL/lib/armv7e-m\libm.a(s_floor.o)
 .debug_frame   0x000025f0       0x2c C:\fehqt\Proteus/EWL/lib/armv7e-m\libm.a(scalbn.o)
 .debug_frame   0x0000261c       0x2c C:\fehqt\Proteus/EWL/lib/armv7e-m\libm.a(s_frexp.o)
 .debug_frame   0x00002648       0x34 C:\fehqt\Proteus/EWL/lib/armv7e-m\libm.a(s_ldexp.o)
 .debug_frame   0x0000267c       0xd8 C:\fehqt\Proteus/EWL/lib/armv7e-m\libm.a(math_api.o)
 .debug_frame   0x00002754       0x28 C:\fehqt\Proteus/EWL/lib/armv7e-m\libc.a(exit.o)
 .debug_frame   0x0000277c       0x28 C:\fehqt\Proteus/EWL/lib/armv7e-m\libc.a(memset.o)
 .debug_frame   0x000027a4       0x20 C:\fehqt\Proteus/EWL/lib/armv7e-m\libc.a(strlen.o)
 .debug_frame   0x000027c4       0x64 C:\fehqt\Proteus/EWL/lib/armv7e-m\libc.a(printformat_.o)
 .debug_frame   0x00002828       0x3c C:\fehqt\Proteus/EWL/lib/armv7e-m\libc.a(scanformat_.o)
 .debug_frame   0x00002864       0xf0 C:\fehqt\Proteus/EWL/lib/armv7e-m\libc.a(ctype_aeabi.o)
 .debug_frame   0x00002954       0x3c C:\fehqt\Proteus/EWL/lib/armv7e-m\libc.a(__strtoul.o)
 .debug_frame   0x00002990       0x2c C:\fehqt\Proteus/EWL/lib/armv7e-m\libc.a(__filll_mem.o)
 .debug_frame   0x000029bc       0x28 C:\fehqt\Proteus/EWL/lib/armv7e-m\libc.a(memchr.o)
 .debug_frame   0x000029e4       0x20 C:\fehqt\Proteus/EWL/lib/armv7e-m\libc.a(strchr.o)
 .debug_frame   0x00002a04       0x48 C:\fehqt\Proteus/EWL/lib/armv7e-m\librt.a(gcc_ctor_dtor.o)
 .debug_frame   0x00002a4c       0x48 C:\fehqt\Proteus/EWL/lib/armv7e-m\librt.a(ROMCopy.o)
 .debug_frame   0x00002a94       0xac C:\fehqt\Proteus/EWL/lib/armv7e-m\librt.a(__arm_eabi_init.o)
