Archive member included because of file (symbol)

C:\fehqt\Proteus/EWL/lib/armv7e-m\libm.a(s_atan.o)
                              ..\main.o (atan)
C:\fehqt\Proteus/EWL/lib/armv7e-m\libm.a(w_sqrt.o)
                              ..\main.o (sqrt)
C:\fehqt\Proteus/EWL/lib/armv7e-m\libm.a(e_sqrt.o)
                              C:\fehqt\Proteus/EWL/lib/armv7e-m\libm.a(w_sqrt.o) (__ieee754_sqrt)
C:\fehqt\Proteus/EWL/lib/armv7e-m\libm.a(float.o)
                              C:\fehqt\Proteus/EWL/lib/armv7e-m\libm.a(e_sqrt.o) (__double_nan)
C:\fehqt\Proteus/EWL/lib/armv7e-m\libc.a(errno.o)
                              C:\fehqt\Proteus/EWL/lib/armv7e-m\libm.a(e_sqrt.o) (errno)
C:\fehqt\Proteus/EWL/lib/armv7e-m\libc.a(sprintf.o)
                              Libraries\FEHLCD.o (sprintf)
C:\fehqt\Proteus/EWL/lib/armv7e-m\libc.a(vsnprintf.o)
                              C:\fehqt\Proteus/EWL/lib/armv7e-m\libc.a(sprintf.o) (vsnprintf)
C:\fehqt\Proteus/EWL/lib/armv7e-m\libc.a(vsscanf.o)
                              Libraries\FEHSD.o (vsscanf)
C:\fehqt\Proteus/EWL/lib/armv7e-m\libc.a(alloc.o)
                              ..\main.o (free)
C:\fehqt\Proteus/EWL/lib/armv7e-m\libc.a(exit.o)
                              Startup\__arm_start.o (exit)
C:\fehqt\Proteus/EWL/lib/armv7e-m\libc.a(memcpy.o)
                              C:\fehqt\Proteus/EWL/lib/armv7e-m\libc.a(vsnprintf.o) (memcpy)
C:\fehqt\Proteus/EWL/lib/armv7e-m\libc.a(memset.o)
                              Startup\__arm_start.o (memset)
C:\fehqt\Proteus/EWL/lib/armv7e-m\libc.a(strcmp.o)
                              Libraries\FEHLCD.o (strcmp)
C:\fehqt\Proteus/EWL/lib/armv7e-m\libc.a(strcpy.o)
                              Libraries\FEHLCD.o (strcpy)
C:\fehqt\Proteus/EWL/lib/armv7e-m\libc.a(strlen.o)
                              Libraries\FEHLCD.o (strlen)
C:\fehqt\Proteus/EWL/lib/armv7e-m\libc.a(printformat_.o)
                              (__pformatter_)
C:\fehqt\Proteus/EWL/lib/armv7e-m\libc.a(scanformat_.o)
                              (__sformatter)
C:\fehqt\Proteus/EWL/lib/armv7e-m\libc.a(ctype_aeabi.o)
                              C:\fehqt\Proteus/EWL/lib/armv7e-m\libc.a(scanformat_.o) (isspace)
C:\fehqt\Proteus/EWL/lib/armv7e-m\libc.a(__strtoul.o)
                              C:\fehqt\Proteus/EWL/lib/armv7e-m\libc.a(scanformat_.o) (__strtoul)
C:\fehqt\Proteus/EWL/lib/armv7e-m\libc.a(__filll_mem.o)
                              C:\fehqt\Proteus/EWL/lib/armv7e-m\libc.a(memset.o) (__fill_mem)
C:\fehqt\Proteus/EWL/lib/armv7e-m\libc.a(memchr.o)
                              C:\fehqt\Proteus/EWL/lib/armv7e-m\libc.a(printformat_.o) (memchr)
C:\fehqt\Proteus/EWL/lib/armv7e-m\libc.a(strchr.o)
                              C:\fehqt\Proteus/EWL/lib/armv7e-m\libc.a(printformat_.o) (strchr)
c:/fehqt/proteus/gcc/bin/../lib/gcc/arm-none-eabi/4.6.2/armv7e-m\libgcc.a(_arm_addsubdf3.o)
                              ..\main.o (__aeabi_dsub)
c:/fehqt/proteus/gcc/bin/../lib/gcc/arm-none-eabi/4.6.2/armv7e-m\libgcc.a(_arm_muldivdf3.o)
                              ..\main.o (__aeabi_dmul)
c:/fehqt/proteus/gcc/bin/../lib/gcc/arm-none-eabi/4.6.2/armv7e-m\libgcc.a(_arm_cmpdf2.o)
                              Drivers\ff.o (__aeabi_dcmplt)
c:/fehqt/proteus/gcc/bin/../lib/gcc/arm-none-eabi/4.6.2/armv7e-m\libgcc.a(_arm_fixdfsi.o)
                              ..\main.o (__aeabi_d2iz)
c:/fehqt/proteus/gcc/bin/../lib/gcc/arm-none-eabi/4.6.2/armv7e-m\libgcc.a(_arm_fixunsdfsi.o)
                              Libraries\FEHUtility.o (__aeabi_d2uiz)
c:/fehqt/proteus/gcc/bin/../lib/gcc/arm-none-eabi/4.6.2/armv7e-m\libgcc.a(_arm_truncdfsf2.o)
                              Libraries\FEHMotor.o (__aeabi_d2f)
c:/fehqt/proteus/gcc/bin/../lib/gcc/arm-none-eabi/4.6.2/armv7e-m\libgcc.a(_arm_addsubsf3.o)
                              Libraries\FEHLCD.o (__aeabi_fsub)
c:/fehqt/proteus/gcc/bin/../lib/gcc/arm-none-eabi/4.6.2/armv7e-m\libgcc.a(_arm_muldivsf3.o)
                              Drivers\mcg.o (__aeabi_fmul)
c:/fehqt/proteus/gcc/bin/../lib/gcc/arm-none-eabi/4.6.2/armv7e-m\libgcc.a(_arm_cmpsf2.o)
                              ..\main.o (__aeabi_fcmpeq)
c:/fehqt/proteus/gcc/bin/../lib/gcc/arm-none-eabi/4.6.2/armv7e-m\libgcc.a(_arm_fixsfsi.o)
                              ..\main.o (__aeabi_f2iz)
c:/fehqt/proteus/gcc/bin/../lib/gcc/arm-none-eabi/4.6.2/armv7e-m\libgcc.a(_arm_fixunssfsi.o)
                              Drivers\mcg.o (__aeabi_f2uiz)
C:\fehqt\Proteus/EWL/lib/armv7e-m\librt.a(gcc_ctor_dtor.o)
                              Startup\__arm_start.o (__init_cpp)
C:\fehqt\Proteus/EWL/lib/armv7e-m\librt.a(ROMCopy.o)
                              Startup\__arm_start.o (__copy_rom_sections_to_ram)
C:\fehqt\Proteus/EWL/lib/armv7e-m\librt.a(__arm_eabi_init.o)
                              C:\fehqt\Proteus/EWL/lib/armv7e-m\libc.a(exit.o) (__destroy_global_chain)
C:\fehqt\Proteus/EWL/lib/armv7e-m\librt.a(New.o)
                              Libraries\FEHIO.o (operator new(unsigned int))
[...]
Memory Configuration

Name             Origin             Length             Attributes
m_interrupts     0x0000c000         0x00000400         xr
m_cfmprotrom     0x0000c400         0x00000010         xr
m_text           0x0000c410         0x00073bf0         xr
m_data           0x1fff0400         0x0000fc00         xrw
m_data2          0x20000000         0x00010000         xrw
*default*        0x00000000         0xffffffff

Linker script and memory map

LOAD ..\main.o
LOAD Startup\__arm_start.o
LOAD Startup\__arm_end.o
LOAD Startup\kinetis_sysinit.o
LOAD Libraries\FEHMotor.o
LOAD Drivers\mcg.o
LOAD Drivers\i2c.o
LOAD Drivers\spi.o
LOAD Drivers\uart.o
LOAD Drivers\ff.o
LOAD Drivers\SDHC.o
LOAD Drivers\lptmr.o
LOAD FEHProteus.o
LOAD Drivers\FEHPropeller.o
LOAD Libraries\FEHUtility.o
LOAD Libraries\FEHIO.o
LOAD Drivers\adc16.o
LOAD Libraries\FEHBuzzer.o
LOAD Libraries\FEHServo.o
LOAD Libraries\FEHLCD.o
LOAD Libraries\FEHAccel.o
LOAD Libraries\FEHBattery.o
LOAD Drivers\FEHXBee.o
LOAD Libraries\FEHRPS.o
LOAD Libraries\FEHSD.o
                0x00014684                __pformatter = __pformatter_
                [0x00014a7c]                __sformatter = __sformatter
LOAD C:\fehqt\Proteus/EWL/lib/armv7e-m\libstdc++.a
LOAD C:\fehqt\Proteus/EWL/lib/armv7e-m\libm.a
START GROUP
LOAD C:\fehqt\Proteus/EWL/lib/armv7e-m\libc.a
LOAD C:\fehqt\Proteus/EWL/lib/armv7e-m\libc++.a
LOAD C:\fehqt\Proteus/EWL/lib/armv7e-m\libm.a
LOAD c:/fehqt/proteus/gcc/bin/../lib/gcc/arm-none-eabi/4.6.2/armv7e-m\libgcc.a
LOAD C:\fehqt\Proteus/EWL/lib/armv7e-m\librt.a
LOAD c:/fehqt/proteus/gcc/bin/../lib/gcc/arm-none-eabi/4.6.2/../../../../arm-none-eabi/lib/armv7e-m\libsupc++.a
END GROUP
                0x20000000                _estack = 0x20000000
                0x20000000                __SP_INIT = _estack
                0x00000800                __heap_size = 0x800
                0x00000800                __stack_size = 0x800

.interrupts     0x0000c000      0x1e0
                0x0000c000                __vector_table = .
                0x0000c000                . = ALIGN (0x4)
 *(.vectortable)
 .vectortable   0x0000c000      0x1e0 Startup\kinetis_sysinit.o
                0x0000c1e0                . = ALIGN (0x4)

.cfmprotect     0x0000c400        0x0
                0x0000c400                . = ALIGN (0x4)
 *(.cfmconfig)
                0x0000c400                . = ALIGN (0x4)

.text           0x0000c410     0x9614
                0x0000c410                . = ALIGN (0x4)
 *(.text)
 .text          0x0000c410      0x370 c:/fehqt/proteus/gcc/bin/../lib/gcc/arm-none-eabi/4.6.2/armv7e-m\libgcc.a(_arm_addsubdf3.o)
                0x0000c410                __aeabi_drsub
                0x0000c418                __aeabi_dsub
                0x0000c418                __subdf3
                0x0000c41c                __aeabi_dadd
                0x0000c41c                __adddf3
                0x0000c694                __floatunsidf
                0x0000c694                __aeabi_ui2d
                0x0000c6b4                __floatsidf
                0x0000c6b4                __aeabi_i2d
                0x0000c6d8                __aeabi_f2d
                0x0000c6d8                __extendsfdf2
                0x0000c714                __floatundidf
                0x0000c714                __aeabi_ul2d
                0x0000c724                __floatdidf
                0x0000c724                __aeabi_l2d
 .text          0x0000c780      0x424 c:/fehqt/proteus/gcc/bin/../lib/gcc/arm-none-eabi/4.6.2/armv7e-m\libgcc.a(_arm_muldivdf3.o)
                0x0000c780                __aeabi_dmul
                0x0000c780                __muldf3
                0x0000c9d4                __divdf3
                0x0000c9d4                __aeabi_ddiv
 .text          0x0000cba4      0x110 c:/fehqt/proteus/gcc/bin/../lib/gcc/arm-none-eabi/4.6.2/armv7e-m\libgcc.a(_arm_cmpdf2.o)
                0x0000cba4                __gtdf2
                0x0000cba4                __gedf2
                0x0000cbac                __ltdf2
                0x0000cbac                __ledf2
                0x0000cbb4                __nedf2
                0x0000cbb4                __eqdf2
                0x0000cbb4                __cmpdf2
                0x0000cc30                __aeabi_cdrcmple
                0x0000cc40                __aeabi_cdcmpeq
                0x0000cc40                __aeabi_cdcmple
                0x0000cc50                __aeabi_dcmpeq
                0x0000cc64                __aeabi_dcmplt
                0x0000cc78                __aeabi_dcmple
                0x0000cc8c                __aeabi_dcmpge
                0x0000cca0                __aeabi_dcmpgt
 .text          0x0000ccb4       0x50 c:/fehqt/proteus/gcc/bin/../lib/gcc/arm-none-eabi/4.6.2/armv7e-m\libgcc.a(_arm_fixdfsi.o)
                0x0000ccb4                __aeabi_d2iz
                0x0000ccb4                __fixdfsi
 .text          0x0000cd04       0x40 c:/fehqt/proteus/gcc/bin/../lib/gcc/arm-none-eabi/4.6.2/armv7e-m\libgcc.a(_arm_fixunsdfsi.o)
                0x0000cd04                __aeabi_d2uiz
                0x0000cd04                __fixunsdfsi
 .text          0x0000cd44       0xa0 c:/fehqt/proteus/gcc/bin/../lib/gcc/arm-none-eabi/4.6.2/armv7e-m\libgcc.a(_arm_truncdfsf2.o)
                0x0000cd44                __truncdfsf2
                0x0000cd44                __aeabi_d2f
 .text          0x0000cde4      0x21c c:/fehqt/proteus/gcc/bin/../lib/gcc/arm-none-eabi/4.6.2/armv7e-m\libgcc.a(_arm_addsubsf3.o)
                0x0000cde4                __aeabi_frsub
                0x0000cdec                __subsf3
                0x0000cdec                __aeabi_fsub
                0x0000cdf0                __aeabi_fadd
                0x0000cdf0                __addsf3
                0x0000cf50                __aeabi_ui2f
                0x0000cf50                __floatunsisf
                0x0000cf58                __aeabi_i2f
                0x0000cf58                __floatsisf
                0x0000cf74                __aeabi_ul2f
                0x0000cf74                __floatundisf
                0x0000cf84                __aeabi_l2f
                0x0000cf84                __floatdisf
 .text          0x0000d000      0x2a0 c:/fehqt/proteus/gcc/bin/../lib/gcc/arm-none-eabi/4.6.2/armv7e-m\libgcc.a(_arm_muldivsf3.o)
                0x0000d000                __mulsf3
                0x0000d000                __aeabi_fmul
                0x0000d168                __aeabi_fdiv
                0x0000d168                __divsf3
 .text          0x0000d2a0       0xec c:/fehqt/proteus/gcc/bin/../lib/gcc/arm-none-eabi/4.6.2/armv7e-m\libgcc.a(_arm_cmpsf2.o)
                0x0000d2a0                __gesf2
                0x0000d2a0                __gtsf2
                0x0000d2a8                __lesf2
                0x0000d2a8                __ltsf2
                0x0000d2b0                __nesf2
                0x0000d2b0                __eqsf2
                0x0000d2b0                __cmpsf2
                0x0000d310                __aeabi_cfrcmple
                0x0000d318                __aeabi_cfcmpeq
                0x0000d318                __aeabi_cfcmple
                0x0000d328                __aeabi_fcmpeq
                0x0000d33c                __aeabi_fcmplt
                0x0000d350                __aeabi_fcmple
                0x0000d364                __aeabi_fcmpge
                0x0000d378                __aeabi_fcmpgt
 .text          0x0000d38c       0x4c c:/fehqt/proteus/gcc/bin/../lib/gcc/arm-none-eabi/4.6.2/armv7e-m\libgcc.a(_arm_fixsfsi.o)
                0x0000d38c                __aeabi_f2iz
                0x0000d38c                __fixsfsi
 *(.text*)
 .text._Z11displayMenuv
                0x0000d3d8       0x28 ..\main.o
                0x0000d3d8                displayMenu()
 .text._Z14displayOptionsv
                0x0000d400       0x40 ..\main.o
                0x0000d400                displayOptions()
 .text.main     0x0000d440      0x728 ..\main.o
                0x0000d440                main
 .text._ZSt4sqrtIiENSt15__ewl_enable_ifIXsrSt17__ewl_is_integralIT_E5valueEdE4typeES2_
                0x0000db68       0x2c ..\main.o
                0x0000db68                std::__ewl_enable_if<std::__ewl_is_integral<int>::value, double>::type std::sqrt<int>(int)
 .text.zero_fill_bss
                0x0000db94       0x34 Startup\__arm_start.o
 .text.__thumb_startup
                0x0000dbc8       0x34 Startup\__arm_start.o
                0x0000dbc8                __thumb_startup
 .text.InitFEHProteus
                0x0000dbfc      0x15c Startup\__arm_start.o
                0x0000dbfc                InitFEHProteus
 .text.pll_init_bl
                0x0000dd58      0x130 Startup\__arm_start.o
 .text.InitPowerButton
                0x0000de88       0x90 Startup\__arm_start.o
                0x0000de88                InitPowerButton
 .text._ExitProcess
                0x0000df18        0xc Startup\__arm_end.o
                0x0000df18                _ExitProcess
 .text.Default_Handler
                0x0000df24        0xc Startup\kinetis_sysinit.o
                0x0000df24                BusFault_Handler()
                0x0000df24                HardFault_Handler()
                0x0000df24                SysTick_Handler()
                0x0000df24                PendSV_Handler()
                0x0000df24                DebugMonitor_Handler()
                0x0000df24                MemManage_Handler()
                0x0000df24                NMI_Handler()
                0x0000df24                SVC_Handler()
                0x0000df24                Default_Handler
                0x0000df24                UsageFault_Handler()
 .text.__init_hardware
                0x0000df30       0x44 Startup\kinetis_sysinit.o
                0x0000df30                __init_hardware
 .text._Z8PortDISRv
                0x0000df74       0x64 Startup\kinetis_sysinit.o
                0x0000df74                PortDISR()
 .text._ZN8FEHMotorC2ENS_12FEHMotorPortEf
                0x0000dfd8       0xb0 Libraries\FEHMotor.o
                0x0000dfd8                FEHMotor::FEHMotor(FEHMotor::FEHMotorPort, float)
                0x0000dfd8                FEHMotor::FEHMotor(FEHMotor::FEHMotorPort, float)
 .text._ZN8FEHMotor8SetPowerEi
                0x0000e088       0x60 Libraries\FEHMotor.o
                0x0000e088                FEHMotor::SetPower(int)
 .text._ZN8FEHMotor10SetPercentEf
                0x0000e0e8      0x158 Libraries\FEHMotor.o
                0x0000e0e8                FEHMotor::SetPercent(float)
 .text._Z21IIC_StartTransmissionhh
                0x0000e240       0x98 Drivers\i2c.o
                0x0000e240                IIC_StartTransmission(unsigned char, unsigned char)
 .text._Z5Pausev
                0x0000e2d8       0x34 Drivers\i2c.o
                0x0000e2d8                Pause()
 .text._Z21MMA8451QWriteRegisterhh
                0x0000e30c      0x12c Drivers\i2c.o
                0x0000e30c                MMA8451QWriteRegister(unsigned char, unsigned char)
 .text._Z12SPI_SendCharh
                0x0000e438       0x1c Drivers\spi.o
                0x0000e438                SPI_SendChar(unsigned char)
 .text._Z16SPI_WriteCommandhh
                0x0000e454       0x34 Drivers\spi.o
                0x0000e454                SPI_WriteCommand(unsigned char, unsigned char)
 .text._Z11SPI_GetCharv
                0x0000e488       0x14 Drivers\spi.o
                0x0000e488                SPI_GetChar()
 .text._Z15SPI_ReadCommandh
                0x0000e49c       0x3c Drivers\spi.o
                0x0000e49c                SPI_ReadCommand(unsigned char)
 .text._Z13SPI_CS_Assertv
                0x0000e4d8       0x24 Drivers\spi.o
                0x0000e4d8                SPI_CS_Assert()
 .text._Z15SPI_CS_Deassertv
                0x0000e4fc       0x24 Drivers\spi.o
                0x0000e4fc                SPI_CS_Deassert()
 .text._Z12SPI_Transferh
                0x0000e520       0x88 Drivers\spi.o
                0x0000e520                SPI_Transfer(unsigned char)
 .text._Z8SPI_Initv
                0x0000e5a8       0xe8 Drivers\spi.o
                0x0000e5a8                SPI_Init()
 .text._Z9uart_initPV11UART_MemMapii
                0x0000e690      0x20c Drivers\uart.o
                0x0000e690                uart_init(UART_MemMap volatile*, int, int)
 .text._Z12uart_getcharPV11UART_MemMap
                0x0000e89c       0x34 Drivers\uart.o
                0x0000e89c                uart_getchar(UART_MemMap volatile*)
 .text._Z12uart_putcharPV11UART_MemMapc
                0x0000e8d0       0x38 Drivers\uart.o
                0x0000e8d0                uart_putchar(UART_MemMap volatile*, char)
 .text._ZL7mem_setPvij
                0x0000e908       0x44 Drivers\ff.o
 .text._ZL11move_windowP5FATFSm
                0x0000e94c       0xf0 Drivers\ff.o
 .text._ZL4syncP5FATFS
                0x0000ea3c      0x188 Drivers\ff.o
 .text._ZL8validateP5FATFSt
                0x0000ebc4       0x54 Drivers\ff.o
 .text._Z6f_syncP3FIL
                0x0000ec18      0x1c0 Drivers\ff.o
                0x0000ec18                f_sync(FIL*)
 .text._Z7f_closeP3FIL
                0x0000edd8       0x2c Drivers\ff.o
                0x0000edd8                f_close(FIL*)
 .text._ZL17SDHC_set_baudratemm
                0x0000ee04      0x14c Drivers\SDHC.o
 .text._Z9SDHC_initP17esdhc_info_structPK17esdhc_init_struct
                0x0000ef50      0x1c4 Drivers\SDHC.o
                0x0000ef50                SDHC_init(esdhc_info_struct*, esdhc_init_struct const*)
 .text._ZL15SDHC_is_runningv
                0x0000f114       0x28 Drivers\SDHC.o
 .text._ZL16SDHC_status_waitm
                0x0000f13c       0x38 Drivers\SDHC.o
 .text._ZL17SDHC_send_commandP20esdhc_command_struct
                0x0000f174      0x2a0 Drivers\SDHC.o
 .text._Z10SDHC_ioctlmPv
                0x0000f414      0x978 Drivers\SDHC.o
                0x0000f414                SDHC_ioctl(unsigned long, void*)
 .text._ZL14rcvr_datablockPhm
                0x0000fd8c      0x134 Drivers\SDHC.o
 .text._Z9disk_readhPhmh
                0x0000fec0      0x13c Drivers\SDHC.o
                0x0000fec0                disk_read(unsigned char, unsigned char*, unsigned long, unsigned char)
 .text._ZL14xmit_datablockPKhm
                0x0000fffc       0xe0 Drivers\SDHC.o
 .text._Z10disk_writehPKhmh
                0x000100dc      0x1cc Drivers\SDHC.o
                0x000100dc                disk_write(unsigned char, unsigned char const*, unsigned long, unsigned char)
 .text._Z10disk_ioctlhhPv
                0x000102a8      0x128 Drivers\SDHC.o
                0x000102a8                disk_ioctl(unsigned char, unsigned char, void*)
 .text._Z11disk_statush
                0x000103d0       0x30 Drivers\SDHC.o
                0x000103d0                disk_status(unsigned char)
 .text._Z13time_delay_msm
                0x00010400       0xa4 Drivers\lptmr.o
                0x00010400                time_delay_ms(unsigned long)
 .text._Z41__static_initialization_and_destruction_0ii
                0x000104a4       0x30 FEHProteus.o
 .text._GLOBAL__sub_I_Propeller
                0x000104d4       0x14 FEHProteus.o
 .text._ZN12FEHPropellerC2Ev
                0x000104e8       0x20 Drivers\FEHPropeller.o
                0x000104e8                FEHPropeller::FEHPropeller()
                0x000104e8                FEHPropeller::FEHPropeller()
 .text._ZN12FEHPropeller10InitializeEv
                0x00010508       0x94 Drivers\FEHPropeller.o
                0x00010508                FEHPropeller::Initialize()
 .text._ZN12FEHPropeller12SetMotorRateEhhh
                0x0001059c       0x78 Drivers\FEHPropeller.o
                0x0001059c                FEHPropeller::SetMotorRate(unsigned char, unsigned char, unsigned char)
 .text._ZL5Delaymjj
                0x00010614       0xc4 Libraries\FEHUtility.o
 .text._Z5Sleepi
                0x000106d8       0x34 Libraries\FEHUtility.o
                0x000106d8                Sleep(int)
 *fill*         0x0001070c        0x4 00
 .text._Z5Sleepd
                0x00010710       0x58 Libraries\FEHUtility.o
                0x00010710                Sleep(double)
 .text._ZN14DigitalEncoderC2EN5FEHIO8FEHIOPinE
                0x00010768       0x2c Libraries\FEHIO.o
                0x00010768                DigitalEncoder::DigitalEncoder(FEHIO::FEHIOPin)
                0x00010768                DigitalEncoder::DigitalEncoder(FEHIO::FEHIOPin)
 .text._Z10enable_irqi
                0x00010794      0x1cc Libraries\FEHIO.o
                0x00010794                enable_irq(int)
 .text._ZN14DigitalEncoder10InitializeEN5FEHIO8FEHIOPinENS0_21FEHIOInterruptTriggerE
                0x00010960      0x224 Libraries\FEHIO.o
                0x00010960                DigitalEncoder::Initialize(FEHIO::FEHIOPin, FEHIO::FEHIOInterruptTrigger)
 .text._Z9portB_isrv
                0x00010b84       0xd4 Libraries\FEHIO.o
                0x00010b84                portB_isr()
 .text._Z9portC_isrv
                0x00010c58       0xd8 Libraries\FEHIO.o
                0x00010c58                portC_isr()
 .text._Z9portA_isrv
                0x00010d30       0xd8 Libraries\FEHIO.o
                0x00010d30                portA_isr()
 .text._Z9portE_isrv
                0x00010e08       0xd0 Libraries\FEHIO.o
                0x00010e08                portE_isr()
 .text._ZN14DigitalEncoder6CountsEv
                0x00010ed8       0x28 Libraries\FEHIO.o
                0x00010ed8                DigitalEncoder::Counts()
 .text._ZN14DigitalEncoder11ResetCountsEv
                0x00010f00       0x28 Libraries\FEHIO.o
                0x00010f00                DigitalEncoder::ResetCounts()
 .text._ZN14AnalogInputPinC2EN5FEHIO8FEHIOPinE
                0x00010f28       0x20 Libraries\FEHIO.o
                0x00010f28                AnalogInputPin::AnalogInputPin(FEHIO::FEHIOPin)
                0x00010f28                AnalogInputPin::AnalogInputPin(FEHIO::FEHIOPin)
 .text._ZN13AnalogEncoder12EncoderValueEv
                0x00010f48       0xe4 Libraries\FEHIO.o
                0x00010f48                AnalogEncoder::EncoderValue()
 .text._ZN14AnalogInputPin8InitADCsEv
                0x0001102c      0x120 Libraries\FEHIO.o
                0x0001102c                AnalogInputPin::InitADCs()
 .text._Z8pit0_isrv
                0x0001114c       0x34 Libraries\FEHIO.o
                0x0001114c                pit0_isr()
 .text._ZN13AnalogEncoder4InitEv
                0x00011180       0x64 Libraries\FEHIO.o
                0x00011180                AnalogEncoder::Init()
 .text._ZN13AnalogEncoder14SetCounterInitEj
                0x000111e4       0x20 Libraries\FEHIO.o
                0x000111e4                AnalogEncoder::SetCounterInit(unsigned int)
 .text._ZN13AnalogEncoder10ProcessIntEv
                0x00011204       0x80 Libraries\FEHIO.o
                0x00011204                AnalogEncoder::ProcessInt()
 .text._ZN13AnalogEncoder14ProcessIntSelfEv
                0x00011284       0x80 Libraries\FEHIO.o
                0x00011284                AnalogEncoder::ProcessIntSelf()
 .text._Z7ADC_CalPV10ADC_MemMap
                0x00011304      0x14c Drivers\adc16.o
                0x00011304                ADC_Cal(ADC_MemMap volatile*)
 .text._Z14ADC_Config_AltPV10ADC_MemMapP7adc_cfg
                0x00011450       0x6c Drivers\adc16.o
                0x00011450                ADC_Config_Alt(ADC_MemMap volatile*, adc_cfg*)
 .text._ZN9FEHBuzzerC2Ev
                0x000114bc       0x18 Libraries\FEHBuzzer.o
                0x000114bc                FEHBuzzer::FEHBuzzer()
                0x000114bc                FEHBuzzer::FEHBuzzer()
 .text._Z41__static_initialization_and_destruction_0ii
                0x000114d4       0x30 Libraries\FEHBuzzer.o
 .text._GLOBAL__sub_I_Buzzer
                0x00011504       0x14 Libraries\FEHBuzzer.o
 .text._ZN6FEHLCD11_InitializeEv
                0x00011518      0x5dc Libraries\FEHLCD.o
                0x00011518                FEHLCD::_Initialize()
 .text._ZN6FEHLCDC2Ev
                0x00011af4       0x64 Libraries\FEHLCD.o
                0x00011af4                FEHLCD::FEHLCD()
                0x00011af4                FEHLCD::FEHLCD()
 .text._ZN6FEHLCD10InitializeEv
                0x00011b58       0x38 Libraries\FEHLCD.o
                0x00011b58                FEHLCD::Initialize()
 .text._ZN6FEHLCD10PrintImageEii
                0x00011b90      0x100 Libraries\FEHLCD.o
                0x00011b90                FEHLCD::PrintImage(int, int)
 .text._ZN6FEHLCD9PrintLogoEii
                0x00011c90      0x100 Libraries\FEHLCD.o
                0x00011c90                FEHLCD::PrintLogo(int, int)
 .text._ZN6FEHLCD22ConvertFEHColorTo24BitENS_11FEHLCDColorE
                0x00011d90       0x80 Libraries\FEHLCD.o
                0x00011d90                FEHLCD::ConvertFEHColorTo24Bit(FEHLCD::FEHLCDColor)
 .text._ZN6FEHLCD24Convert24BitColorTo16BitEj
                0x00011e10       0x40 Libraries\FEHLCD.o
                0x00011e10                FEHLCD::Convert24BitColorTo16Bit(unsigned int)
 .text._ZN6FEHLCD22ConvertRGBColorTo16BitEhhh
                0x00011e50       0x44 Libraries\FEHLCD.o
                0x00011e50                FEHLCD::ConvertRGBColorTo16Bit(unsigned char, unsigned char, unsigned char)
 .text._ZN6FEHLCD5ClearENS_11FEHLCDColorE
                0x00011e94       0x28 Libraries\FEHLCD.o
                0x00011e94                FEHLCD::Clear(FEHLCD::FEHLCDColor)
 .text._ZN6FEHLCD5ClearEj
                0x00011ebc       0x2c Libraries\FEHLCD.o
                0x00011ebc                FEHLCD::Clear(unsigned int)
 .text._ZN6FEHLCD18SetBackgroundColorENS_11FEHLCDColorE
                0x00011ee8       0x28 Libraries\FEHLCD.o
                0x00011ee8                FEHLCD::SetBackgroundColor(FEHLCD::FEHLCDColor)
 .text._ZN6FEHLCD18SetBackgroundColorEj
                0x00011f10       0x28 Libraries\FEHLCD.o
                0x00011f10                FEHLCD::SetBackgroundColor(unsigned int)
 .text._ZN6FEHLCD12SetFontColorENS_11FEHLCDColorE
                0x00011f38       0x28 Libraries\FEHLCD.o
                0x00011f38                FEHLCD::SetFontColor(FEHLCD::FEHLCDColor)
 .text._ZN6FEHLCD12SetFontColorEj
                0x00011f60       0x28 Libraries\FEHLCD.o
                0x00011f60                FEHLCD::SetFontColor(unsigned int)
 .text._ZN6FEHLCD7WriteAtEPKcii
                0x00011f88       0x58 Libraries\FEHLCD.o
                0x00011f88                FEHLCD::WriteAt(char const*, int, int)
 .text._ZN6FEHLCD11TS_SPI_InitEv
                0x00011fe0       0xa8 Libraries\FEHLCD.o
                0x00011fe0                FEHLCD::TS_SPI_Init()
 .text._ZN6FEHLCD5TouchEPfS0_
                0x00012088      0x240 Libraries\FEHLCD.o
                0x00012088                FEHLCD::Touch(float*, float*)
 .text._ZN6FEHLCD3absEi
                0x000122c8       0x28 Libraries\FEHLCD.o
                0x000122c8                FEHLCD::abs(int)
 .text._ZN6FEHLCD10WriteIndexEh
                0x000122f0      0x288 Libraries\FEHLCD.o
                0x000122f0                FEHLCD::WriteIndex(unsigned char)
 .text._ZN6FEHLCD14WriteParameterEh
                0x00012578      0x254 Libraries\FEHLCD.o
                0x00012578                FEHLCD::WriteParameter(unsigned char)
 .text._ZN6FEHLCD6_ClearEv
                0x000127cc      0x228 Libraries\FEHLCD.o
                0x000127cc                FEHLCD::_Clear()
 .text._ZN6FEHLCD8NextLineEv
                0x000129f4       0x30 Libraries\FEHLCD.o
                0x000129f4                FEHLCD::NextLine()
 .text._ZN6FEHLCD9CheckLineEv
                0x00012a24       0x2c Libraries\FEHLCD.o
                0x00012a24                FEHLCD::CheckLine()
 .text._ZN6FEHLCD9DrawPixelEii
                0x00012a50       0x30 Libraries\FEHLCD.o
                0x00012a50                FEHLCD::DrawPixel(int, int)
 .text._Z4SwapRiS_
                0x00012a80       0x28 Libraries\FEHLCD.o
                0x00012a80                Swap(int&, int&)
 .text._ZN6FEHLCD13DrawRectangleEiiii
                0x00012aa8       0x80 Libraries\FEHLCD.o
                0x00012aa8                FEHLCD::DrawRectangle(int, int, int, int)
 .text._ZN6FEHLCD13SetDrawRegionEiiii
                0x00012b28      0x10c Libraries\FEHLCD.o
                0x00012b28                FEHLCD::SetDrawRegion(int, int, int, int)
 .text._ZN6FEHLCD8DrawLineEiiii
                0x00012c34      0x17c Libraries\FEHLCD.o
                0x00012c34                FEHLCD::DrawLine(int, int, int, int)
 .text._ZN6FEHLCD11WriteCharAtEiic
                0x00012db0      0x278 Libraries\FEHLCD.o
                0x00012db0                FEHLCD::WriteCharAt(int, int, char)
 .text._ZN6FEHLCD11RepeatColorEv
                0x00013028       0xbc Libraries\FEHLCD.o
                0x00013028                FEHLCD::RepeatColor()
 .text._ZN6FEHLCD10_ForePixelEv
                0x000130e4      0x160 Libraries\FEHLCD.o
                0x000130e4                FEHLCD::_ForePixel()
 .text._ZN6FEHLCD10_BackPixelEv
                0x00013244      0x160 Libraries\FEHLCD.o
                0x00013244                FEHLCD::_BackPixel()
 .text._ZN6FEHLCD22SetRegisterColorValuesEv
                0x000133a4      0x4c0 Libraries\FEHLCD.o
                0x000133a4                FEHLCD::SetRegisterColorValues()
 .text._Z41__static_initialization_and_destruction_0ii
                0x00013864       0x30 Libraries\FEHLCD.o
 .text._GLOBAL__sub_I_image
                0x00013894       0x14 Libraries\FEHLCD.o
 .text._ZN8FEHAccelC2Ev
                0x000138a8       0x8c Libraries\FEHAccel.o
                0x000138a8                FEHAccel::FEHAccel()
                0x000138a8                FEHAccel::FEHAccel()
 .text._Z41__static_initialization_and_destruction_0ii
                0x00013934       0x30 Libraries\FEHAccel.o
 .text._GLOBAL__sub_I_Accel
                0x00013964       0x14 Libraries\FEHAccel.o
 .text._ZN10FEHBatteryC2EN5FEHIO8FEHIOPinE
                0x00013978       0x24 Libraries\FEHBattery.o
                0x00013978                FEHBattery::FEHBattery(FEHIO::FEHIOPin)
                0x00013978                FEHBattery::FEHBattery(FEHIO::FEHIOPin)
 .text._Z41__static_initialization_and_destruction_0ii
                0x0001399c       0x34 Libraries\FEHBattery.o
 .text._GLOBAL__sub_I_Battery
                0x000139d0       0x14 Libraries\FEHBattery.o
 .text._ZN7FEHXBeeC2Ev
                0x000139e4       0x20 Drivers\FEHXBee.o
                0x000139e4                FEHXBee::FEHXBee()
                0x000139e4                FEHXBee::FEHXBee()
 .text._ZN7FEHXBee17SetPacketCallBackEPFvPhhE
                0x00013a04       0x20 Drivers\FEHXBee.o
                0x00013a04                FEHXBee::SetPacketCallBack(void (*)(unsigned char*, unsigned char))
 .text._Z9UART0_ISRv
                0x00013a24      0x174 Drivers\FEHXBee.o
                0x00013a24                UART0_ISR()
 .text._ZN6FEHRPSC2Ev
                0x00013b98       0x88 Libraries\FEHRPS.o
                0x00013b98                FEHRPS::FEHRPS()
                0x00013b98                FEHRPS::FEHRPS()
 .text._Z14RPSDataProcessPhh
                0x00013c20      0x164 Libraries\FEHRPS.o
                0x00013c20                RPSDataProcess(unsigned char*, unsigned char)
 .text._Z41__static_initialization_and_destruction_0ii
                0x00013d84       0x30 Libraries\FEHRPS.o
 .text._GLOBAL__sub_I_RPS
                0x00013db4       0x14 Libraries\FEHRPS.o
 .text._ZN5FEHSDC2Ev
                0x00013dc8       0x24 Libraries\FEHSD.o
                0x00013dc8                FEHSD::FEHSD()
                0x00013dc8                FEHSD::FEHSD()
 .text._ZN5FEHSD8CloseLogEv
                0x00013dec       0x38 Libraries\FEHSD.o
                0x00013dec                FEHSD::CloseLog()
 .text._Z41__static_initialization_and_destruction_0ii
                0x00013e24       0x30 Libraries\FEHSD.o
 .text._GLOBAL__sub_I_SD
                0x00013e54       0x14 Libraries\FEHSD.o
 .text.atan     0x00013e68      0x348 C:\fehqt\Proteus/EWL/lib/armv7e-m\libm.a(s_atan.o)
                0x00013e68                atan
 .text.sqrt     0x000141b0        0x4 C:\fehqt\Proteus/EWL/lib/armv7e-m\libm.a(w_sqrt.o)
                0x000141b0                sqrt
 .text.__ieee754_sqrt
                0x000141b4      0x164 C:\fehqt\Proteus/EWL/lib/armv7e-m\libm.a(e_sqrt.o)
                0x000141b4                __ieee754_sqrt
 .text.sbrk     0x00014318       0x28 C:\fehqt\Proteus/EWL/lib/armv7e-m\libc.a(alloc.o)
                0x00014318                sbrk
 .text.malloc   0x00014340      0x110 C:\fehqt\Proteus/EWL/lib/armv7e-m\libc.a(alloc.o)
                0x00014340                malloc
 .text.free     0x00014450       0x10 C:\fehqt\Proteus/EWL/lib/armv7e-m\libc.a(alloc.o)
                0x00014450                free
 .text.calloc   0x00014460       0x38 C:\fehqt\Proteus/EWL/lib/armv7e-m\libc.a(alloc.o)
                0x00014460                calloc
 .text.exit     0x00014498       0x38 C:\fehqt\Proteus/EWL/lib/armv7e-m\libc.a(exit.o)
                0x00014498                exit
 .text.memset   0x000144d0        0xc C:\fehqt\Proteus/EWL/lib/armv7e-m\libc.a(memset.o)
                0x000144d0                memset
 .text.strlen   0x000144dc       0x10 C:\fehqt\Proteus/EWL/lib/armv7e-m\libc.a(strlen.o)
                0x000144dc                strlen
 .text.long2str.isra.0
                0x000144ec      0x196 C:\fehqt\Proteus/EWL/lib/armv7e-m\libc.a(printformat_.o)
 *fill*         0x00014682        0x2 00
 .text.__pformatter_
                0x00014684      0x3f8 C:\fehqt\Proteus/EWL/lib/armv7e-m\libc.a(printformat_.o)
                0x00014684                __pformatter_
 .text.__sformatter
                0x00014a7c      0x74e C:\fehqt\Proteus/EWL/lib/armv7e-m\libc.a(scanformat_.o)
                0x00014a7c                __sformatter
 *fill*         0x000151ca        0x2 00
 .text.isalpha  0x000151cc       0x1c C:\fehqt\Proteus/EWL/lib/armv7e-m\libc.a(ctype_aeabi.o)
                0x000151cc                isalpha
 .text.isspace  0x000151e8       0x1c C:\fehqt\Proteus/EWL/lib/armv7e-m\libc.a(ctype_aeabi.o)
                0x000151e8                isspace
 .text.toupper  0x00015204        0xc C:\fehqt\Proteus/EWL/lib/armv7e-m\libc.a(ctype_aeabi.o)
                0x00015204                toupper
 .text.__strtoul
                0x00015210      0x1dc C:\fehqt\Proteus/EWL/lib/armv7e-m\libc.a(__strtoul.o)
                0x00015210                __strtoul
 .text.__fill_mem
                0x000153ec       0x76 C:\fehqt\Proteus/EWL/lib/armv7e-m\libc.a(__filll_mem.o)
                0x000153ec                __fill_mem
 .text.memchr   0x00015462       0x1a C:\fehqt\Proteus/EWL/lib/armv7e-m\libc.a(memchr.o)
                0x00015462                memchr
 .text.strchr   0x0001547c       0x1c C:\fehqt\Proteus/EWL/lib/armv7e-m\libc.a(strchr.o)
                0x0001547c                strchr
 .text.__init_cpp
                0x00015498       0x4c C:\fehqt\Proteus/EWL/lib/armv7e-m\librt.a(gcc_ctor_dtor.o)
                0x00015498                __init_cpp
 .text.__fini_cpp
                0x000154e4       0x34 C:\fehqt\Proteus/EWL/lib/armv7e-m\librt.a(gcc_ctor_dtor.o)
                0x000154e4                __fini_cpp
 .text.__copy_rom_section
                0x00015518       0x44 C:\fehqt\Proteus/EWL/lib/armv7e-m\librt.a(ROMCopy.o)
                0x00015518                __copy_rom_section
 .text.__copy_rom_sections_to_ram
                0x0001555c       0x34 C:\fehqt\Proteus/EWL/lib/armv7e-m\librt.a(ROMCopy.o)
                0x0001555c                __copy_rom_sections_to_ram
 .text.__destroy_global_chain
                0x00015590       0x1c C:\fehqt\Proteus/EWL/lib/armv7e-m\librt.a(__arm_eabi_init.o)
                0x00015590                __destroy_global_chain
 .text.__init_registers
                0x000155ac       0x20 C:\fehqt\Proteus/EWL/lib/armv7e-m\librt.a(__arm_eabi_init.o)
                0x000155ac                __init_registers
 .text.__init_user
                0x000155cc        0x4 C:\fehqt\Proteus/EWL/lib/armv7e-m\librt.a(__arm_eabi_init.o)
                0x000155cc                __init_user
 *(.rodata)
 .rodata        0x000155d0       0x10 ..\main.o
 .rodata        0x000155e0       0x78 Libraries\FEHIO.o
 .rodata        0x00015658       0x34 Libraries\FEHLCD.o
 *(.rodata*)
 .rodata.K60_SDHC0_init
                0x0001568c        0xc Drivers\SDHC.o
                0x0001568c                K60_SDHC0_init
 .rodata._ZL21ESDHC_COMMAND_XFERTYP
                0x00015698      0x100 Drivers\SDHC.o
 .rodata._ZL9GPIOPorts
                0x00015798       0x20 Libraries\FEHIO.o
 .rodata._ZL10ADCNumbers
                0x000157b8       0x24 Libraries\FEHIO.o
 .rodata._ZL14GPIOPinNumbers
                0x000157dc       0x80 Libraries\FEHIO.o
 .rodata._ZL16AnalogPinNumbers
                0x0001585c       0x84 Libraries\FEHIO.o
 .rodata.atanlo
                0x000158e0       0x20 C:\fehqt\Proteus/EWL/lib/armv7e-m\libm.a(s_atan.o)
 .rodata.atanhi
                0x00015900       0x20 C:\fehqt\Proteus/EWL/lib/armv7e-m\libm.a(s_atan.o)
 .rodata.str1.1
                0x00015920        0x1 C:\fehqt\Proteus/EWL/lib/armv7e-m\libc.a(printformat_.o)
 .rodata.__aeabi_ctype_table_C
                0x00015921      0x101 C:\fehqt\Proteus/EWL/lib/armv7e-m\libc.a(ctype_aeabi.o)
                0x00015921                __aeabi_ctype_table_C
 *(.glue_7)
 .glue_7        0x00000000        0x0 linker stubs
 *(.glue_7t)
 .glue_7t       0x00000000        0x0 linker stubs
 *(.eh_frame)
 *(.init)
 *(.fini)
                0x00015a24                . = ALIGN (0x4)
 *fill*         0x00015a22        0x2 00
                0x00015a24                _etext = .

.vfp11_veneer   0x00015a24        0x0
 .vfp11_veneer  0x00000000        0x0 linker stubs

.v4_bx          0x00015a24        0x0
 .v4_bx         0x00000000        0x0 linker stubs

.ARM.extab
 *(.ARM.extab* .gnu.linkonce.armextab.*)

.ARM            0x00015a24        0x0
                0x00015a24                __exidx_start = .
 *(.ARM.exidx*)
                0x00015a24                __exidx_end = .

.ctors          0x00015a24        0x0
                0x00015a24                __CTOR_LIST__ = .
 *crtbegin.o(.ctors)
 *(EXCLUDE_FILE(*crtend.o) .ctors)
 *(SORT(.ctors.*))
 *(.ctors)
                0x00015a24                __CTOR_END__ = .

.dtors          0x00015a24        0x0
                0x00015a24                __DTOR_LIST__ = .
 *crtbegin.o(.dtors)
 *(EXCLUDE_FILE(*crtend.o) .dtors)
 *(SORT(.dtors.*))
 *(.dtors)
                0x00015a24                __DTOR_END__ = .

.preinit_array  0x00015a24        0x0
                0x00015a24                PROVIDE (__preinit_array_start, .)
 *(.preinit_array*)
                0x00015a24                PROVIDE (__preinit_array_end, .)

.init_array     0x00015a24       0x1c
                0x00015a24                PROVIDE (__init_array_start, .)
 *(SORT(.init_array.*))
 *(.init_array*)
 .init_array    0x00015a24        0x4 FEHProteus.o
 .init_array    0x00015a28        0x4 Libraries\FEHBuzzer.o
 .init_array    0x00015a2c        0x4 Libraries\FEHLCD.o
 .init_array    0x00015a30        0x4 Libraries\FEHAccel.o
 .init_array    0x00015a34        0x4 Libraries\FEHBattery.o
 .init_array    0x00015a38        0x4 Libraries\FEHRPS.o
 .init_array    0x00015a3c        0x4 Libraries\FEHSD.o
                0x00015a40                PROVIDE (__init_array_end, .)

.fini_array     0x00015a40        0x0
                0x00015a40                PROVIDE (__fini_array_start, .)
 *(SORT(.fini_array.*))
 *(.fini_array*)
                0x00015a40                PROVIDE (__fini_array_end, .)
                0x00015a40                ___ROM_AT = .

.data           0x1fff0400      0xd28 load address 0x00015a40
                0x1fff0400                . = ALIGN (0x4)
                0x1fff0400                _sdata = .
 *(.data)
 *(.data*)
 .data._ZL4Stat
                0x1fff0400        0x1 Drivers\SDHC.o
 *fill*         0x1fff0401        0x3 00
 .data.image    0x1fff0404      0x750 Libraries\FEHLCD.o
                0x1fff0404                image
 .data.logo     0x1fff0b54      0x3e8 Libraries\FEHLCD.o
                0x1fff0b54                logo
 .data._ZN6FEHLCD8fontDataE
                0x1fff0f3c      0x1e0 Libraries\FEHLCD.o
                0x1fff0f3c                FEHLCD::fontData
 .data.__double_nan
                0x1fff111c        0x8 C:\fehqt\Proteus/EWL/lib/armv7e-m\libm.a(float.o)
                0x1fff111c                __double_nan
 .data.tail     0x1fff1124        0x4 C:\fehqt\Proteus/EWL/lib/armv7e-m\libc.a(alloc.o)
                0x1fff1128                . = ALIGN (0x4)
                0x1fff1128                _edata = .
                0x00000d28                ___data_size = (_edata - _sdata)
                0x00016768                ___m_data2_ROMStart = (___ROM_AT + SIZEOF (.data))

.user_data2     0x20000000        0x0 load address 0x00016768
                0x20000000                . = ALIGN (0x4)
                0x20000000                ___m_data2_RAMStart = .
 *(.data2)
                0x20000000                ___m_data2_RAMEnd = .
                0x20000000                . = ALIGN (0x4)
                0x00000000                ___m_data2_ROMSize = (___m_data2_RAMEnd - ___m_data2_RAMStart)
                0x20000000                . = ALIGN (0x4)

.bss            0x1fff1128      0x5bc load address 0x00016768
                0x1fff1128                __START_BSS = .
                0x1fff1128                PROVIDE (__bss_start__, __START_BSS)
 *(.bss)
 *(.bss*)
 .bss._ZL4argv  0x1fff1128        0x4 Startup\__arm_start.o
 .bss.MasterTransmission
                0x1fff112c        0x1 Drivers\i2c.o
                0x1fff112c                MasterTransmission
 .bss.SlaveID   0x1fff112d        0x1 Drivers\i2c.o
                0x1fff112d                SlaveID
 *fill*         0x1fff112e        0x2 00
 .bss.SDHC_Card
                0x1fff1130       0x14 Drivers\SDHC.o
                0x1fff1130                SDHC_Card
 .bss.SDHC_Info
                0x1fff1144      0x204 Drivers\SDHC.o
                0x1fff1144                SDHC_Info
 .bss.SDHC_Device
                0x1fff1348        0x8 Drivers\SDHC.o
                0x1fff1348                SDHC_Device
 .bss.Propeller
                0x1fff1350        0x4 FEHProteus.o
                0x1fff1350                Propeller
 .bss.CoreClockKHz
                0x1fff1354        0x4 FEHProteus.o
                0x1fff1354                CoreClockKHz
 .bss.CoreClockMHz
                0x1fff1358        0x4 FEHProteus.o
                0x1fff1358                CoreClockMHz
 .bss.PeripheralClockKHz
                0x1fff135c        0x4 FEHProteus.o
                0x1fff135c                PeripheralClockKHz
 .bss._ZN14AnalogInputPin17Master_Adc_ConfigE
                0x1fff1360       0x10 Libraries\FEHIO.o
                0x1fff1360                AnalogInputPin::Master_Adc_Config
 .bss._ZN14AnalogInputPin18Encoder_Adc_ConfigE
                0x1fff1370       0x10 Libraries\FEHIO.o
                0x1fff1370                AnalogInputPin::Encoder_Adc_Config
 .bss.interrupt_counts
                0x1fff1380       0x80 Libraries\FEHIO.o
                0x1fff1380                interrupt_counts
 .bss._ZN13AnalogEncoder7pinListE
                0x1fff1400        0x4 Libraries\FEHIO.o
                0x1fff1400                AnalogEncoder::pinList
 .bss.__interrupt_counter
                0x1fff1404        0x4 Libraries\FEHIO.o
                0x1fff1404                __interrupt_counter
 .bss.Buzzer    0x1fff1408        0x4 Libraries\FEHBuzzer.o
                0x1fff1408                Buzzer
 .bss.LCD       0x1fff140c       0x44 Libraries\FEHLCD.o
                0x1fff140c                LCD
 .bss.initialized
                0x1fff1450        0x1 Libraries\FEHLCD.o
                0x1fff1450                initialized
 *fill*         0x1fff1451        0x3 00
 .bss.Accel     0x1fff1454        0x4 Libraries\FEHAccel.o
                0x1fff1454                Accel
 .bss.Battery   0x1fff1458        0x4 Libraries\FEHBattery.o
                0x1fff1458                Battery
 .bss.XBeeDataProcess
                0x1fff145c        0x4 Drivers\FEHXBee.o
                0x1fff145c                XBeeDataProcess
 .bss._xbeebuffer
                0x1fff1460       0x10 Drivers\FEHXBee.o
                0x1fff1460                _xbeebuffer
 .bss._xbeebufferindex
                0x1fff1470        0x1 Drivers\FEHXBee.o
                0x1fff1470                _xbeebufferindex
 .bss._xbeestate
                0x1fff1471        0x1 Drivers\FEHXBee.o
                0x1fff1471                _xbeestate
 .bss._xbeebytereceived
                0x1fff1472        0x1 Drivers\FEHXBee.o
                0x1fff1472                _xbeebytereceived
 .bss._xbeebyte
                0x1fff1473        0x1 Drivers\FEHXBee.o
                0x1fff1473                _xbeebyte
 .bss.RPS       0x1fff1474        0x8 Libraries\FEHRPS.o
                0x1fff1474                RPS
 .bss._enabled  0x1fff147c        0x1 Libraries\FEHRPS.o
                0x1fff147c                _enabled
 *fill*         0x1fff147d        0x3 00
 .bss._RPS_x    0x1fff1480        0x4 Libraries\FEHRPS.o
                0x1fff1480                _RPS_x
 .bss._RPS_y    0x1fff1484        0x4 Libraries\FEHRPS.o
                0x1fff1484                _RPS_y
 .bss._RPS_heading
                0x1fff1488        0x4 Libraries\FEHRPS.o
                0x1fff1488                _RPS_heading
 .bss._RPS_objective
                0x1fff148c        0x4 Libraries\FEHRPS.o
                0x1fff148c                _RPS_objective
 .bss._RPS_time
                0x1fff1490        0x1 Libraries\FEHRPS.o
                0x1fff1490                _RPS_time
 .bss._RPS_stop
                0x1fff1491        0x1 Libraries\FEHRPS.o
                0x1fff1491                _RPS_stop
 .bss._RPS_foundpacket
                0x1fff1492        0x1 Libraries\FEHRPS.o
                0x1fff1492                _RPS_foundpacket
 *fill*         0x1fff1493        0x1 00
 .bss.SD        0x1fff1494        0x4 Libraries\FEHSD.o
                0x1fff1494                SD
 .bss.logfil    0x1fff1498      0x228 Libraries\FEHSD.o
                0x1fff1498                logfil
 .bss.head      0x1fff16c0        0x4 C:\fehqt\Proteus/EWL/lib/armv7e-m\libc.a(alloc.o)
 .bss.heap_end.4218
                0x1fff16c4        0x4 C:\fehqt\Proteus/EWL/lib/armv7e-m\libc.a(alloc.o)
 .bss.__stdio_exit
                0x1fff16c8        0x4 C:\fehqt\Proteus/EWL/lib/armv7e-m\libc.a(exit.o)
                0x1fff16c8                __stdio_exit
 .bss.__console_exit
                0x1fff16cc        0x4 C:\fehqt\Proteus/EWL/lib/armv7e-m\libc.a(exit.o)
                0x1fff16cc                __console_exit
 .bss.__S_romp  0x1fff16d0        0xc C:\fehqt\Proteus/EWL/lib/armv7e-m\librt.a(ROMCopy.o)
 .bss.__global_destructor_chain
                0x1fff16dc        0x4 C:\fehqt\Proteus/EWL/lib/armv7e-m\librt.a(__arm_eabi_init.o)
                0x1fff16dc                __global_destructor_chain
 *(COMMON)
 COMMON         0x1fff16e0        0x4 C:\fehqt\Proteus/EWL/lib/armv7e-m\libc.a(errno.o)
                0x1fff16e0                errno
                0x1fff16e4                . = ALIGN (0x4)
                0x1fff16e4                __END_BSS = .
                0x1fff16e4                PROVIDE (__bss_end__, __END_BSS)

._user_heap_stack
                0x1fff16e4     0x1000 load address 0x00016d24
                0x1fff16e4                . = ALIGN (0x4)
                0x1fff16e4                PROVIDE (end, .)
                0x1fff16e4                PROVIDE (_end, .)
                0x1fff16e4                __heap_addr = .
                0x1fff1ee4                . = (. + __heap_size)
 *fill*         0x1fff16e4      0x800 00
                0x1fff26e4                . = (. + __stack_size)
 *fill*         0x1fff1ee4      0x800 00
                0x1fff26e4                . = ALIGN (0x4)
                0x00016768                _romp_at = ((___ROM_AT + SIZEOF (.data)) + SIZEOF (.user_data2))

.romp           0x20000000       0x24 load address 0x00016768
                0x00016768                __S_romp = _romp_at
                0x20000000        0x4 LONG 0x15a40 ___ROM_AT
                0x20000004        0x4 LONG 0x1fff0400 _sdata
                0x20000008        0x4 LONG 0xd28 ___data_size
                0x2000000c        0x4 LONG 0x16768 ___m_data2_ROMStart
                0x20000010        0x4 LONG 0x20000000 ___m_data2_RAMStart
                0x20000014        0x4 LONG 0x0 ___m_data2_ROMSize
                0x20000018        0x4 LONG 0x0
                0x2000001c        0x4 LONG 0x0
                0x20000020        0x4 LONG 0x0

.ARM.attributes
                0x00000000       0x33
 *(.ARM.attributes)
 .ARM.attributes
                0x00000000       0x33 ..\main.o
 .ARM.attributes
                0x00000033       0x33 Startup\__arm_start.o
 .ARM.attributes
                0x00000066       0x33 Startup\__arm_end.o
 .ARM.attributes
                0x00000099       0x33 Startup\kinetis_sysinit.o
 .ARM.attributes
                0x000000cc       0x33 Libraries\FEHMotor.o
 .ARM.attributes
                0x000000ff       0x33 Drivers\i2c.o
 .ARM.attributes
                0x00000132       0x33 Drivers\spi.o
 .ARM.attributes
                0x00000165       0x33 Drivers\uart.o
 .ARM.attributes
                0x00000198       0x33 Drivers\ff.o
 .ARM.attributes
                0x000001cb       0x33 Drivers\SDHC.o
 .ARM.attributes
                0x000001fe       0x33 Drivers\lptmr.o
 .ARM.attributes
                0x00000231       0x33 FEHProteus.o
 .ARM.attributes
                0x00000264       0x33 Drivers\FEHPropeller.o
 .ARM.attributes
                0x00000297       0x33 Libraries\FEHUtility.o
 .ARM.attributes
                0x000002ca       0x33 Libraries\FEHIO.o
 .ARM.attributes
                0x000002fd       0x33 Drivers\adc16.o
 .ARM.attributes
                0x00000330       0x33 Libraries\FEHBuzzer.o
 .ARM.attributes
                0x00000363       0x33 Libraries\FEHLCD.o
 .ARM.attributes
                0x00000396       0x33 Libraries\FEHAccel.o
 .ARM.attributes
                0x000003c9       0x33 Libraries\FEHBattery.o
 .ARM.attributes
                0x000003fc       0x33 Drivers\FEHXBee.o
 .ARM.attributes
                0x0000042f       0x33 Libraries\FEHRPS.o
 .ARM.attributes
                0x00000462       0x33 Libraries\FEHSD.o
 .ARM.attributes
                0x00000495       0x33 C:\fehqt\Proteus/EWL/lib/armv7e-m\libm.a(s_atan.o)
 .ARM.attributes
                0x000004c8       0x33 C:\fehqt\Proteus/EWL/lib/armv7e-m\libm.a(w_sqrt.o)
 .ARM.attributes
                0x000004fb       0x33 C:\fehqt\Proteus/EWL/lib/armv7e-m\libm.a(e_sqrt.o)
 .ARM.attributes
                0x0000052e       0x33 C:\fehqt\Proteus/EWL/lib/armv7e-m\libm.a(float.o)
 .ARM.attributes
                0x00000561       0x33 C:\fehqt\Proteus/EWL/lib/armv7e-m\libc.a(errno.o)
 .ARM.attributes
                0x00000594       0x33 C:\fehqt\Proteus/EWL/lib/armv7e-m\libc.a(alloc.o)
 .ARM.attributes
                0x000005c7       0x33 C:\fehqt\Proteus/EWL/lib/armv7e-m\libc.a(exit.o)
 .ARM.attributes
                0x000005fa       0x33 C:\fehqt\Proteus/EWL/lib/armv7e-m\libc.a(memset.o)
 .ARM.attributes
                0x0000062d       0x33 C:\fehqt\Proteus/EWL/lib/armv7e-m\libc.a(strlen.o)
 .ARM.attributes
                0x00000660       0x33 C:\fehqt\Proteus/EWL/lib/armv7e-m\libc.a(printformat_.o)
 .ARM.attributes
                0x00000693       0x33 C:\fehqt\Proteus/EWL/lib/armv7e-m\libc.a(scanformat_.o)
 .ARM.attributes
                0x000006c6       0x33 C:\fehqt\Proteus/EWL/lib/armv7e-m\libc.a(ctype_aeabi.o)
 .ARM.attributes
                0x000006f9       0x33 C:\fehqt\Proteus/EWL/lib/armv7e-m\libc.a(__strtoul.o)
 .ARM.attributes
                0x0000072c       0x33 C:\fehqt\Proteus/EWL/lib/armv7e-m\libc.a(__filll_mem.o)
 .ARM.attributes
                0x0000075f       0x33 C:\fehqt\Proteus/EWL/lib/armv7e-m\libc.a(memchr.o)
 .ARM.attributes
                0x00000792       0x33 C:\fehqt\Proteus/EWL/lib/armv7e-m\libc.a(strchr.o)
 .ARM.attributes
                0x000007c5       0x1e c:/fehqt/proteus/gcc/bin/../lib/gcc/arm-none-eabi/4.6.2/armv7e-m\libgcc.a(_arm_addsubdf3.o)
 .ARM.attributes
                0x000007e3       0x1e c:/fehqt/proteus/gcc/bin/../lib/gcc/arm-none-eabi/4.6.2/armv7e-m\libgcc.a(_arm_muldivdf3.o)
 .ARM.attributes
                0x00000801       0x1e c:/fehqt/proteus/gcc/bin/../lib/gcc/arm-none-eabi/4.6.2/armv7e-m\libgcc.a(_arm_cmpdf2.o)
 .ARM.attributes
                0x0000081f       0x1e c:/fehqt/proteus/gcc/bin/../lib/gcc/arm-none-eabi/4.6.2/armv7e-m\libgcc.a(_arm_fixdfsi.o)
 .ARM.attributes
                0x0000083d       0x1e c:/fehqt/proteus/gcc/bin/../lib/gcc/arm-none-eabi/4.6.2/armv7e-m\libgcc.a(_arm_fixunsdfsi.o)
 .ARM.attributes
                0x0000085b       0x1e c:/fehqt/proteus/gcc/bin/../lib/gcc/arm-none-eabi/4.6.2/armv7e-m\libgcc.a(_arm_truncdfsf2.o)
 .ARM.attributes
                0x00000879       0x1e c:/fehqt/proteus/gcc/bin/../lib/gcc/arm-none-eabi/4.6.2/armv7e-m\libgcc.a(_arm_addsubsf3.o)
 .ARM.attributes
                0x00000897       0x1e c:/fehqt/proteus/gcc/bin/../lib/gcc/arm-none-eabi/4.6.2/armv7e-m\libgcc.a(_arm_muldivsf3.o)
 .ARM.attributes
                0x000008b5       0x1e c:/fehqt/proteus/gcc/bin/../lib/gcc/arm-none-eabi/4.6.2/armv7e-m\libgcc.a(_arm_cmpsf2.o)
 .ARM.attributes
                0x000008d3       0x1e c:/fehqt/proteus/gcc/bin/../lib/gcc/arm-none-eabi/4.6.2/armv7e-m\libgcc.a(_arm_fixsfsi.o)
 .ARM.attributes
                0x000008f1       0x33 C:\fehqt\Proteus/EWL/lib/armv7e-m\librt.a(gcc_ctor_dtor.o)
 .ARM.attributes
                0x00000924       0x33 C:\fehqt\Proteus/EWL/lib/armv7e-m\librt.a(ROMCopy.o)
 .ARM.attributes
                0x00000957       0x33 C:\fehqt\Proteus/EWL/lib/armv7e-m\librt.a(__arm_eabi_init.o)
OUTPUT(../pathDrawer.elf elf32-littlearm)

.debug_info     0x00000000    0x1387a
 .debug_info    0x00000000      0xfd4 ..\main.o
 .debug_info    0x00000fd4     0x12c5 Startup\__arm_start.o
 .debug_info    0x00002299       0x58 Startup\__arm_end.o
 .debug_info    0x000022f1      0x61c Startup\kinetis_sysinit.o
 .debug_info    0x0000290d      0x335 Libraries\FEHMotor.o
 .debug_info    0x00002c42      0x250 Drivers\i2c.o
 .debug_info    0x00002e92      0x6cf Drivers\spi.o
 .debug_info    0x00003561      0x59c Drivers\uart.o
 .debug_info    0x00003afd     0x1da0 Drivers\ff.o
 .debug_info    0x0000589d      0xf1d Drivers\SDHC.o
 .debug_info    0x000067ba      0x2de Drivers\lptmr.o
 .debug_info    0x00006a98      0x1a7 FEHProteus.o
 .debug_info    0x00006c3f      0x722 Drivers\FEHPropeller.o
 .debug_info    0x00007361      0x36c Libraries\FEHUtility.o
 .debug_info    0x000076cd     0x1c6a Libraries\FEHIO.o
 .debug_info    0x00009337      0x4ab Drivers\adc16.o
 .debug_info    0x000097e2      0xa42 Libraries\FEHBuzzer.o
 .debug_info    0x0000a224     0x2c25 Libraries\FEHLCD.o
 .debug_info    0x0000ce49      0x26a Libraries\FEHAccel.o
 .debug_info    0x0000d0b3      0x3a9 Libraries\FEHBattery.o
 .debug_info    0x0000d45c      0xac3 Drivers\FEHXBee.o
 .debug_info    0x0000df1f     0x1b23 Libraries\FEHRPS.o
 .debug_info    0x0000fa42     0x16c8 Libraries\FEHSD.o
 .debug_info    0x0001110a      0x23b C:\fehqt\Proteus/EWL/lib/armv7e-m\libm.a(s_atan.o)
 .debug_info    0x00011345       0xba C:\fehqt\Proteus/EWL/lib/armv7e-m\libm.a(w_sqrt.o)
 .debug_info    0x000113ff      0x288 C:\fehqt\Proteus/EWL/lib/armv7e-m\libm.a(e_sqrt.o)
 .debug_info    0x00011687      0x1e5 C:\fehqt\Proteus/EWL/lib/armv7e-m\libm.a(float.o)
 .debug_info    0x0001186c       0xa5 C:\fehqt\Proteus/EWL/lib/armv7e-m\libc.a(errno.o)
 .debug_info    0x00011911      0x348 C:\fehqt\Proteus/EWL/lib/armv7e-m\libc.a(alloc.o)
 .debug_info    0x00011c59      0x103 C:\fehqt\Proteus/EWL/lib/armv7e-m\libc.a(exit.o)
 .debug_info    0x00011d5c       0xf4 C:\fehqt\Proteus/EWL/lib/armv7e-m\libc.a(memset.o)
 .debug_info    0x00011e50       0xf3 C:\fehqt\Proteus/EWL/lib/armv7e-m\libc.a(strlen.o)
 .debug_info    0x00011f43      0x512 C:\fehqt\Proteus/EWL/lib/armv7e-m\libc.a(printformat_.o)
 .debug_info    0x00012455      0x564 C:\fehqt\Proteus/EWL/lib/armv7e-m\libc.a(scanformat_.o)
 .debug_info    0x000129b9      0x32a C:\fehqt\Proteus/EWL/lib/armv7e-m\libc.a(ctype_aeabi.o)
 .debug_info    0x00012ce3      0x1d7 C:\fehqt\Proteus/EWL/lib/armv7e-m\libc.a(__strtoul.o)
 .debug_info    0x00012eba      0x13d C:\fehqt\Proteus/EWL/lib/armv7e-m\libc.a(__filll_mem.o)
 .debug_info    0x00012ff7      0x129 C:\fehqt\Proteus/EWL/lib/armv7e-m\libc.a(memchr.o)
 .debug_info    0x00013120      0x110 C:\fehqt\Proteus/EWL/lib/armv7e-m\libc.a(strchr.o)
 .debug_info    0x00013230      0x1c0 C:\fehqt\Proteus/EWL/lib/armv7e-m\librt.a(gcc_ctor_dtor.o)
 .debug_info    0x000133f0      0x1b8 C:\fehqt\Proteus/EWL/lib/armv7e-m\librt.a(ROMCopy.o)
 .debug_info    0x000135a8      0x2d2 C:\fehqt\Proteus/EWL/lib/armv7e-m\librt.a(__arm_eabi_init.o)

.debug_abbrev   0x00000000     0x3cb5
 .debug_abbrev  0x00000000      0x248 ..\main.o
 .debug_abbrev  0x00000248      0x28f Startup\__arm_start.o
 .debug_abbrev  0x000004d7       0x45 Startup\__arm_end.o
 .debug_abbrev  0x0000051c      0x1c3 Startup\kinetis_sysinit.o
 .debug_abbrev  0x000006df      0x18c Libraries\FEHMotor.o
 .debug_abbrev  0x0000086b       0xfc Drivers\i2c.o
 .debug_abbrev  0x00000967      0x18b Drivers\spi.o
 .debug_abbrev  0x00000af2      0x15f Drivers\uart.o
 .debug_abbrev  0x00000c51      0x18f Drivers\ff.o
 .debug_abbrev  0x00000de0      0x223 Drivers\SDHC.o
 .debug_abbrev  0x00001003       0xd2 Drivers\lptmr.o
 .debug_abbrev  0x000010d5      0x101 FEHProteus.o
 .debug_abbrev  0x000011d6      0x1c6 Drivers\FEHPropeller.o
 .debug_abbrev  0x0000139c      0x154 Libraries\FEHUtility.o
 .debug_abbrev  0x000014f0      0x448 Libraries\FEHIO.o
 .debug_abbrev  0x00001938      0x12a Drivers\adc16.o
 .debug_abbrev  0x00001a62      0x1da Libraries\FEHBuzzer.o
 .debug_abbrev  0x00001c3c      0x38c Libraries\FEHLCD.o
 .debug_abbrev  0x00001fc8      0x13b Libraries\FEHAccel.o
 .debug_abbrev  0x00002103      0x1cb Libraries\FEHBattery.o
 .debug_abbrev  0x000022ce      0x231 Drivers\FEHXBee.o
 .debug_abbrev  0x000024ff      0x38c Libraries\FEHRPS.o
 .debug_abbrev  0x0000288b      0x357 Libraries\FEHSD.o
 .debug_abbrev  0x00002be2       0xf1 C:\fehqt\Proteus/EWL/lib/armv7e-m\libm.a(s_atan.o)
 .debug_abbrev  0x00002cd3       0x5d C:\fehqt\Proteus/EWL/lib/armv7e-m\libm.a(w_sqrt.o)
 .debug_abbrev  0x00002d30      0x10f C:\fehqt\Proteus/EWL/lib/armv7e-m\libm.a(e_sqrt.o)
 .debug_abbrev  0x00002e3f       0x5a C:\fehqt\Proteus/EWL/lib/armv7e-m\libm.a(float.o)
 .debug_abbrev  0x00002e99       0x48 C:\fehqt\Proteus/EWL/lib/armv7e-m\libc.a(errno.o)
 .debug_abbrev  0x00002ee1      0x184 C:\fehqt\Proteus/EWL/lib/armv7e-m\libc.a(alloc.o)
 .debug_abbrev  0x00003065       0x8f C:\fehqt\Proteus/EWL/lib/armv7e-m\libc.a(exit.o)
 .debug_abbrev  0x000030f4       0x66 C:\fehqt\Proteus/EWL/lib/armv7e-m\libc.a(memset.o)
 .debug_abbrev  0x0000315a       0x7e C:\fehqt\Proteus/EWL/lib/armv7e-m\libc.a(strlen.o)
 .debug_abbrev  0x000031d8      0x204 C:\fehqt\Proteus/EWL/lib/armv7e-m\libc.a(printformat_.o)
 .debug_abbrev  0x000033dc      0x1fb C:\fehqt\Proteus/EWL/lib/armv7e-m\libc.a(scanformat_.o)
 .debug_abbrev  0x000035d7       0x9a C:\fehqt\Proteus/EWL/lib/armv7e-m\libc.a(ctype_aeabi.o)
 .debug_abbrev  0x00003671       0xc6 C:\fehqt\Proteus/EWL/lib/armv7e-m\libc.a(__strtoul.o)
 .debug_abbrev  0x00003737       0x8b C:\fehqt\Proteus/EWL/lib/armv7e-m\libc.a(__filll_mem.o)
 .debug_abbrev  0x000037c2       0x99 C:\fehqt\Proteus/EWL/lib/armv7e-m\libc.a(memchr.o)
 .debug_abbrev  0x0000385b       0x8d C:\fehqt\Proteus/EWL/lib/armv7e-m\libc.a(strchr.o)
 .debug_abbrev  0x000038e8       0x9d C:\fehqt\Proteus/EWL/lib/armv7e-m\librt.a(gcc_ctor_dtor.o)
 .debug_abbrev  0x00003985      0x160 C:\fehqt\Proteus/EWL/lib/armv7e-m\librt.a(ROMCopy.o)
 .debug_abbrev  0x00003ae5      0x1d0 C:\fehqt\Proteus/EWL/lib/armv7e-m\librt.a(__arm_eabi_init.o)

.debug_loc      0x00000000     0x69f9
 .debug_loc     0x00000000       0xd6 ..\main.o
 .debug_loc     0x000000d6       0xb0 Startup\__arm_start.o
 .debug_loc     0x00000186       0x38 Startup\__arm_end.o
 .debug_loc     0x000001be       0x84 Startup\kinetis_sysinit.o
 .debug_loc     0x00000242       0xe0 Libraries\FEHMotor.o
 .debug_loc     0x00000322       0xe0 Drivers\i2c.o
 .debug_loc     0x00000402      0x19c Drivers\spi.o
 .debug_loc     0x0000059e       0xe0 Drivers\uart.o
 .debug_loc     0x0000067e      0xa96 Drivers\ff.o
 .debug_loc     0x00001114      0x370 Drivers\SDHC.o
 .debug_loc     0x00001484       0x38 Drivers\lptmr.o
 .debug_loc     0x000014bc       0x64 FEHProteus.o
 .debug_loc     0x00001520      0x118 Drivers\FEHPropeller.o
 .debug_loc     0x00001638      0x1a8 Libraries\FEHUtility.o
 .debug_loc     0x000017e0      0x8d6 Libraries\FEHIO.o
 .debug_loc     0x000020b6       0xa8 Drivers\adc16.o
 .debug_loc     0x0000215e      0x304 Libraries\FEHBuzzer.o
 .debug_loc     0x00002462     0x1147 Libraries\FEHLCD.o
 .debug_loc     0x000035a9      0x144 Libraries\FEHAccel.o
 .debug_loc     0x000036ed       0xd4 Libraries\FEHBattery.o
 .debug_loc     0x000037c1      0x1c0 Drivers\FEHXBee.o
 .debug_loc     0x00003981      0x3e8 Libraries\FEHRPS.o
 .debug_loc     0x00003d69      0x24a Libraries\FEHSD.o
 .debug_loc     0x00003fb3      0x27f C:\fehqt\Proteus/EWL/lib/armv7e-m\libm.a(s_atan.o)
 .debug_loc     0x00004232       0x18 C:\fehqt\Proteus/EWL/lib/armv7e-m\libm.a(w_sqrt.o)
 .debug_loc     0x0000424a      0x206 C:\fehqt\Proteus/EWL/lib/armv7e-m\libm.a(e_sqrt.o)
 .debug_loc     0x00004450      0x288 C:\fehqt\Proteus/EWL/lib/armv7e-m\libc.a(alloc.o)
 .debug_loc     0x000046d8       0x3e C:\fehqt\Proteus/EWL/lib/armv7e-m\libc.a(exit.o)
 .debug_loc     0x00004716       0x64 C:\fehqt\Proteus/EWL/lib/armv7e-m\libc.a(memset.o)
 .debug_loc     0x0000477a       0x31 C:\fehqt\Proteus/EWL/lib/armv7e-m\libc.a(strlen.o)
 .debug_loc     0x000047ab     0x106f C:\fehqt\Proteus/EWL/lib/armv7e-m\libc.a(printformat_.o)
 .debug_loc     0x0000581a      0x8cb C:\fehqt\Proteus/EWL/lib/armv7e-m\libc.a(scanformat_.o)
 .debug_loc     0x000060e5      0x18e C:\fehqt\Proteus/EWL/lib/armv7e-m\libc.a(ctype_aeabi.o)
 .debug_loc     0x00006273      0x2ad C:\fehqt\Proteus/EWL/lib/armv7e-m\libc.a(__strtoul.o)
 .debug_loc     0x00006520      0x12c C:\fehqt\Proteus/EWL/lib/armv7e-m\libc.a(__filll_mem.o)
 .debug_loc     0x0000664c       0x82 C:\fehqt\Proteus/EWL/lib/armv7e-m\libc.a(memchr.o)
 .debug_loc     0x000066ce       0x78 C:\fehqt\Proteus/EWL/lib/armv7e-m\libc.a(strchr.o)
 .debug_loc     0x00006746       0xbe C:\fehqt\Proteus/EWL/lib/armv7e-m\librt.a(gcc_ctor_dtor.o)
 .debug_loc     0x00006804       0x9b C:\fehqt\Proteus/EWL/lib/armv7e-m\librt.a(ROMCopy.o)
 .debug_loc     0x0000689f      0x15a C:\fehqt\Proteus/EWL/lib/armv7e-m\librt.a(__arm_eabi_init.o)

.debug_aranges  0x00000000      0xe70
 .debug_aranges
                0x00000000       0x38 ..\main.o
 .debug_aranges
                0x00000038       0x48 Startup\__arm_start.o
 .debug_aranges
                0x00000080       0x20 Startup\__arm_end.o
 .debug_aranges
                0x000000a0       0x30 Startup\kinetis_sysinit.o
 .debug_aranges
                0x000000d0       0x38 Libraries\FEHMotor.o
 .debug_aranges
                0x00000108       0x38 Drivers\i2c.o
 .debug_aranges
                0x00000140       0x58 Drivers\spi.o
 .debug_aranges
                0x00000198       0x38 Drivers\uart.o
 .debug_aranges
                0x000001d0      0x198 Drivers\ff.o
 .debug_aranges
                0x00000368       0x98 Drivers\SDHC.o
 .debug_aranges
                0x00000400       0x20 Drivers\lptmr.o
 .debug_aranges
                0x00000420       0x28 FEHProteus.o
 .debug_aranges
                0x00000448       0x40 Drivers\FEHPropeller.o
 .debug_aranges
                0x00000488       0x58 Libraries\FEHUtility.o
 .debug_aranges
                0x000004e0      0x160 Libraries\FEHIO.o
 .debug_aranges
                0x00000640       0x30 Drivers\adc16.o
 .debug_aranges
                0x00000670       0x88 Libraries\FEHBuzzer.o
 .debug_aranges
                0x000006f8      0x290 Libraries\FEHLCD.o
 .debug_aranges
                0x00000988       0x48 Libraries\FEHAccel.o
 .debug_aranges
                0x000009d0       0x38 Libraries\FEHBattery.o
 .debug_aranges
                0x00000a08       0x58 Drivers\FEHXBee.o
 .debug_aranges
                0x00000a60       0xa8 Libraries\FEHRPS.o
 .debug_aranges
                0x00000b08       0x68 Libraries\FEHSD.o
 .debug_aranges
                0x00000b70       0x20 C:\fehqt\Proteus/EWL/lib/armv7e-m\libm.a(s_atan.o)
 .debug_aranges
                0x00000b90       0x20 C:\fehqt\Proteus/EWL/lib/armv7e-m\libm.a(w_sqrt.o)
 .debug_aranges
                0x00000bb0       0x20 C:\fehqt\Proteus/EWL/lib/armv7e-m\libm.a(e_sqrt.o)
 .debug_aranges
                0x00000bd0       0x40 C:\fehqt\Proteus/EWL/lib/armv7e-m\libc.a(alloc.o)
 .debug_aranges
                0x00000c10       0x20 C:\fehqt\Proteus/EWL/lib/armv7e-m\libc.a(exit.o)
 .debug_aranges
                0x00000c30       0x20 C:\fehqt\Proteus/EWL/lib/armv7e-m\libc.a(memset.o)
 .debug_aranges
                0x00000c50       0x20 C:\fehqt\Proteus/EWL/lib/armv7e-m\libc.a(strlen.o)
 .debug_aranges
                0x00000c70       0x28 C:\fehqt\Proteus/EWL/lib/armv7e-m\libc.a(printformat_.o)
 .debug_aranges
                0x00000c98       0x20 C:\fehqt\Proteus/EWL/lib/armv7e-m\libc.a(scanformat_.o)
 .debug_aranges
                0x00000cb8       0x88 C:\fehqt\Proteus/EWL/lib/armv7e-m\libc.a(ctype_aeabi.o)
 .debug_aranges
                0x00000d40       0x20 C:\fehqt\Proteus/EWL/lib/armv7e-m\libc.a(__strtoul.o)
 .debug_aranges
                0x00000d60       0x20 C:\fehqt\Proteus/EWL/lib/armv7e-m\libc.a(__filll_mem.o)
 .debug_aranges
                0x00000d80       0x20 C:\fehqt\Proteus/EWL/lib/armv7e-m\libc.a(memchr.o)
 .debug_aranges
                0x00000da0       0x20 C:\fehqt\Proteus/EWL/lib/armv7e-m\libc.a(strchr.o)
 .debug_aranges
                0x00000dc0       0x28 C:\fehqt\Proteus/EWL/lib/armv7e-m\librt.a(gcc_ctor_dtor.o)
 .debug_aranges
                0x00000de8       0x30 C:\fehqt\Proteus/EWL/lib/armv7e-m\librt.a(ROMCopy.o)
 .debug_aranges
                0x00000e18       0x58 C:\fehqt\Proteus/EWL/lib/armv7e-m\librt.a(__arm_eabi_init.o)

.debug_line     0x00000000     0x7a20
 .debug_line    0x00000000      0x420 ..\main.o
 .debug_line    0x00000420      0x3ad Startup\__arm_start.o
 .debug_line    0x000007cd      0x21a Startup\__arm_end.o
 .debug_line    0x000009e7      0x291 Startup\kinetis_sysinit.o
 .debug_line    0x00000c78      0x237 Libraries\FEHMotor.o
 .debug_line    0x00000eaf      0x2ad Drivers\i2c.o
 .debug_line    0x0000115c      0x295 Drivers\spi.o
 .debug_line    0x000013f1      0x212 Drivers\uart.o
 .debug_line    0x00001603     0x1114 Drivers\ff.o
 .debug_line    0x00002717      0x678 Drivers\SDHC.o
 .debug_line    0x00002d8f      0x1c0 Drivers\lptmr.o
 .debug_line    0x00002f4f      0x1da FEHProteus.o
 .debug_line    0x00003129      0x264 Drivers\FEHPropeller.o
 .debug_line    0x0000338d      0x282 Libraries\FEHUtility.o
 .debug_line    0x0000360f      0x6ee Libraries\FEHIO.o
 .debug_line    0x00003cfd      0x20f Drivers\adc16.o
 .debug_line    0x00003f0c      0x2df Libraries\FEHBuzzer.o
 .debug_line    0x000041eb     0x1151 Libraries\FEHLCD.o
 .debug_line    0x0000533c      0x23f Libraries\FEHAccel.o
 .debug_line    0x0000557b      0x218 Libraries\FEHBattery.o
 .debug_line    0x00005793      0x349 Drivers\FEHXBee.o
 .debug_line    0x00005adc      0x746 Libraries\FEHRPS.o
 .debug_line    0x00006222      0x3fa Libraries\FEHSD.o
 .debug_line    0x0000661c       0xf2 C:\fehqt\Proteus/EWL/lib/armv7e-m\libm.a(s_atan.o)
 .debug_line    0x0000670e       0x76 C:\fehqt\Proteus/EWL/lib/armv7e-m\libm.a(w_sqrt.o)
 .debug_line    0x00006784      0x13b C:\fehqt\Proteus/EWL/lib/armv7e-m\libm.a(e_sqrt.o)
 .debug_line    0x000068bf       0x60 C:\fehqt\Proteus/EWL/lib/armv7e-m\libm.a(float.o)
 .debug_line    0x0000691f       0x4d C:\fehqt\Proteus/EWL/lib/armv7e-m\libc.a(errno.o)
 .debug_line    0x0000696c      0x18c C:\fehqt\Proteus/EWL/lib/armv7e-m\libc.a(alloc.o)
 .debug_line    0x00006af8       0x94 C:\fehqt\Proteus/EWL/lib/armv7e-m\libc.a(exit.o)
 .debug_line    0x00006b8c       0x8f C:\fehqt\Proteus/EWL/lib/armv7e-m\libc.a(memset.o)
 .debug_line    0x00006c1b       0x89 C:\fehqt\Proteus/EWL/lib/armv7e-m\libc.a(strlen.o)
 .debug_line    0x00006ca4      0x2c6 C:\fehqt\Proteus/EWL/lib/armv7e-m\libc.a(printformat_.o)
 .debug_line    0x00006f6a      0x2e3 C:\fehqt\Proteus/EWL/lib/armv7e-m\libc.a(scanformat_.o)
 .debug_line    0x0000724d      0x1dd C:\fehqt\Proteus/EWL/lib/armv7e-m\libc.a(ctype_aeabi.o)
 .debug_line    0x0000742a      0x141 C:\fehqt\Proteus/EWL/lib/armv7e-m\libc.a(__strtoul.o)
 .debug_line    0x0000756b      0x121 C:\fehqt\Proteus/EWL/lib/armv7e-m\libc.a(__filll_mem.o)
 .debug_line    0x0000768c       0xa3 C:\fehqt\Proteus/EWL/lib/armv7e-m\libc.a(memchr.o)
 .debug_line    0x0000772f       0x84 C:\fehqt\Proteus/EWL/lib/armv7e-m\libc.a(strchr.o)
 .debug_line    0x000077b3       0x94 C:\fehqt\Proteus/EWL/lib/armv7e-m\librt.a(gcc_ctor_dtor.o)
 .debug_line    0x00007847       0xc0 C:\fehqt\Proteus/EWL/lib/armv7e-m\librt.a(ROMCopy.o)
 .debug_line    0x00007907      0x119 C:\fehqt\Proteus/EWL/lib/armv7e-m\librt.a(__arm_eabi_init.o)

.debug_macinfo  0x00000000   0x838df1
 .debug_macinfo
                0x00000000    0x661fd ..\main.o
 .debug_macinfo
                0x000661fd    0x647fb Startup\__arm_start.o
 .debug_macinfo
                0x000ca9f8     0x3464 Startup\__arm_end.o
 .debug_macinfo
                0x000cde5c    0x64cce Startup\kinetis_sysinit.o
 .debug_macinfo
                0x00132b2a    0x6305c Libraries\FEHMotor.o
 .debug_macinfo
                0x00195b86    0x6318f Drivers\i2c.o
 .debug_macinfo
                0x001f8d15    0x62fd6 Drivers\spi.o
 .debug_macinfo
                0x0025bceb    0x62fc7 Drivers\uart.o
 .debug_macinfo
                0x002becb2     0x4396 Drivers\ff.o
 .debug_macinfo
                0x002c3048    0x6452b Drivers\SDHC.o
 .debug_macinfo
                0x00327573    0x63036 Drivers\lptmr.o
 .debug_macinfo
                0x0038a5a9    0x62fdc FEHProteus.o
 .debug_macinfo
                0x003ed585    0x63085 Drivers\FEHPropeller.o
 .debug_macinfo
                0x0045060a    0x62ff1 Libraries\FEHUtility.o
 .debug_macinfo
                0x004b35fb    0x64348 Libraries\FEHIO.o
 .debug_macinfo
                0x00517943    0x63678 Drivers\adc16.o
 .debug_macinfo
                0x0057afbb    0x6301e Libraries\FEHBuzzer.o
 .debug_macinfo
                0x005ddfd9    0x649ab Libraries\FEHLCD.o
 .debug_macinfo
                0x00642984    0x631be Libraries\FEHAccel.o
 .debug_macinfo
                0x006a5b42    0x636a3 Libraries\FEHBattery.o
 .debug_macinfo
                0x007091e5    0x63d5d Drivers\FEHXBee.o
 .debug_macinfo
                0x0076cf42    0x66196 Libraries\FEHRPS.o
 .debug_macinfo
                0x007d30d8    0x65d19 Libraries\FEHSD.o

.debug_str      0x00000000     0x4d7b
 .debug_str     0x00000000      0xeb9 ..\main.o
                                0xf56 (size before relaxing)
 .debug_str     0x00000eb9      0x35b Startup\__arm_start.o
                                0xe68 (size before relaxing)
 .debug_str     0x00001214       0x23 Startup\__arm_end.o
                                 0xbc (size before relaxing)
 .debug_str     0x00001237      0x243 Startup\kinetis_sysinit.o
                                0x3dd (size before relaxing)
 .debug_str     0x0000147a       0x2f Libraries\FEHMotor.o
                                0x2da (size before relaxing)
 .debug_str     0x000014a9      0x11a Drivers\i2c.o
                                0x203 (size before relaxing)
 .debug_str     0x000015c3      0x18b Drivers\spi.o
                                0x3bc (size before relaxing)
 .debug_str     0x0000174e      0x188 Drivers\uart.o
                                0x351 (size before relaxing)
 .debug_str     0x000018d6      0x6b0 Drivers\ff.o
                                0x854 (size before relaxing)
 .debug_str     0x00001f86      0x540 Drivers\SDHC.o
                                0x82a (size before relaxing)
 .debug_str     0x000024c6       0x5a Drivers\lptmr.o
                                0x20a (size before relaxing)
 .debug_str     0x00002520       0x6c FEHProteus.o
                                0x256 (size before relaxing)
 .debug_str     0x0000258c       0x25 Drivers\FEHPropeller.o
                                0x397 (size before relaxing)
 .debug_str     0x000025b1       0xc0 Libraries\FEHUtility.o
                                0x1db (size before relaxing)
 .debug_str     0x00002671      0xe19 Libraries\FEHIO.o
                               0x12ac (size before relaxing)
 .debug_str     0x0000348a       0xd7 Drivers\adc16.o
                                0x29b (size before relaxing)
 .debug_str     0x00003561      0x1ba Libraries\FEHBuzzer.o
                                0x3ad (size before relaxing)
 .debug_str     0x0000371b      0x471 Libraries\FEHLCD.o
                               0x110e (size before relaxing)
 .debug_str     0x00003b8c       0x68 Libraries\FEHAccel.o
                                0x19f (size before relaxing)
 .debug_str     0x00003bf4       0x5d Libraries\FEHBattery.o
                                0x360 (size before relaxing)
 .debug_str     0x00003c51      0x1f6 Drivers\FEHXBee.o
                                0x546 (size before relaxing)
 .debug_str     0x00003e47      0x3ec Libraries\FEHRPS.o
                               0x1607 (size before relaxing)
 .debug_str     0x00004233       0x9c Libraries\FEHSD.o
                               0x1167 (size before relaxing)
 .debug_str     0x000042cf       0xa5 C:\fehqt\Proteus/EWL/lib/armv7e-m\libm.a(s_atan.o)
                                0x158 (size before relaxing)
 .debug_str     0x00004374       0x12 C:\fehqt\Proteus/EWL/lib/armv7e-m\libm.a(w_sqrt.o)
                                0x12b (size before relaxing)
 .debug_str     0x00004386       0x3b C:\fehqt\Proteus/EWL/lib/armv7e-m\libm.a(e_sqrt.o)
                                0x17e (size before relaxing)
 .debug_str     0x000043c1       0xf9 C:\fehqt\Proteus/EWL/lib/armv7e-m\libm.a(float.o)
                                0x21c (size before relaxing)
 .debug_str     0x000044ba       0x12 C:\fehqt\Proteus/EWL/lib/armv7e-m\libc.a(errno.o)
                                0x12c (size before relaxing)
 .debug_str     0x000044cc       0xbc C:\fehqt\Proteus/EWL/lib/armv7e-m\libc.a(alloc.o)
                                0x200 (size before relaxing)
 .debug_str     0x00004588       0x2e C:\fehqt\Proteus/EWL/lib/armv7e-m\libc.a(exit.o)
                                0x14e (size before relaxing)
 .debug_str     0x000045b6       0x1c C:\fehqt\Proteus/EWL/lib/armv7e-m\libc.a(memset.o)
                                0x140 (size before relaxing)
 .debug_str     0x000045d2       0x24 C:\fehqt\Proteus/EWL/lib/armv7e-m\libc.a(strlen.o)
                                0x140 (size before relaxing)
 .debug_str     0x000045f6      0x213 C:\fehqt\Proteus/EWL/lib/armv7e-m\libc.a(printformat_.o)
                                0x3aa (size before relaxing)
 .debug_str     0x00004809      0x17b C:\fehqt\Proteus/EWL/lib/armv7e-m\libc.a(scanformat_.o)
                                0x3f0 (size before relaxing)
 .debug_str     0x00004984       0x9d C:\fehqt\Proteus/EWL/lib/armv7e-m\libc.a(ctype_aeabi.o)
                                0x1b3 (size before relaxing)
 .debug_str     0x00004a21       0x55 C:\fehqt\Proteus/EWL/lib/armv7e-m\libc.a(__strtoul.o)
                                0x1f2 (size before relaxing)
 .debug_str     0x00004a76       0x25 C:\fehqt\Proteus/EWL/lib/armv7e-m\libc.a(__filll_mem.o)
                                0x152 (size before relaxing)
 .debug_str     0x00004a9b       0x1c C:\fehqt\Proteus/EWL/lib/armv7e-m\libc.a(memchr.o)
                                0x148 (size before relaxing)
 .debug_str     0x00004ab7       0x1c C:\fehqt\Proteus/EWL/lib/armv7e-m\libc.a(strchr.o)
                                0x137 (size before relaxing)
 .debug_str     0x00004ad3      0x126 C:\fehqt\Proteus/EWL/lib/armv7e-m\librt.a(gcc_ctor_dtor.o)
                                0x185 (size before relaxing)
 .debug_str     0x00004bf9       0x8f C:\fehqt\Proteus/EWL/lib/armv7e-m\librt.a(ROMCopy.o)
                                0x140 (size before relaxing)
 .debug_str     0x00004c88       0xf3 C:\fehqt\Proteus/EWL/lib/armv7e-m\librt.a(__arm_eabi_init.o)
                                0x1ac (size before relaxing)

.comment        0x00000000       0x79
 .comment       0x00000000       0x79 ..\main.o
                                 0x7a (size before relaxing)
 .comment       0x00000000       0x7a Startup\__arm_start.o
 .comment       0x00000000       0x7a Startup\__arm_end.o
 .comment       0x00000000       0x7a Startup\kinetis_sysinit.o
 .comment       0x00000000       0x7a Libraries\FEHMotor.o
 .comment       0x00000000       0x7a Drivers\i2c.o
 .comment       0x00000000       0x7a Drivers\spi.o
 .comment       0x00000000       0x7a Drivers\uart.o
 .comment       0x00000000       0x7a Drivers\ff.o
 .comment       0x00000000       0x7a Drivers\SDHC.o
 .comment       0x00000000       0x7a Drivers\lptmr.o
 .comment       0x00000000       0x7a FEHProteus.o
 .comment       0x00000000       0x7a Drivers\FEHPropeller.o
 .comment       0x00000000       0x7a Libraries\FEHUtility.o
 .comment       0x00000000       0x7a Libraries\FEHIO.o
 .comment       0x00000000       0x7a Drivers\adc16.o
 .comment       0x00000000       0x7a Libraries\FEHBuzzer.o
 .comment       0x00000000       0x7a Libraries\FEHLCD.o
 .comment       0x00000000       0x7a Libraries\FEHAccel.o
 .comment       0x00000000       0x7a Libraries\FEHBattery.o
 .comment       0x00000000       0x7a Drivers\FEHXBee.o
 .comment       0x00000000       0x7a Libraries\FEHRPS.o
 .comment       0x00000000       0x7a Libraries\FEHSD.o
 .comment       0x00000000       0x7a C:\fehqt\Proteus/EWL/lib/armv7e-m\libm.a(s_atan.o)
 .comment       0x00000000       0x7a C:\fehqt\Proteus/EWL/lib/armv7e-m\libm.a(w_sqrt.o)
 .comment       0x00000000       0x7a C:\fehqt\Proteus/EWL/lib/armv7e-m\libm.a(e_sqrt.o)
 .comment       0x00000000       0x7a C:\fehqt\Proteus/EWL/lib/armv7e-m\libm.a(float.o)
 .comment       0x00000000       0x7a C:\fehqt\Proteus/EWL/lib/armv7e-m\libc.a(errno.o)
 .comment       0x00000000       0x7a C:\fehqt\Proteus/EWL/lib/armv7e-m\libc.a(alloc.o)
 .comment       0x00000000       0x7a C:\fehqt\Proteus/EWL/lib/armv7e-m\libc.a(exit.o)
 .comment       0x00000000       0x7a C:\fehqt\Proteus/EWL/lib/armv7e-m\libc.a(memset.o)
 .comment       0x00000000       0x7a C:\fehqt\Proteus/EWL/lib/armv7e-m\libc.a(strlen.o)
 .comment       0x00000000       0x7a C:\fehqt\Proteus/EWL/lib/armv7e-m\libc.a(printformat_.o)
 .comment       0x00000000       0x7a C:\fehqt\Proteus/EWL/lib/armv7e-m\libc.a(scanformat_.o)
 .comment       0x00000000       0x7a C:\fehqt\Proteus/EWL/lib/armv7e-m\libc.a(ctype_aeabi.o)
 .comment       0x00000000       0x7a C:\fehqt\Proteus/EWL/lib/armv7e-m\libc.a(__strtoul.o)
 .comment       0x00000000       0x7a C:\fehqt\Proteus/EWL/lib/armv7e-m\libc.a(__filll_mem.o)
 .comment       0x00000000       0x7a C:\fehqt\Proteus/EWL/lib/armv7e-m\libc.a(memchr.o)
 .comment       0x00000000       0x7a C:\fehqt\Proteus/EWL/lib/armv7e-m\libc.a(strchr.o)
 .comment       0x00000000       0x7a C:\fehqt\Proteus/EWL/lib/armv7e-m\librt.a(gcc_ctor_dtor.o)
 .comment       0x00000000       0x7a C:\fehqt\Proteus/EWL/lib/armv7e-m\librt.a(ROMCopy.o)
 .comment       0x00000000       0x7a C:\fehqt\Proteus/EWL/lib/armv7e-m\librt.a(__arm_eabi_init.o)

.debug_frame    0x00000000     0x2a00
 .debug_frame   0x00000000       0x90 ..\main.o
 .debug_frame   0x00000090       0x98 Startup\__arm_start.o
 .debug_frame   0x00000128       0x2c Startup\__arm_end.o
 .debug_frame   0x00000154       0x5c Startup\kinetis_sysinit.o
 .debug_frame   0x000001b0       0x94 Libraries\FEHMotor.o
 .debug_frame   0x00000244       0x88 Drivers\i2c.o
 .debug_frame   0x000002cc       0xf8 Drivers\spi.o
 .debug_frame   0x000003c4       0x84 Drivers\uart.o
 .debug_frame   0x00000448      0x5e8 Drivers\ff.o
 .debug_frame   0x00000a30      0x1e8 Drivers\SDHC.o
 .debug_frame   0x00000c18       0x2c Drivers\lptmr.o
 .debug_frame   0x00000c44       0x4c FEHProteus.o
 .debug_frame   0x00000c90       0xa8 Drivers\FEHPropeller.o
 .debug_frame   0x00000d38       0xf8 Libraries\FEHUtility.o
 .debug_frame   0x00000e30      0x4e8 Libraries\FEHIO.o
 .debug_frame   0x00001318       0x64 Drivers\adc16.o
 .debug_frame   0x0000137c      0x1c8 Libraries\FEHBuzzer.o
 .debug_frame   0x00001544      0x9c0 Libraries\FEHLCD.o
 .debug_frame   0x00001f04       0xd8 Libraries\FEHAccel.o
 .debug_frame   0x00001fdc       0x8c Libraries\FEHBattery.o
 .debug_frame   0x00002068       0xfc Drivers\FEHXBee.o
 .debug_frame   0x00002164      0x230 Libraries\FEHRPS.o
 .debug_frame   0x00002394      0x168 Libraries\FEHSD.o
 .debug_frame   0x000024fc       0x38 C:\fehqt\Proteus/EWL/lib/armv7e-m\libm.a(s_atan.o)
 .debug_frame   0x00002534       0x20 C:\fehqt\Proteus/EWL/lib/armv7e-m\libm.a(w_sqrt.o)
 .debug_frame   0x00002554       0x38 C:\fehqt\Proteus/EWL/lib/armv7e-m\libm.a(e_sqrt.o)
 .debug_frame   0x0000258c       0x88 C:\fehqt\Proteus/EWL/lib/armv7e-m\libc.a(alloc.o)
 .debug_frame   0x00002614       0x28 C:\fehqt\Proteus/EWL/lib/armv7e-m\libc.a(exit.o)
 .debug_frame   0x0000263c       0x28 C:\fehqt\Proteus/EWL/lib/armv7e-m\libc.a(memset.o)
 .debug_frame   0x00002664       0x20 C:\fehqt\Proteus/EWL/lib/armv7e-m\libc.a(strlen.o)
 .debug_frame   0x00002684       0x64 C:\fehqt\Proteus/EWL/lib/armv7e-m\libc.a(printformat_.o)
 .debug_frame   0x000026e8       0x3c C:\fehqt\Proteus/EWL/lib/armv7e-m\libc.a(scanformat_.o)
 .debug_frame   0x00002724       0xf0 C:\fehqt\Proteus/EWL/lib/armv7e-m\libc.a(ctype_aeabi.o)
 .debug_frame   0x00002814       0x3c C:\fehqt\Proteus/EWL/lib/armv7e-m\libc.a(__strtoul.o)
 .debug_frame   0x00002850       0x2c C:\fehqt\Proteus/EWL/lib/armv7e-m\libc.a(__filll_mem.o)
 .debug_frame   0x0000287c       0x28 C:\fehqt\Proteus/EWL/lib/armv7e-m\libc.a(memchr.o)
 .debug_frame   0x000028a4       0x20 C:\fehqt\Proteus/EWL/lib/armv7e-m\libc.a(strchr.o)
 .debug_frame   0x000028c4       0x48 C:\fehqt\Proteus/EWL/lib/armv7e-m\librt.a(gcc_ctor_dtor.o)
 .debug_frame   0x0000290c       0x48 C:\fehqt\Proteus/EWL/lib/armv7e-m\librt.a(ROMCopy.o)
 .debug_frame   0x00002954       0xac C:\fehqt\Proteus/EWL/lib/armv7e-m\librt.a(__arm_eabi_init.o)
