Archive member included because of file (symbol)

C:\fehqt\Proteus/EWL/lib/armv7e-m\libc.a(sprintf.o)
                              Libraries\FEHLCD.o (sprintf)
C:\fehqt\Proteus/EWL/lib/armv7e-m\libc.a(vsnprintf.o)
                              C:\fehqt\Proteus/EWL/lib/armv7e-m\libc.a(sprintf.o) (vsnprintf)
C:\fehqt\Proteus/EWL/lib/armv7e-m\libc.a(exit.o)
                              Startup\__arm_start.o (exit)
C:\fehqt\Proteus/EWL/lib/armv7e-m\libc.a(memcpy.o)
                              C:\fehqt\Proteus/EWL/lib/armv7e-m\libc.a(vsnprintf.o) (memcpy)
C:\fehqt\Proteus/EWL/lib/armv7e-m\libc.a(memset.o)
                              Startup\__arm_start.o (memset)
C:\fehqt\Proteus/EWL/lib/armv7e-m\libc.a(strcmp.o)
                              Libraries\FEHLCD.o (strcmp)
C:\fehqt\Proteus/EWL/lib/armv7e-m\libc.a(strcpy.o)
                              Libraries\FEHLCD.o (strcpy)
C:\fehqt\Proteus/EWL/lib/armv7e-m\libc.a(strlen.o)
                              Libraries\FEHLCD.o (strlen)
C:\fehqt\Proteus/EWL/lib/armv7e-m\libc.a(printformat_.o)
                              (__pformatter_)
C:\fehqt\Proteus/EWL/lib/armv7e-m\libc.a(scanformat_.o)
                              (__sformatter)
C:\fehqt\Proteus/EWL/lib/armv7e-m\libc.a(ctype_aeabi.o)
                              C:\fehqt\Proteus/EWL/lib/armv7e-m\libc.a(scanformat_.o) (isspace)
C:\fehqt\Proteus/EWL/lib/armv7e-m\libc.a(__strtoul.o)
                              C:\fehqt\Proteus/EWL/lib/armv7e-m\libc.a(scanformat_.o) (__strtoul)
C:\fehqt\Proteus/EWL/lib/armv7e-m\libc.a(__filll_mem.o)
                              C:\fehqt\Proteus/EWL/lib/armv7e-m\libc.a(memset.o) (__fill_mem)
C:\fehqt\Proteus/EWL/lib/armv7e-m\libc.a(memchr.o)
                              C:\fehqt\Proteus/EWL/lib/armv7e-m\libc.a(printformat_.o) (memchr)
C:\fehqt\Proteus/EWL/lib/armv7e-m\libc.a(strchr.o)
                              C:\fehqt\Proteus/EWL/lib/armv7e-m\libc.a(printformat_.o) (strchr)
c:/fehqt/proteus/gcc/bin/../lib/gcc/arm-none-eabi/4.6.2/armv7e-m\libgcc.a(_arm_addsubdf3.o)
                              ..\main.o (__aeabi_dsub)
c:/fehqt/proteus/gcc/bin/../lib/gcc/arm-none-eabi/4.6.2/armv7e-m\libgcc.a(_arm_muldivdf3.o)
                              Libraries\FEHMotor.o (__aeabi_dmul)
c:/fehqt/proteus/gcc/bin/../lib/gcc/arm-none-eabi/4.6.2/armv7e-m\libgcc.a(_arm_cmpdf2.o)
                              ..\main.o (__aeabi_dcmplt)
c:/fehqt/proteus/gcc/bin/../lib/gcc/arm-none-eabi/4.6.2/armv7e-m\libgcc.a(_arm_fixdfsi.o)
                              Libraries\FEHMotor.o (__aeabi_d2iz)
c:/fehqt/proteus/gcc/bin/../lib/gcc/arm-none-eabi/4.6.2/armv7e-m\libgcc.a(_arm_fixunsdfsi.o)
                              Libraries\FEHUtility.o (__aeabi_d2uiz)
c:/fehqt/proteus/gcc/bin/../lib/gcc/arm-none-eabi/4.6.2/armv7e-m\libgcc.a(_arm_truncdfsf2.o)
                              ..\main.o (__aeabi_d2f)
c:/fehqt/proteus/gcc/bin/../lib/gcc/arm-none-eabi/4.6.2/armv7e-m\libgcc.a(_arm_addsubsf3.o)
                              ..\main.o (__aeabi_fsub)
c:/fehqt/proteus/gcc/bin/../lib/gcc/arm-none-eabi/4.6.2/armv7e-m\libgcc.a(_arm_muldivsf3.o)
                              ..\main.o (__aeabi_fmul)
c:/fehqt/proteus/gcc/bin/../lib/gcc/arm-none-eabi/4.6.2/armv7e-m\libgcc.a(_arm_cmpsf2.o)
                              Libraries\FEHServo.o (__aeabi_fcmpeq)
c:/fehqt/proteus/gcc/bin/../lib/gcc/arm-none-eabi/4.6.2/armv7e-m\libgcc.a(_arm_fixsfsi.o)
                              Libraries\FEHLCD.o (__aeabi_f2iz)
c:/fehqt/proteus/gcc/bin/../lib/gcc/arm-none-eabi/4.6.2/armv7e-m\libgcc.a(_arm_fixunssfsi.o)
                              Drivers\mcg.o (__aeabi_f2uiz)
C:\fehqt\Proteus/EWL/lib/armv7e-m\librt.a(gcc_ctor_dtor.o)
                              Startup\__arm_start.o (__init_cpp)
C:\fehqt\Proteus/EWL/lib/armv7e-m\librt.a(ROMCopy.o)
                              Startup\__arm_start.o (__copy_rom_sections_to_ram)
C:\fehqt\Proteus/EWL/lib/armv7e-m\librt.a(__arm_eabi_init.o)
                              C:\fehqt\Proteus/EWL/lib/armv7e-m\libc.a(exit.o) (__destroy_global_chain)
C:\fehqt\Proteus/EWL/lib/armv7e-m\librt.a(New.o)
                              Libraries\FEHIO.o (operator new(unsigned int))
c:/fehqt/proteus/gcc/bin/../lib/gcc/arm-none-eabi/4.6.2/../../../../arm-none-eabi/lib/armv7e-m\libsupc++.a(class_type_info.o)
                              C:\fehqt\Proteus/EWL/lib/armv7e-m\librt.a(New.o) (vtable for __cxxabiv1::__class_type_info)
c:/fehqt/proteus/gcc/bin/../lib/gcc/arm-none-eabi/4.6.2/../../../../arm-none-eabi/lib/armv7e-m\libsupc++.a(eh_alloc.o)
                              C:\fehqt\Proteus/EWL/lib/armv7e-m\librt.a(New.o) (__cxa_allocate_exception)
c:/fehqt/proteus/gcc/bin/../lib/gcc/arm-none-eabi/4.6.2/../../../../arm-none-eabi/lib/armv7e-m\libsupc++.a(eh_arm.o)
                              C:\fehqt\Proteus/EWL/lib/armv7e-m\librt.a(New.o) (__cxa_end_cleanup)
c:/fehqt/proteus/gcc/bin/../lib/gcc/arm-none-eabi/4.6.2/../../../../arm-none-eabi/lib/armv7e-m\libsupc++.a(eh_aux_runtime.o)
[...]
Memory Configuration

Name             Origin             Length             Attributes
m_interrupts     0x0000c000         0x00000400         xr
m_cfmprotrom     0x0000c400         0x00000010         xr
m_text           0x0000c410         0x00073bf0         xr
m_data           0x1fff0400         0x0000fc00         xrw
m_data2          0x20000000         0x00010000         xrw
*default*        0x00000000         0xffffffff

Linker script and memory map

LOAD ..\main.o
LOAD Startup\__arm_start.o
LOAD Startup\__arm_end.o
LOAD Startup\kinetis_sysinit.o
LOAD Libraries\FEHMotor.o
LOAD Drivers\mcg.o
LOAD Drivers\i2c.o
LOAD Drivers\spi.o
LOAD Drivers\uart.o
LOAD Drivers\ff.o
LOAD Drivers\SDHC.o
LOAD Drivers\lptmr.o
LOAD FEHProteus.o
LOAD Drivers\FEHPropeller.o
LOAD Libraries\FEHUtility.o
LOAD Libraries\FEHIO.o
LOAD Drivers\adc16.o
LOAD Libraries\FEHBuzzer.o
LOAD Libraries\FEHServo.o
LOAD Libraries\FEHLCD.o
LOAD Libraries\FEHAccel.o
LOAD Libraries\FEHBattery.o
LOAD Drivers\FEHXBee.o
LOAD Libraries\FEHRPS.o
LOAD Libraries\FEHSD.o
                0x00013510                __pformatter = __pformatter_
                [0x00013908]                __sformatter = __sformatter
LOAD C:\fehqt\Proteus/EWL/lib/armv7e-m\libstdc++.a
LOAD C:\fehqt\Proteus/EWL/lib/armv7e-m\libm.a
START GROUP
LOAD C:\fehqt\Proteus/EWL/lib/armv7e-m\libc.a
LOAD C:\fehqt\Proteus/EWL/lib/armv7e-m\libc++.a
LOAD C:\fehqt\Proteus/EWL/lib/armv7e-m\libm.a
LOAD c:/fehqt/proteus/gcc/bin/../lib/gcc/arm-none-eabi/4.6.2/armv7e-m\libgcc.a
LOAD C:\fehqt\Proteus/EWL/lib/armv7e-m\librt.a
LOAD c:/fehqt/proteus/gcc/bin/../lib/gcc/arm-none-eabi/4.6.2/../../../../arm-none-eabi/lib/armv7e-m\libsupc++.a
END GROUP
                0x20000000                _estack = 0x20000000
                0x20000000                __SP_INIT = _estack
                0x00000800                __heap_size = 0x800
                0x00000800                __stack_size = 0x800

.interrupts     0x0000c000      0x1e0
                0x0000c000                __vector_table = .
                0x0000c000                . = ALIGN (0x4)
 *(.vectortable)
 .vectortable   0x0000c000      0x1e0 Startup\kinetis_sysinit.o
                0x0000c1e0                . = ALIGN (0x4)

.cfmprotect     0x0000c400        0x0
                0x0000c400                . = ALIGN (0x4)
 *(.cfmconfig)
                0x0000c400                . = ALIGN (0x4)

.text           0x0000c410     0x8450
                0x0000c410                . = ALIGN (0x4)
 *(.text)
 .text          0x0000c410      0x370 c:/fehqt/proteus/gcc/bin/../lib/gcc/arm-none-eabi/4.6.2/armv7e-m\libgcc.a(_arm_addsubdf3.o)
                0x0000c410                __aeabi_drsub
                0x0000c418                __aeabi_dsub
                0x0000c418                __subdf3
                0x0000c41c                __aeabi_dadd
                0x0000c41c                __adddf3
                0x0000c694                __floatunsidf
                0x0000c694                __aeabi_ui2d
                0x0000c6b4                __floatsidf
                0x0000c6b4                __aeabi_i2d
                0x0000c6d8                __aeabi_f2d
                0x0000c6d8                __extendsfdf2
                0x0000c714                __floatundidf
                0x0000c714                __aeabi_ul2d
                0x0000c724                __floatdidf
                0x0000c724                __aeabi_l2d
 .text          0x0000c780      0x424 c:/fehqt/proteus/gcc/bin/../lib/gcc/arm-none-eabi/4.6.2/armv7e-m\libgcc.a(_arm_muldivdf3.o)
                0x0000c780                __aeabi_dmul
                0x0000c780                __muldf3
                0x0000c9d4                __divdf3
                0x0000c9d4                __aeabi_ddiv
 .text          0x0000cba4       0x40 c:/fehqt/proteus/gcc/bin/../lib/gcc/arm-none-eabi/4.6.2/armv7e-m\libgcc.a(_arm_fixunsdfsi.o)
                0x0000cba4                __aeabi_d2uiz
                0x0000cba4                __fixunsdfsi
 .text          0x0000cbe4       0xa0 c:/fehqt/proteus/gcc/bin/../lib/gcc/arm-none-eabi/4.6.2/armv7e-m\libgcc.a(_arm_truncdfsf2.o)
                0x0000cbe4                __truncdfsf2
                0x0000cbe4                __aeabi_d2f
 .text          0x0000cc84      0x21c c:/fehqt/proteus/gcc/bin/../lib/gcc/arm-none-eabi/4.6.2/armv7e-m\libgcc.a(_arm_addsubsf3.o)
                0x0000cc84                __aeabi_frsub
                0x0000cc8c                __subsf3
                0x0000cc8c                __aeabi_fsub
                0x0000cc90                __aeabi_fadd
                0x0000cc90                __addsf3
                0x0000cdf0                __aeabi_ui2f
                0x0000cdf0                __floatunsisf
                0x0000cdf8                __aeabi_i2f
                0x0000cdf8                __floatsisf
                0x0000ce14                __aeabi_ul2f
                0x0000ce14                __floatundisf
                0x0000ce24                __aeabi_l2f
                0x0000ce24                __floatdisf
 .text          0x0000cea0      0x2a0 c:/fehqt/proteus/gcc/bin/../lib/gcc/arm-none-eabi/4.6.2/armv7e-m\libgcc.a(_arm_muldivsf3.o)
                0x0000cea0                __mulsf3
                0x0000cea0                __aeabi_fmul
                0x0000d008                __aeabi_fdiv
                0x0000d008                __divsf3
 .text          0x0000d140       0xec c:/fehqt/proteus/gcc/bin/../lib/gcc/arm-none-eabi/4.6.2/armv7e-m\libgcc.a(_arm_cmpsf2.o)
                0x0000d140                __gesf2
                0x0000d140                __gtsf2
                0x0000d148                __lesf2
                0x0000d148                __ltsf2
                0x0000d150                __nesf2
                0x0000d150                __eqsf2
                0x0000d150                __cmpsf2
                0x0000d1b0                __aeabi_cfrcmple
                0x0000d1b8                __aeabi_cfcmpeq
                0x0000d1b8                __aeabi_cfcmple
                0x0000d1c8                __aeabi_fcmpeq
                0x0000d1dc                __aeabi_fcmplt
                0x0000d1f0                __aeabi_fcmple
                0x0000d204                __aeabi_fcmpge
                0x0000d218                __aeabi_fcmpgt
 .text          0x0000d22c       0x4c c:/fehqt/proteus/gcc/bin/../lib/gcc/arm-none-eabi/4.6.2/armv7e-m\libgcc.a(_arm_fixsfsi.o)
                0x0000d22c                __aeabi_f2iz
                0x0000d22c                __fixsfsi
 *(.text*)
 .text.main     0x0000d278       0x78 ..\main.o
                0x0000d278                main
 .text._Z41__static_initialization_and_destruction_0ii
                0x0000d2f0       0x7c ..\main.o
 .text._GLOBAL__sub_I__ZN3PIDC2Effff
                0x0000d36c       0x14 ..\main.o
 .text.zero_fill_bss
                0x0000d380       0x34 Startup\__arm_start.o
 .text.__thumb_startup
                0x0000d3b4       0x34 Startup\__arm_start.o
                0x0000d3b4                __thumb_startup
 .text.InitFEHProteus
                0x0000d3e8      0x15c Startup\__arm_start.o
                0x0000d3e8                InitFEHProteus
 .text.pll_init_bl
                0x0000d544      0x130 Startup\__arm_start.o
 .text.InitPowerButton
                0x0000d674       0x90 Startup\__arm_start.o
                0x0000d674                InitPowerButton
 .text._ExitProcess
                0x0000d704        0xc Startup\__arm_end.o
                0x0000d704                _ExitProcess
 .text.Default_Handler
                0x0000d710        0xc Startup\kinetis_sysinit.o
                0x0000d710                BusFault_Handler()
                0x0000d710                HardFault_Handler()
                0x0000d710                SysTick_Handler()
                0x0000d710                PendSV_Handler()
                0x0000d710                DebugMonitor_Handler()
                0x0000d710                MemManage_Handler()
                0x0000d710                NMI_Handler()
                0x0000d710                SVC_Handler()
                0x0000d710                Default_Handler
                0x0000d710                UsageFault_Handler()
 .text.__init_hardware
                0x0000d71c       0x44 Startup\kinetis_sysinit.o
                0x0000d71c                __init_hardware
 .text._Z8PortDISRv
                0x0000d760       0x64 Startup\kinetis_sysinit.o
                0x0000d760                PortDISR()
 *fill*         0x0000d7c4        0x4 00
 .text._ZN8FEHMotorC2ENS_12FEHMotorPortEf
                0x0000d7c8       0xb0 Libraries\FEHMotor.o
                0x0000d7c8                FEHMotor::FEHMotor(FEHMotor::FEHMotorPort, float)
                0x0000d7c8                FEHMotor::FEHMotor(FEHMotor::FEHMotorPort, float)
 .text._Z21IIC_StartTransmissionhh
                0x0000d878       0x98 Drivers\i2c.o
                0x0000d878                IIC_StartTransmission(unsigned char, unsigned char)
 .text._Z5Pausev
                0x0000d910       0x34 Drivers\i2c.o
                0x0000d910                Pause()
 .text._Z21MMA8451QWriteRegisterhh
                0x0000d944      0x12c Drivers\i2c.o
                0x0000d944                MMA8451QWriteRegister(unsigned char, unsigned char)
 .text._Z12SPI_SendCharh
                0x0000da70       0x1c Drivers\spi.o
                0x0000da70                SPI_SendChar(unsigned char)
 .text._Z16SPI_WriteCommandhh
                0x0000da8c       0x34 Drivers\spi.o
                0x0000da8c                SPI_WriteCommand(unsigned char, unsigned char)
 .text._Z13SPI_CS_Assertv
                0x0000dac0       0x24 Drivers\spi.o
                0x0000dac0                SPI_CS_Assert()
 .text._Z15SPI_CS_Deassertv
                0x0000dae4       0x24 Drivers\spi.o
                0x0000dae4                SPI_CS_Deassert()
 .text._Z12SPI_Transferh
                0x0000db08       0x88 Drivers\spi.o
                0x0000db08                SPI_Transfer(unsigned char)
 .text._Z8SPI_Initv
                0x0000db90       0xe8 Drivers\spi.o
                0x0000db90                SPI_Init()
 .text._Z9uart_initPV11UART_MemMapii
                0x0000dc78      0x20c Drivers\uart.o
                0x0000dc78                uart_init(UART_MemMap volatile*, int, int)
 .text._Z12uart_getcharPV11UART_MemMap
                0x0000de84       0x34 Drivers\uart.o
                0x0000de84                uart_getchar(UART_MemMap volatile*)
 .text._ZL7mem_setPvij
                0x0000deb8       0x44 Drivers\ff.o
 .text._ZL11move_windowP5FATFSm
                0x0000defc       0xf0 Drivers\ff.o
 .text._ZL4syncP5FATFS
                0x0000dfec      0x188 Drivers\ff.o
 .text._ZL8validateP5FATFSt
                0x0000e174       0x54 Drivers\ff.o
 .text._Z6f_syncP3FIL
                0x0000e1c8      0x1c0 Drivers\ff.o
                0x0000e1c8                f_sync(FIL*)
 .text._Z7f_closeP3FIL
                0x0000e388       0x2c Drivers\ff.o
                0x0000e388                f_close(FIL*)
 .text._ZL17SDHC_set_baudratemm
                0x0000e3b4      0x14c Drivers\SDHC.o
 .text._Z9SDHC_initP17esdhc_info_structPK17esdhc_init_struct
                0x0000e500      0x1c4 Drivers\SDHC.o
                0x0000e500                SDHC_init(esdhc_info_struct*, esdhc_init_struct const*)
 .text._ZL15SDHC_is_runningv
                0x0000e6c4       0x28 Drivers\SDHC.o
 .text._ZL16SDHC_status_waitm
                0x0000e6ec       0x38 Drivers\SDHC.o
 .text._ZL17SDHC_send_commandP20esdhc_command_struct
                0x0000e724      0x2a0 Drivers\SDHC.o
 .text._Z10SDHC_ioctlmPv
                0x0000e9c4      0x978 Drivers\SDHC.o
                0x0000e9c4                SDHC_ioctl(unsigned long, void*)
 .text._ZL14rcvr_datablockPhm
                0x0000f33c      0x134 Drivers\SDHC.o
 .text._Z9disk_readhPhmh
                0x0000f470      0x13c Drivers\SDHC.o
                0x0000f470                disk_read(unsigned char, unsigned char*, unsigned long, unsigned char)
 .text._ZL14xmit_datablockPKhm
                0x0000f5ac       0xe0 Drivers\SDHC.o
 .text._Z10disk_writehPKhmh
                0x0000f68c      0x1cc Drivers\SDHC.o
                0x0000f68c                disk_write(unsigned char, unsigned char const*, unsigned long, unsigned char)
 .text._Z10disk_ioctlhhPv
                0x0000f858      0x128 Drivers\SDHC.o
                0x0000f858                disk_ioctl(unsigned char, unsigned char, void*)
 .text._Z11disk_statush
                0x0000f980       0x30 Drivers\SDHC.o
                0x0000f980                disk_status(unsigned char)
 .text._Z13time_delay_msm
                0x0000f9b0       0xa4 Drivers\lptmr.o
                0x0000f9b0                time_delay_ms(unsigned long)
 .text._Z41__static_initialization_and_destruction_0ii
                0x0000fa54       0x30 FEHProteus.o
 .text._GLOBAL__sub_I_Propeller
                0x0000fa84       0x14 FEHProteus.o
 .text._ZN12FEHPropellerC2Ev
                0x0000fa98       0x20 Drivers\FEHPropeller.o
                0x0000fa98                FEHPropeller::FEHPropeller()
                0x0000fa98                FEHPropeller::FEHPropeller()
 .text._ZN12FEHPropeller10InitializeEv
                0x0000fab8       0x94 Drivers\FEHPropeller.o
                0x0000fab8                FEHPropeller::Initialize()
 .text._ZL5Delaymjj
                0x0000fb4c       0xc4 Libraries\FEHUtility.o
 .text._Z5Sleepi
                0x0000fc10       0x34 Libraries\FEHUtility.o
                0x0000fc10                Sleep(int)
 *fill*         0x0000fc44        0x4 00
 .text._Z5Sleepd
                0x0000fc48       0x58 Libraries\FEHUtility.o
                0x0000fc48                Sleep(double)
 .text._ZN14DigitalEncoderC2EN5FEHIO8FEHIOPinE
                0x0000fca0       0x2c Libraries\FEHIO.o
                0x0000fca0                DigitalEncoder::DigitalEncoder(FEHIO::FEHIOPin)
                0x0000fca0                DigitalEncoder::DigitalEncoder(FEHIO::FEHIOPin)
 .text._Z10enable_irqi
                0x0000fccc      0x1cc Libraries\FEHIO.o
                0x0000fccc                enable_irq(int)
 .text._ZN14DigitalEncoder10InitializeEN5FEHIO8FEHIOPinENS0_21FEHIOInterruptTriggerE
                0x0000fe98      0x224 Libraries\FEHIO.o
                0x0000fe98                DigitalEncoder::Initialize(FEHIO::FEHIOPin, FEHIO::FEHIOInterruptTrigger)
 .text._Z9portB_isrv
                0x000100bc       0xd4 Libraries\FEHIO.o
                0x000100bc                portB_isr()
 .text._Z9portC_isrv
                0x00010190       0xd8 Libraries\FEHIO.o
                0x00010190                portC_isr()
 .text._Z9portA_isrv
                0x00010268       0xd8 Libraries\FEHIO.o
                0x00010268                portA_isr()
 .text._Z9portE_isrv
                0x00010340       0xd0 Libraries\FEHIO.o
                0x00010340                portE_isr()
 .text._ZN14AnalogInputPinC2EN5FEHIO8FEHIOPinE
                0x00010410       0x20 Libraries\FEHIO.o
                0x00010410                AnalogInputPin::AnalogInputPin(FEHIO::FEHIOPin)
                0x00010410                AnalogInputPin::AnalogInputPin(FEHIO::FEHIOPin)
 .text._ZN14AnalogInputPin5ValueEv
                0x00010430      0x180 Libraries\FEHIO.o
                0x00010430                AnalogInputPin::Value()
 .text._ZN13AnalogEncoder12EncoderValueEv
                0x000105b0       0xe4 Libraries\FEHIO.o
                0x000105b0                AnalogEncoder::EncoderValue()
 .text._ZN14AnalogInputPin8InitADCsEv
                0x00010694      0x120 Libraries\FEHIO.o
                0x00010694                AnalogInputPin::InitADCs()
 .text._Z8pit0_isrv
                0x000107b4       0x34 Libraries\FEHIO.o
                0x000107b4                pit0_isr()
 .text._ZN13AnalogEncoder4InitEv
                0x000107e8       0x64 Libraries\FEHIO.o
                0x000107e8                AnalogEncoder::Init()
 .text._ZN13AnalogEncoder14SetCounterInitEj
                0x0001084c       0x20 Libraries\FEHIO.o
                0x0001084c                AnalogEncoder::SetCounterInit(unsigned int)
 .text._ZN13AnalogEncoder10ProcessIntEv
                0x0001086c       0x80 Libraries\FEHIO.o
                0x0001086c                AnalogEncoder::ProcessInt()
 .text._ZN13AnalogEncoder14ProcessIntSelfEv
                0x000108ec       0x80 Libraries\FEHIO.o
                0x000108ec                AnalogEncoder::ProcessIntSelf()
 .text._Z7ADC_CalPV10ADC_MemMap
                0x0001096c      0x14c Drivers\adc16.o
                0x0001096c                ADC_Cal(ADC_MemMap volatile*)
 .text._Z14ADC_Config_AltPV10ADC_MemMapP7adc_cfg
                0x00010ab8       0x6c Drivers\adc16.o
                0x00010ab8                ADC_Config_Alt(ADC_MemMap volatile*, adc_cfg*)
 .text._ZN9FEHBuzzerC2Ev
                0x00010b24       0x18 Libraries\FEHBuzzer.o
                0x00010b24                FEHBuzzer::FEHBuzzer()
                0x00010b24                FEHBuzzer::FEHBuzzer()
 .text._Z41__static_initialization_and_destruction_0ii
                0x00010b3c       0x30 Libraries\FEHBuzzer.o
 .text._GLOBAL__sub_I_Buzzer
                0x00010b6c       0x14 Libraries\FEHBuzzer.o
 .text._ZN8FEHServoC2ENS_12FEHServoPortE
                0x00010b80       0x3c Libraries\FEHServo.o
                0x00010b80                FEHServo::FEHServo(FEHServo::FEHServoPort)
                0x00010b80                FEHServo::FEHServo(FEHServo::FEHServoPort)
 .text._ZN8FEHServo6SetMinEi
                0x00010bbc       0x3c Libraries\FEHServo.o
                0x00010bbc                FEHServo::SetMin(int)
 .text._ZN8FEHServo6SetMaxEi
                0x00010bf8       0x3c Libraries\FEHServo.o
                0x00010bf8                FEHServo::SetMax(int)
 .text._ZN6FEHLCD11_InitializeEv
                0x00010c34      0x5dc Libraries\FEHLCD.o
                0x00010c34                FEHLCD::_Initialize()
 .text._ZN6FEHLCDC2Ev
                0x00011210       0x64 Libraries\FEHLCD.o
                0x00011210                FEHLCD::FEHLCD()
                0x00011210                FEHLCD::FEHLCD()
 .text._ZN6FEHLCD10InitializeEv
                0x00011274       0x38 Libraries\FEHLCD.o
                0x00011274                FEHLCD::Initialize()
 .text._ZN6FEHLCD10PrintImageEii
                0x000112ac      0x100 Libraries\FEHLCD.o
                0x000112ac                FEHLCD::PrintImage(int, int)
 .text._ZN6FEHLCD9PrintLogoEii
                0x000113ac      0x100 Libraries\FEHLCD.o
                0x000113ac                FEHLCD::PrintLogo(int, int)
 .text._ZN6FEHLCD22ConvertFEHColorTo24BitENS_11FEHLCDColorE
                0x000114ac       0x80 Libraries\FEHLCD.o
                0x000114ac                FEHLCD::ConvertFEHColorTo24Bit(FEHLCD::FEHLCDColor)
 .text._ZN6FEHLCD24Convert24BitColorTo16BitEj
                0x0001152c       0x40 Libraries\FEHLCD.o
                0x0001152c                FEHLCD::Convert24BitColorTo16Bit(unsigned int)
 .text._ZN6FEHLCD22ConvertRGBColorTo16BitEhhh
                0x0001156c       0x44 Libraries\FEHLCD.o
                0x0001156c                FEHLCD::ConvertRGBColorTo16Bit(unsigned char, unsigned char, unsigned char)
 .text._ZN6FEHLCD5ClearENS_11FEHLCDColorE
                0x000115b0       0x28 Libraries\FEHLCD.o
                0x000115b0                FEHLCD::Clear(FEHLCD::FEHLCDColor)
 .text._ZN6FEHLCD5ClearEj
                0x000115d8       0x2c Libraries\FEHLCD.o
                0x000115d8                FEHLCD::Clear(unsigned int)
 .text._ZN6FEHLCD18SetBackgroundColorENS_11FEHLCDColorE
                0x00011604       0x28 Libraries\FEHLCD.o
                0x00011604                FEHLCD::SetBackgroundColor(FEHLCD::FEHLCDColor)
 .text._ZN6FEHLCD18SetBackgroundColorEj
                0x0001162c       0x28 Libraries\FEHLCD.o
                0x0001162c                FEHLCD::SetBackgroundColor(unsigned int)
 .text._ZN6FEHLCD12SetFontColorENS_11FEHLCDColorE
                0x00011654       0x28 Libraries\FEHLCD.o
                0x00011654                FEHLCD::SetFontColor(FEHLCD::FEHLCDColor)
 .text._ZN6FEHLCD12SetFontColorEj
                0x0001167c       0x28 Libraries\FEHLCD.o
                0x0001167c                FEHLCD::SetFontColor(unsigned int)
 .text._ZN6FEHLCD7WriteAtEPKcii
                0x000116a4       0x58 Libraries\FEHLCD.o
                0x000116a4                FEHLCD::WriteAt(char const*, int, int)
 .text._ZN6FEHLCD11TS_SPI_InitEv
                0x000116fc       0xa8 Libraries\FEHLCD.o
                0x000116fc                FEHLCD::TS_SPI_Init()
 .text._ZN6FEHLCD5WriteEPKc
                0x000117a4       0x5c Libraries\FEHLCD.o
                0x000117a4                FEHLCD::Write(char const*)
 .text._ZN6FEHLCD5WriteEf
                0x00011800       0xdc Libraries\FEHLCD.o
                0x00011800                FEHLCD::Write(float)
 .text._ZN6FEHLCD9WriteLineEf
                0x000118dc       0x28 Libraries\FEHLCD.o
                0x000118dc                FEHLCD::WriteLine(float)
 .text._ZN6FEHLCD10WriteIndexEh
                0x00011904      0x288 Libraries\FEHLCD.o
                0x00011904                FEHLCD::WriteIndex(unsigned char)
 .text._ZN6FEHLCD14WriteParameterEh
                0x00011b8c      0x254 Libraries\FEHLCD.o
                0x00011b8c                FEHLCD::WriteParameter(unsigned char)
 .text._ZN6FEHLCD6_ClearEv
                0x00011de0      0x228 Libraries\FEHLCD.o
                0x00011de0                FEHLCD::_Clear()
 .text._ZN6FEHLCD8NextLineEv
                0x00012008       0x30 Libraries\FEHLCD.o
                0x00012008                FEHLCD::NextLine()
 .text._ZN6FEHLCD9CheckLineEv
                0x00012038       0x2c Libraries\FEHLCD.o
                0x00012038                FEHLCD::CheckLine()
 .text._ZN6FEHLCD8NextCharEv
                0x00012064       0x34 Libraries\FEHLCD.o
                0x00012064                FEHLCD::NextChar()
 .text._ZN6FEHLCD13SetDrawRegionEiiii
                0x00012098      0x10c Libraries\FEHLCD.o
                0x00012098                FEHLCD::SetDrawRegion(int, int, int, int)
 .text._ZN6FEHLCD9WriteCharEiic
                0x000121a4       0x40 Libraries\FEHLCD.o
                0x000121a4                FEHLCD::WriteChar(int, int, char)
 .text._ZN6FEHLCD11WriteCharAtEiic
                0x000121e4      0x278 Libraries\FEHLCD.o
                0x000121e4                FEHLCD::WriteCharAt(int, int, char)
 .text._ZN6FEHLCD11RepeatColorEv
                0x0001245c       0xbc Libraries\FEHLCD.o
                0x0001245c                FEHLCD::RepeatColor()
 .text._ZN6FEHLCD10_ForePixelEv
                0x00012518      0x160 Libraries\FEHLCD.o
                0x00012518                FEHLCD::_ForePixel()
 .text._ZN6FEHLCD10_BackPixelEv
                0x00012678      0x160 Libraries\FEHLCD.o
                0x00012678                FEHLCD::_BackPixel()
 .text._ZN6FEHLCD22SetRegisterColorValuesEv
                0x000127d8      0x4c0 Libraries\FEHLCD.o
                0x000127d8                FEHLCD::SetRegisterColorValues()
 .text._Z41__static_initialization_and_destruction_0ii
                0x00012c98       0x30 Libraries\FEHLCD.o
 .text._GLOBAL__sub_I_image
                0x00012cc8       0x14 Libraries\FEHLCD.o
 .text._ZN8FEHAccelC2Ev
                0x00012cdc       0x8c Libraries\FEHAccel.o
                0x00012cdc                FEHAccel::FEHAccel()
                0x00012cdc                FEHAccel::FEHAccel()
 .text._Z41__static_initialization_and_destruction_0ii
                0x00012d68       0x30 Libraries\FEHAccel.o
 .text._GLOBAL__sub_I_Accel
                0x00012d98       0x14 Libraries\FEHAccel.o
 .text._ZN10FEHBatteryC2EN5FEHIO8FEHIOPinE
                0x00012dac       0x24 Libraries\FEHBattery.o
                0x00012dac                FEHBattery::FEHBattery(FEHIO::FEHIOPin)
                0x00012dac                FEHBattery::FEHBattery(FEHIO::FEHIOPin)
 .text._Z41__static_initialization_and_destruction_0ii
                0x00012dd0       0x34 Libraries\FEHBattery.o
 .text._GLOBAL__sub_I_Battery
                0x00012e04       0x14 Libraries\FEHBattery.o
 .text._ZN7FEHXBeeC2Ev
                0x00012e18       0x20 Drivers\FEHXBee.o
                0x00012e18                FEHXBee::FEHXBee()
                0x00012e18                FEHXBee::FEHXBee()
 .text._ZN7FEHXBee17SetPacketCallBackEPFvPhhE
                0x00012e38       0x20 Drivers\FEHXBee.o
                0x00012e38                FEHXBee::SetPacketCallBack(void (*)(unsigned char*, unsigned char))
 .text._Z9UART0_ISRv
                0x00012e58      0x174 Drivers\FEHXBee.o
                0x00012e58                UART0_ISR()
 .text._ZN6FEHRPSC2Ev
                0x00012fcc       0x88 Libraries\FEHRPS.o
                0x00012fcc                FEHRPS::FEHRPS()
                0x00012fcc                FEHRPS::FEHRPS()
 .text._Z14RPSDataProcessPhh
                0x00013054      0x164 Libraries\FEHRPS.o
                0x00013054                RPSDataProcess(unsigned char*, unsigned char)
 .text._Z41__static_initialization_and_destruction_0ii
                0x000131b8       0x30 Libraries\FEHRPS.o
 .text._GLOBAL__sub_I_RPS
                0x000131e8       0x14 Libraries\FEHRPS.o
 .text._ZN5FEHSDC2Ev
                0x000131fc       0x24 Libraries\FEHSD.o
                0x000131fc                FEHSD::FEHSD()
                0x000131fc                FEHSD::FEHSD()
 .text._ZN5FEHSD8CloseLogEv
                0x00013220       0x38 Libraries\FEHSD.o
                0x00013220                FEHSD::CloseLog()
 .text._Z41__static_initialization_and_destruction_0ii
                0x00013258       0x30 Libraries\FEHSD.o
 .text._GLOBAL__sub_I_SD
                0x00013288       0x14 Libraries\FEHSD.o
 .text.sprintf  0x0001329c       0x1c C:\fehqt\Proteus/EWL/lib/armv7e-m\libc.a(sprintf.o)
                0x0001329c                sprintf
 .text.__StringWrite
                0x000132b8       0x28 C:\fehqt\Proteus/EWL/lib/armv7e-m\libc.a(vsnprintf.o)
                0x000132b8                __StringWrite
 .text.vsnprintf
                0x000132e0       0x34 C:\fehqt\Proteus/EWL/lib/armv7e-m\libc.a(vsnprintf.o)
                0x000132e0                vsnprintf
 .text.exit     0x00013314       0x38 C:\fehqt\Proteus/EWL/lib/armv7e-m\libc.a(exit.o)
                0x00013314                exit
 .text.memcpy   0x0001334c       0x12 C:\fehqt\Proteus/EWL/lib/armv7e-m\libc.a(memcpy.o)
                0x0001334c                memcpy
 .text.memset   0x0001335e        0xc C:\fehqt\Proteus/EWL/lib/armv7e-m\libc.a(memset.o)
                0x0001335e                memset
 .text.strlen   0x0001336a       0x10 C:\fehqt\Proteus/EWL/lib/armv7e-m\libc.a(strlen.o)
                0x0001336a                strlen
 .text.long2str.isra.0
                0x0001337a      0x196 C:\fehqt\Proteus/EWL/lib/armv7e-m\libc.a(printformat_.o)
 .text.__pformatter_
                0x00013510      0x3f8 C:\fehqt\Proteus/EWL/lib/armv7e-m\libc.a(printformat_.o)
                0x00013510                __pformatter_
 .text.__sformatter
                0x00013908      0x74e C:\fehqt\Proteus/EWL/lib/armv7e-m\libc.a(scanformat_.o)
                0x00013908                __sformatter
 *fill*         0x00014056        0x2 00
 .text.isalpha  0x00014058       0x1c C:\fehqt\Proteus/EWL/lib/armv7e-m\libc.a(ctype_aeabi.o)
                0x00014058                isalpha
 .text.isspace  0x00014074       0x1c C:\fehqt\Proteus/EWL/lib/armv7e-m\libc.a(ctype_aeabi.o)
                0x00014074                isspace
 .text.toupper  0x00014090        0xc C:\fehqt\Proteus/EWL/lib/armv7e-m\libc.a(ctype_aeabi.o)
                0x00014090                toupper
 .text.__strtoul
                0x0001409c      0x1dc C:\fehqt\Proteus/EWL/lib/armv7e-m\libc.a(__strtoul.o)
                0x0001409c                __strtoul
 .text.__fill_mem
                0x00014278       0x76 C:\fehqt\Proteus/EWL/lib/armv7e-m\libc.a(__filll_mem.o)
                0x00014278                __fill_mem
 .text.memchr   0x000142ee       0x1a C:\fehqt\Proteus/EWL/lib/armv7e-m\libc.a(memchr.o)
                0x000142ee                memchr
 .text.strchr   0x00014308       0x1c C:\fehqt\Proteus/EWL/lib/armv7e-m\libc.a(strchr.o)
                0x00014308                strchr
 .text.__init_cpp
                0x00014324       0x4c C:\fehqt\Proteus/EWL/lib/armv7e-m\librt.a(gcc_ctor_dtor.o)
                0x00014324                __init_cpp
 .text.__fini_cpp
                0x00014370       0x34 C:\fehqt\Proteus/EWL/lib/armv7e-m\librt.a(gcc_ctor_dtor.o)
                0x00014370                __fini_cpp
 .text.__copy_rom_section
                0x000143a4       0x44 C:\fehqt\Proteus/EWL/lib/armv7e-m\librt.a(ROMCopy.o)
                0x000143a4                __copy_rom_section
 .text.__copy_rom_sections_to_ram
                0x000143e8       0x34 C:\fehqt\Proteus/EWL/lib/armv7e-m\librt.a(ROMCopy.o)
                0x000143e8                __copy_rom_sections_to_ram
 .text.__destroy_global_chain
                0x0001441c       0x1c C:\fehqt\Proteus/EWL/lib/armv7e-m\librt.a(__arm_eabi_init.o)
                0x0001441c                __destroy_global_chain
 .text.__init_registers
                0x00014438       0x20 C:\fehqt\Proteus/EWL/lib/armv7e-m\librt.a(__arm_eabi_init.o)
                0x00014438                __init_registers
 .text.__init_user
                0x00014458        0x4 C:\fehqt\Proteus/EWL/lib/armv7e-m\librt.a(__arm_eabi_init.o)
                0x00014458                __init_user
 *(.rodata)
 .rodata        0x0001445c       0x78 Libraries\FEHIO.o
 .rodata        0x000144d4       0x34 Libraries\FEHLCD.o
 *(.rodata*)
 .rodata.K60_SDHC0_init
                0x00014508        0xc Drivers\SDHC.o
                0x00014508                K60_SDHC0_init
 .rodata._ZL21ESDHC_COMMAND_XFERTYP
                0x00014514      0x100 Drivers\SDHC.o
 .rodata._ZL9GPIOPorts
                0x00014614       0x20 Libraries\FEHIO.o
 .rodata._ZL10ADCNumbers
                0x00014634       0x24 Libraries\FEHIO.o
 .rodata._ZL14GPIOPinNumbers
                0x00014658       0x80 Libraries\FEHIO.o
 .rodata._ZL16AnalogPinNumbers
                0x000146d8       0x84 Libraries\FEHIO.o
 .rodata.str1.1
                0x0001475c        0x1 C:\fehqt\Proteus/EWL/lib/armv7e-m\libc.a(printformat_.o)
 .rodata.__aeabi_ctype_table_C
                0x0001475d      0x101 C:\fehqt\Proteus/EWL/lib/armv7e-m\libc.a(ctype_aeabi.o)
                0x0001475d                __aeabi_ctype_table_C
 *(.glue_7)
 .glue_7        0x00000000        0x0 linker stubs
 *(.glue_7t)
 .glue_7t       0x00000000        0x0 linker stubs
 *(.eh_frame)
 *(.init)
 *(.fini)
                0x00014860                . = ALIGN (0x4)
 *fill*         0x0001485e        0x2 00
                0x00014860                _etext = .

.vfp11_veneer   0x00014860        0x0
 .vfp11_veneer  0x00000000        0x0 linker stubs

.v4_bx          0x00014860        0x0
 .v4_bx         0x00000000        0x0 linker stubs

.ARM.extab
 *(.ARM.extab* .gnu.linkonce.armextab.*)

.ARM            0x00014860        0x0
                0x00014860                __exidx_start = .
 *(.ARM.exidx*)
                0x00014860                __exidx_end = .

.ctors          0x00014860        0x0
                0x00014860                __CTOR_LIST__ = .
 *crtbegin.o(.ctors)
 *(EXCLUDE_FILE(*crtend.o) .ctors)
 *(SORT(.ctors.*))
 *(.ctors)
                0x00014860                __CTOR_END__ = .

.dtors          0x00014860        0x0
                0x00014860                __DTOR_LIST__ = .
 *crtbegin.o(.dtors)
 *(EXCLUDE_FILE(*crtend.o) .dtors)
 *(SORT(.dtors.*))
 *(.dtors)
                0x00014860                __DTOR_END__ = .

.preinit_array  0x00014860        0x0
                0x00014860                PROVIDE (__preinit_array_start, .)
 *(.preinit_array*)
                0x00014860                PROVIDE (__preinit_array_end, .)

.init_array     0x00014860       0x20
                0x00014860                PROVIDE (__init_array_start, .)
 *(SORT(.init_array.*))
 *(.init_array*)
 .init_array    0x00014860        0x4 ..\main.o
 .init_array    0x00014864        0x4 FEHProteus.o
 .init_array    0x00014868        0x4 Libraries\FEHBuzzer.o
 .init_array    0x0001486c        0x4 Libraries\FEHLCD.o
 .init_array    0x00014870        0x4 Libraries\FEHAccel.o
 .init_array    0x00014874        0x4 Libraries\FEHBattery.o
 .init_array    0x00014878        0x4 Libraries\FEHRPS.o
 .init_array    0x0001487c        0x4 Libraries\FEHSD.o
                0x00014880                PROVIDE (__init_array_end, .)

.fini_array     0x00014880        0x0
                0x00014880                PROVIDE (__fini_array_start, .)
 *(SORT(.fini_array.*))
 *(.fini_array*)
                0x00014880                PROVIDE (__fini_array_end, .)
                0x00014880                ___ROM_AT = .

.data           0x1fff0400      0xd1c load address 0x00014880
                0x1fff0400                . = ALIGN (0x4)
                0x1fff0400                _sdata = .
 *(.data)
 *(.data*)
 .data._ZL4Stat
                0x1fff0400        0x1 Drivers\SDHC.o
 *fill*         0x1fff0401        0x3 00
 .data.image    0x1fff0404      0x750 Libraries\FEHLCD.o
                0x1fff0404                image
 .data.logo     0x1fff0b54      0x3e8 Libraries\FEHLCD.o
                0x1fff0b54                logo
 .data._ZN6FEHLCD8fontDataE
                0x1fff0f3c      0x1e0 Libraries\FEHLCD.o
                0x1fff0f3c                FEHLCD::fontData
                0x1fff111c                . = ALIGN (0x4)
                0x1fff111c                _edata = .
                0x00000d1c                ___data_size = (_edata - _sdata)
                0x0001559c                ___m_data2_ROMStart = (___ROM_AT + SIZEOF (.data))

.user_data2     0x20000000        0x0 load address 0x0001559c
                0x20000000                . = ALIGN (0x4)
                0x20000000                ___m_data2_RAMStart = .
 *(.data2)
                0x20000000                ___m_data2_RAMEnd = .
                0x20000000                . = ALIGN (0x4)
                0x00000000                ___m_data2_ROMSize = (___m_data2_RAMEnd - ___m_data2_RAMStart)
                0x20000000                . = ALIGN (0x4)

.bss            0x1fff111c      0x5d4 load address 0x0001559c
                0x1fff111c                __START_BSS = .
                0x1fff111c                PROVIDE (__bss_start__, __START_BSS)
 *(.bss)
 *(.bss*)
 .bss.armServo  0x1fff111c        0xc ..\main.o
                0x1fff111c                armServo
 .bss.leftBase  0x1fff1128        0x8 ..\main.o
                0x1fff1128                leftBase
 .bss.rightBase
                0x1fff1130        0x8 ..\main.o
                0x1fff1130                rightBase
 .bss.leftEnc   0x1fff1138        0x4 ..\main.o
                0x1fff1138                leftEnc
 .bss.rightEnc  0x1fff113c        0x4 ..\main.o
                0x1fff113c                rightEnc
 .bss._ZL4argv  0x1fff1140        0x4 Startup\__arm_start.o
 .bss.MasterTransmission
                0x1fff1144        0x1 Drivers\i2c.o
                0x1fff1144                MasterTransmission
 .bss.SlaveID   0x1fff1145        0x1 Drivers\i2c.o
                0x1fff1145                SlaveID
 *fill*         0x1fff1146        0x2 00
 .bss.SDHC_Card
                0x1fff1148       0x14 Drivers\SDHC.o
                0x1fff1148                SDHC_Card
 .bss.SDHC_Info
                0x1fff115c      0x204 Drivers\SDHC.o
                0x1fff115c                SDHC_Info
 .bss.SDHC_Device
                0x1fff1360        0x8 Drivers\SDHC.o
                0x1fff1360                SDHC_Device
 .bss.Propeller
                0x1fff1368        0x4 FEHProteus.o
                0x1fff1368                Propeller
 .bss.CoreClockKHz
                0x1fff136c        0x4 FEHProteus.o
                0x1fff136c                CoreClockKHz
 .bss.CoreClockMHz
                0x1fff1370        0x4 FEHProteus.o
                0x1fff1370                CoreClockMHz
 .bss.PeripheralClockKHz
                0x1fff1374        0x4 FEHProteus.o
                0x1fff1374                PeripheralClockKHz
 .bss._ZN14AnalogInputPin17Master_Adc_ConfigE
                0x1fff1378       0x10 Libraries\FEHIO.o
                0x1fff1378                AnalogInputPin::Master_Adc_Config
 .bss._ZN14AnalogInputPin18Encoder_Adc_ConfigE
                0x1fff1388       0x10 Libraries\FEHIO.o
                0x1fff1388                AnalogInputPin::Encoder_Adc_Config
 .bss.interrupt_counts
                0x1fff1398       0x80 Libraries\FEHIO.o
                0x1fff1398                interrupt_counts
 .bss._ZN13AnalogEncoder7pinListE
                0x1fff1418        0x4 Libraries\FEHIO.o
                0x1fff1418                AnalogEncoder::pinList
 .bss.__interrupt_counter
                0x1fff141c        0x4 Libraries\FEHIO.o
                0x1fff141c                __interrupt_counter
 .bss.Buzzer    0x1fff1420        0x4 Libraries\FEHBuzzer.o
                0x1fff1420                Buzzer
 .bss.LCD       0x1fff1424       0x44 Libraries\FEHLCD.o
                0x1fff1424                LCD
 .bss.initialized
                0x1fff1468        0x1 Libraries\FEHLCD.o
                0x1fff1468                initialized
 *fill*         0x1fff1469        0x3 00
 .bss.Accel     0x1fff146c        0x4 Libraries\FEHAccel.o
                0x1fff146c                Accel
 .bss.Battery   0x1fff1470        0x4 Libraries\FEHBattery.o
                0x1fff1470                Battery
 .bss.XBeeDataProcess
                0x1fff1474        0x4 Drivers\FEHXBee.o
                0x1fff1474                XBeeDataProcess
 .bss._xbeebuffer
                0x1fff1478       0x10 Drivers\FEHXBee.o
                0x1fff1478                _xbeebuffer
 .bss._xbeebufferindex
                0x1fff1488        0x1 Drivers\FEHXBee.o
                0x1fff1488                _xbeebufferindex
 .bss._xbeestate
                0x1fff1489        0x1 Drivers\FEHXBee.o
                0x1fff1489                _xbeestate
 .bss._xbeebytereceived
                0x1fff148a        0x1 Drivers\FEHXBee.o
                0x1fff148a                _xbeebytereceived
 .bss._xbeebyte
                0x1fff148b        0x1 Drivers\FEHXBee.o
                0x1fff148b                _xbeebyte
 .bss.RPS       0x1fff148c        0x8 Libraries\FEHRPS.o
                0x1fff148c                RPS
 .bss._enabled  0x1fff1494        0x1 Libraries\FEHRPS.o
                0x1fff1494                _enabled
 *fill*         0x1fff1495        0x3 00
 .bss._RPS_x    0x1fff1498        0x4 Libraries\FEHRPS.o
                0x1fff1498                _RPS_x
 .bss._RPS_y    0x1fff149c        0x4 Libraries\FEHRPS.o
                0x1fff149c                _RPS_y
 .bss._RPS_heading
                0x1fff14a0        0x4 Libraries\FEHRPS.o
                0x1fff14a0                _RPS_heading
 .bss._RPS_objective
                0x1fff14a4        0x4 Libraries\FEHRPS.o
                0x1fff14a4                _RPS_objective
 .bss._RPS_time
                0x1fff14a8        0x1 Libraries\FEHRPS.o
                0x1fff14a8                _RPS_time
 .bss._RPS_stop
                0x1fff14a9        0x1 Libraries\FEHRPS.o
                0x1fff14a9                _RPS_stop
 .bss._RPS_foundpacket
                0x1fff14aa        0x1 Libraries\FEHRPS.o
                0x1fff14aa                _RPS_foundpacket
 *fill*         0x1fff14ab        0x1 00
 .bss.SD        0x1fff14ac        0x4 Libraries\FEHSD.o
                0x1fff14ac                SD
 .bss.logfil    0x1fff14b0      0x228 Libraries\FEHSD.o
                0x1fff14b0                logfil
 .bss.__stdio_exit
                0x1fff16d8        0x4 C:\fehqt\Proteus/EWL/lib/armv7e-m\libc.a(exit.o)
                0x1fff16d8                __stdio_exit
 .bss.__console_exit
                0x1fff16dc        0x4 C:\fehqt\Proteus/EWL/lib/armv7e-m\libc.a(exit.o)
                0x1fff16dc                __console_exit
 .bss.__S_romp  0x1fff16e0        0xc C:\fehqt\Proteus/EWL/lib/armv7e-m\librt.a(ROMCopy.o)
 .bss.__global_destructor_chain
                0x1fff16ec        0x4 C:\fehqt\Proteus/EWL/lib/armv7e-m\librt.a(__arm_eabi_init.o)
                0x1fff16ec                __global_destructor_chain
 *(COMMON)
                0x1fff16f0                . = ALIGN (0x4)
                0x1fff16f0                __END_BSS = .
                0x1fff16f0                PROVIDE (__bss_end__, __END_BSS)

._user_heap_stack
                0x1fff16f0     0x1000 load address 0x00015b70
                0x1fff16f0                . = ALIGN (0x4)
                0x1fff16f0                PROVIDE (end, .)
                0x1fff16f0                PROVIDE (_end, .)
                0x1fff16f0                __heap_addr = .
                0x1fff1ef0                . = (. + __heap_size)
 *fill*         0x1fff16f0      0x800 00
                0x1fff26f0                . = (. + __stack_size)
 *fill*         0x1fff1ef0      0x800 00
                0x1fff26f0                . = ALIGN (0x4)
                0x0001559c                _romp_at = ((___ROM_AT + SIZEOF (.data)) + SIZEOF (.user_data2))

.romp           0x20000000       0x24 load address 0x0001559c
                0x0001559c                __S_romp = _romp_at
                0x20000000        0x4 LONG 0x14880 ___ROM_AT
                0x20000004        0x4 LONG 0x1fff0400 _sdata
                0x20000008        0x4 LONG 0xd1c ___data_size
                0x2000000c        0x4 LONG 0x1559c ___m_data2_ROMStart
                0x20000010        0x4 LONG 0x20000000 ___m_data2_RAMStart
                0x20000014        0x4 LONG 0x0 ___m_data2_ROMSize
                0x20000018        0x4 LONG 0x0
                0x2000001c        0x4 LONG 0x0
                0x20000020        0x4 LONG 0x0

.ARM.attributes
                0x00000000       0x33
 *(.ARM.attributes)
 .ARM.attributes
                0x00000000       0x33 ..\main.o
 .ARM.attributes
                0x00000033       0x33 Startup\__arm_start.o
 .ARM.attributes
                0x00000066       0x33 Startup\__arm_end.o
 .ARM.attributes
                0x00000099       0x33 Startup\kinetis_sysinit.o
 .ARM.attributes
                0x000000cc       0x33 Libraries\FEHMotor.o
 .ARM.attributes
                0x000000ff       0x33 Drivers\i2c.o
 .ARM.attributes
                0x00000132       0x33 Drivers\spi.o
 .ARM.attributes
                0x00000165       0x33 Drivers\uart.o
 .ARM.attributes
                0x00000198       0x33 Drivers\ff.o
 .ARM.attributes
                0x000001cb       0x33 Drivers\SDHC.o
 .ARM.attributes
                0x000001fe       0x33 Drivers\lptmr.o
 .ARM.attributes
                0x00000231       0x33 FEHProteus.o
 .ARM.attributes
                0x00000264       0x33 Drivers\FEHPropeller.o
 .ARM.attributes
                0x00000297       0x33 Libraries\FEHUtility.o
 .ARM.attributes
                0x000002ca       0x33 Libraries\FEHIO.o
 .ARM.attributes
                0x000002fd       0x33 Drivers\adc16.o
 .ARM.attributes
                0x00000330       0x33 Libraries\FEHBuzzer.o
 .ARM.attributes
                0x00000363       0x33 Libraries\FEHServo.o
 .ARM.attributes
                0x00000396       0x33 Libraries\FEHLCD.o
 .ARM.attributes
                0x000003c9       0x33 Libraries\FEHAccel.o
 .ARM.attributes
                0x000003fc       0x33 Libraries\FEHBattery.o
 .ARM.attributes
                0x0000042f       0x33 Drivers\FEHXBee.o
 .ARM.attributes
                0x00000462       0x33 Libraries\FEHRPS.o
 .ARM.attributes
                0x00000495       0x33 Libraries\FEHSD.o
 .ARM.attributes
                0x000004c8       0x33 C:\fehqt\Proteus/EWL/lib/armv7e-m\libc.a(sprintf.o)
 .ARM.attributes
                0x000004fb       0x33 C:\fehqt\Proteus/EWL/lib/armv7e-m\libc.a(vsnprintf.o)
 .ARM.attributes
                0x0000052e       0x33 C:\fehqt\Proteus/EWL/lib/armv7e-m\libc.a(exit.o)
 .ARM.attributes
                0x00000561       0x33 C:\fehqt\Proteus/EWL/lib/armv7e-m\libc.a(memcpy.o)
 .ARM.attributes
                0x00000594       0x33 C:\fehqt\Proteus/EWL/lib/armv7e-m\libc.a(memset.o)
 .ARM.attributes
                0x000005c7       0x33 C:\fehqt\Proteus/EWL/lib/armv7e-m\libc.a(strlen.o)
 .ARM.attributes
                0x000005fa       0x33 C:\fehqt\Proteus/EWL/lib/armv7e-m\libc.a(printformat_.o)
 .ARM.attributes
                0x0000062d       0x33 C:\fehqt\Proteus/EWL/lib/armv7e-m\libc.a(scanformat_.o)
 .ARM.attributes
                0x00000660       0x33 C:\fehqt\Proteus/EWL/lib/armv7e-m\libc.a(ctype_aeabi.o)
 .ARM.attributes
                0x00000693       0x33 C:\fehqt\Proteus/EWL/lib/armv7e-m\libc.a(__strtoul.o)
 .ARM.attributes
                0x000006c6       0x33 C:\fehqt\Proteus/EWL/lib/armv7e-m\libc.a(__filll_mem.o)
 .ARM.attributes
                0x000006f9       0x33 C:\fehqt\Proteus/EWL/lib/armv7e-m\libc.a(memchr.o)
 .ARM.attributes
                0x0000072c       0x33 C:\fehqt\Proteus/EWL/lib/armv7e-m\libc.a(strchr.o)
 .ARM.attributes
                0x0000075f       0x1e c:/fehqt/proteus/gcc/bin/../lib/gcc/arm-none-eabi/4.6.2/armv7e-m\libgcc.a(_arm_addsubdf3.o)
 .ARM.attributes
                0x0000077d       0x1e c:/fehqt/proteus/gcc/bin/../lib/gcc/arm-none-eabi/4.6.2/armv7e-m\libgcc.a(_arm_muldivdf3.o)
 .ARM.attributes
                0x0000079b       0x1e c:/fehqt/proteus/gcc/bin/../lib/gcc/arm-none-eabi/4.6.2/armv7e-m\libgcc.a(_arm_fixunsdfsi.o)
 .ARM.attributes
                0x000007b9       0x1e c:/fehqt/proteus/gcc/bin/../lib/gcc/arm-none-eabi/4.6.2/armv7e-m\libgcc.a(_arm_truncdfsf2.o)
 .ARM.attributes
                0x000007d7       0x1e c:/fehqt/proteus/gcc/bin/../lib/gcc/arm-none-eabi/4.6.2/armv7e-m\libgcc.a(_arm_addsubsf3.o)
 .ARM.attributes
                0x000007f5       0x1e c:/fehqt/proteus/gcc/bin/../lib/gcc/arm-none-eabi/4.6.2/armv7e-m\libgcc.a(_arm_muldivsf3.o)
 .ARM.attributes
                0x00000813       0x1e c:/fehqt/proteus/gcc/bin/../lib/gcc/arm-none-eabi/4.6.2/armv7e-m\libgcc.a(_arm_cmpsf2.o)
 .ARM.attributes
                0x00000831       0x1e c:/fehqt/proteus/gcc/bin/../lib/gcc/arm-none-eabi/4.6.2/armv7e-m\libgcc.a(_arm_fixsfsi.o)
 .ARM.attributes
                0x0000084f       0x33 C:\fehqt\Proteus/EWL/lib/armv7e-m\librt.a(gcc_ctor_dtor.o)
 .ARM.attributes
                0x00000882       0x33 C:\fehqt\Proteus/EWL/lib/armv7e-m\librt.a(ROMCopy.o)
 .ARM.attributes
                0x000008b5       0x33 C:\fehqt\Proteus/EWL/lib/armv7e-m\librt.a(__arm_eabi_init.o)
OUTPUT(../FEHRobot.elf elf32-littlearm)

.debug_info     0x00000000    0x146d7
 .debug_info    0x00000000     0x15ca ..\main.o
 .debug_info    0x000015ca     0x12c5 Startup\__arm_start.o
 .debug_info    0x0000288f       0x58 Startup\__arm_end.o
 .debug_info    0x000028e7      0x57d Startup\kinetis_sysinit.o
 .debug_info    0x00002e64      0x335 Libraries\FEHMotor.o
 .debug_info    0x00003199      0x250 Drivers\i2c.o
 .debug_info    0x000033e9      0x6cf Drivers\spi.o
 .debug_info    0x00003ab8      0x59c Drivers\uart.o
 .debug_info    0x00004054     0x1da0 Drivers\ff.o
 .debug_info    0x00005df4      0xf1d Drivers\SDHC.o
 .debug_info    0x00006d11      0x2de Drivers\lptmr.o
 .debug_info    0x00006fef      0x1a7 FEHProteus.o
 .debug_info    0x00007196      0x722 Drivers\FEHPropeller.o
 .debug_info    0x000078b8      0x36c Libraries\FEHUtility.o
 .debug_info    0x00007c24     0x1c6a Libraries\FEHIO.o
 .debug_info    0x0000988e      0x4ab Drivers\adc16.o
 .debug_info    0x00009d39      0xa42 Libraries\FEHBuzzer.o
 .debug_info    0x0000a77b     0x1500 Libraries\FEHServo.o
 .debug_info    0x0000bc7b     0x2c25 Libraries\FEHLCD.o
 .debug_info    0x0000e8a0      0x26a Libraries\FEHAccel.o
 .debug_info    0x0000eb0a      0x3a9 Libraries\FEHBattery.o
 .debug_info    0x0000eeb3      0xac3 Drivers\FEHXBee.o
 .debug_info    0x0000f976     0x1ac6 Libraries\FEHRPS.o
 .debug_info    0x0001143c     0x1242 Libraries\FEHSD.o
 .debug_info    0x0001267e      0x11f C:\fehqt\Proteus/EWL/lib/armv7e-m\libc.a(sprintf.o)
 .debug_info    0x0001279d      0x206 C:\fehqt\Proteus/EWL/lib/armv7e-m\libc.a(vsnprintf.o)
 .debug_info    0x000129a3      0x103 C:\fehqt\Proteus/EWL/lib/armv7e-m\libc.a(exit.o)
 .debug_info    0x00012aa6      0x113 C:\fehqt\Proteus/EWL/lib/armv7e-m\libc.a(memcpy.o)
 .debug_info    0x00012bb9       0xf4 C:\fehqt\Proteus/EWL/lib/armv7e-m\libc.a(memset.o)
 .debug_info    0x00012cad       0xf3 C:\fehqt\Proteus/EWL/lib/armv7e-m\libc.a(strlen.o)
 .debug_info    0x00012da0      0x512 C:\fehqt\Proteus/EWL/lib/armv7e-m\libc.a(printformat_.o)
 .debug_info    0x000132b2      0x564 C:\fehqt\Proteus/EWL/lib/armv7e-m\libc.a(scanformat_.o)
 .debug_info    0x00013816      0x32a C:\fehqt\Proteus/EWL/lib/armv7e-m\libc.a(ctype_aeabi.o)
 .debug_info    0x00013b40      0x1d7 C:\fehqt\Proteus/EWL/lib/armv7e-m\libc.a(__strtoul.o)
 .debug_info    0x00013d17      0x13d C:\fehqt\Proteus/EWL/lib/armv7e-m\libc.a(__filll_mem.o)
 .debug_info    0x00013e54      0x129 C:\fehqt\Proteus/EWL/lib/armv7e-m\libc.a(memchr.o)
 .debug_info    0x00013f7d      0x110 C:\fehqt\Proteus/EWL/lib/armv7e-m\libc.a(strchr.o)
 .debug_info    0x0001408d      0x1c0 C:\fehqt\Proteus/EWL/lib/armv7e-m\librt.a(gcc_ctor_dtor.o)
 .debug_info    0x0001424d      0x1b8 C:\fehqt\Proteus/EWL/lib/armv7e-m\librt.a(ROMCopy.o)
 .debug_info    0x00014405      0x2d2 C:\fehqt\Proteus/EWL/lib/armv7e-m\librt.a(__arm_eabi_init.o)

.debug_abbrev   0x00000000     0x3e63
 .debug_abbrev  0x00000000      0x38a ..\main.o
 .debug_abbrev  0x0000038a      0x28f Startup\__arm_start.o
 .debug_abbrev  0x00000619       0x45 Startup\__arm_end.o
 .debug_abbrev  0x0000065e      0x18a Startup\kinetis_sysinit.o
 .debug_abbrev  0x000007e8      0x18c Libraries\FEHMotor.o
 .debug_abbrev  0x00000974       0xfc Drivers\i2c.o
 .debug_abbrev  0x00000a70      0x18b Drivers\spi.o
 .debug_abbrev  0x00000bfb      0x15f Drivers\uart.o
 .debug_abbrev  0x00000d5a      0x18f Drivers\ff.o
 .debug_abbrev  0x00000ee9      0x223 Drivers\SDHC.o
 .debug_abbrev  0x0000110c       0xd2 Drivers\lptmr.o
 .debug_abbrev  0x000011de      0x101 FEHProteus.o
 .debug_abbrev  0x000012df      0x1c6 Drivers\FEHPropeller.o
 .debug_abbrev  0x000014a5      0x154 Libraries\FEHUtility.o
 .debug_abbrev  0x000015f9      0x448 Libraries\FEHIO.o
 .debug_abbrev  0x00001a41      0x12a Drivers\adc16.o
 .debug_abbrev  0x00001b6b      0x1da Libraries\FEHBuzzer.o
 .debug_abbrev  0x00001d45      0x312 Libraries\FEHServo.o
 .debug_abbrev  0x00002057      0x38c Libraries\FEHLCD.o
 .debug_abbrev  0x000023e3      0x13b Libraries\FEHAccel.o
 .debug_abbrev  0x0000251e      0x1cb Libraries\FEHBattery.o
 .debug_abbrev  0x000026e9      0x231 Drivers\FEHXBee.o
 .debug_abbrev  0x0000291a      0x37f Libraries\FEHRPS.o
 .debug_abbrev  0x00002c99      0x33a Libraries\FEHSD.o
 .debug_abbrev  0x00002fd3       0xb5 C:\fehqt\Proteus/EWL/lib/armv7e-m\libc.a(sprintf.o)
 .debug_abbrev  0x00003088       0xf4 C:\fehqt\Proteus/EWL/lib/armv7e-m\libc.a(vsnprintf.o)
 .debug_abbrev  0x0000317c       0x8f C:\fehqt\Proteus/EWL/lib/armv7e-m\libc.a(exit.o)
 .debug_abbrev  0x0000320b       0x97 C:\fehqt\Proteus/EWL/lib/armv7e-m\libc.a(memcpy.o)
 .debug_abbrev  0x000032a2       0x66 C:\fehqt\Proteus/EWL/lib/armv7e-m\libc.a(memset.o)
 .debug_abbrev  0x00003308       0x7e C:\fehqt\Proteus/EWL/lib/armv7e-m\libc.a(strlen.o)
 .debug_abbrev  0x00003386      0x204 C:\fehqt\Proteus/EWL/lib/armv7e-m\libc.a(printformat_.o)
 .debug_abbrev  0x0000358a      0x1fb C:\fehqt\Proteus/EWL/lib/armv7e-m\libc.a(scanformat_.o)
 .debug_abbrev  0x00003785       0x9a C:\fehqt\Proteus/EWL/lib/armv7e-m\libc.a(ctype_aeabi.o)
 .debug_abbrev  0x0000381f       0xc6 C:\fehqt\Proteus/EWL/lib/armv7e-m\libc.a(__strtoul.o)
 .debug_abbrev  0x000038e5       0x8b C:\fehqt\Proteus/EWL/lib/armv7e-m\libc.a(__filll_mem.o)
 .debug_abbrev  0x00003970       0x99 C:\fehqt\Proteus/EWL/lib/armv7e-m\libc.a(memchr.o)
 .debug_abbrev  0x00003a09       0x8d C:\fehqt\Proteus/EWL/lib/armv7e-m\libc.a(strchr.o)
 .debug_abbrev  0x00003a96       0x9d C:\fehqt\Proteus/EWL/lib/armv7e-m\librt.a(gcc_ctor_dtor.o)
 .debug_abbrev  0x00003b33      0x160 C:\fehqt\Proteus/EWL/lib/armv7e-m\librt.a(ROMCopy.o)
 .debug_abbrev  0x00003c93      0x1d0 C:\fehqt\Proteus/EWL/lib/armv7e-m\librt.a(__arm_eabi_init.o)

.debug_loc      0x00000000     0x6720
 .debug_loc     0x00000000      0x228 ..\main.o
 .debug_loc     0x00000228       0xb0 Startup\__arm_start.o
 .debug_loc     0x000002d8       0x38 Startup\__arm_end.o
 .debug_loc     0x00000310       0x84 Startup\kinetis_sysinit.o
 .debug_loc     0x00000394       0xe0 Libraries\FEHMotor.o
 .debug_loc     0x00000474       0xe0 Drivers\i2c.o
 .debug_loc     0x00000554      0x19c Drivers\spi.o
 .debug_loc     0x000006f0       0xe0 Drivers\uart.o
 .debug_loc     0x000007d0      0xa96 Drivers\ff.o
 .debug_loc     0x00001266      0x370 Drivers\SDHC.o
 .debug_loc     0x000015d6       0x38 Drivers\lptmr.o
 .debug_loc     0x0000160e       0x64 FEHProteus.o
 .debug_loc     0x00001672      0x118 Drivers\FEHPropeller.o
 .debug_loc     0x0000178a      0x1a8 Libraries\FEHUtility.o
 .debug_loc     0x00001932      0x8d6 Libraries\FEHIO.o
 .debug_loc     0x00002208       0xa8 Drivers\adc16.o
 .debug_loc     0x000022b0      0x304 Libraries\FEHBuzzer.o
 .debug_loc     0x000025b4      0x1fa Libraries\FEHServo.o
 .debug_loc     0x000027ae     0x1147 Libraries\FEHLCD.o
 .debug_loc     0x000038f5      0x144 Libraries\FEHAccel.o
 .debug_loc     0x00003a39       0xd4 Libraries\FEHBattery.o
 .debug_loc     0x00003b0d      0x1c0 Drivers\FEHXBee.o
 .debug_loc     0x00003ccd      0x420 Libraries\FEHRPS.o
 .debug_loc     0x000040ed      0x188 Libraries\FEHSD.o
 .debug_loc     0x00004275       0x3f C:\fehqt\Proteus/EWL/lib/armv7e-m\libc.a(sprintf.o)
 .debug_loc     0x000042b4      0x105 C:\fehqt\Proteus/EWL/lib/armv7e-m\libc.a(vsnprintf.o)
 .debug_loc     0x000043b9       0x3e C:\fehqt\Proteus/EWL/lib/armv7e-m\libc.a(exit.o)
 .debug_loc     0x000043f7       0x46 C:\fehqt\Proteus/EWL/lib/armv7e-m\libc.a(memcpy.o)
 .debug_loc     0x0000443d       0x64 C:\fehqt\Proteus/EWL/lib/armv7e-m\libc.a(memset.o)
 .debug_loc     0x000044a1       0x31 C:\fehqt\Proteus/EWL/lib/armv7e-m\libc.a(strlen.o)
 .debug_loc     0x000044d2     0x106f C:\fehqt\Proteus/EWL/lib/armv7e-m\libc.a(printformat_.o)
 .debug_loc     0x00005541      0x8cb C:\fehqt\Proteus/EWL/lib/armv7e-m\libc.a(scanformat_.o)
 .debug_loc     0x00005e0c      0x18e C:\fehqt\Proteus/EWL/lib/armv7e-m\libc.a(ctype_aeabi.o)
 .debug_loc     0x00005f9a      0x2ad C:\fehqt\Proteus/EWL/lib/armv7e-m\libc.a(__strtoul.o)
 .debug_loc     0x00006247      0x12c C:\fehqt\Proteus/EWL/lib/armv7e-m\libc.a(__filll_mem.o)
 .debug_loc     0x00006373       0x82 C:\fehqt\Proteus/EWL/lib/armv7e-m\libc.a(memchr.o)
 .debug_loc     0x000063f5       0x78 C:\fehqt\Proteus/EWL/lib/armv7e-m\libc.a(strchr.o)
 .debug_loc     0x0000646d       0xbe C:\fehqt\Proteus/EWL/lib/armv7e-m\librt.a(gcc_ctor_dtor.o)
 .debug_loc     0x0000652b       0x9b C:\fehqt\Proteus/EWL/lib/armv7e-m\librt.a(ROMCopy.o)
 .debug_loc     0x000065c6      0x15a C:\fehqt\Proteus/EWL/lib/armv7e-m\librt.a(__arm_eabi_init.o)

.debug_aranges  0x00000000      0xeb8
 .debug_aranges
                0x00000000       0x68 ..\main.o
 .debug_aranges
                0x00000068       0x48 Startup\__arm_start.o
 .debug_aranges
                0x000000b0       0x20 Startup\__arm_end.o
 .debug_aranges
                0x000000d0       0x30 Startup\kinetis_sysinit.o
 .debug_aranges
                0x00000100       0x38 Libraries\FEHMotor.o
 .debug_aranges
                0x00000138       0x38 Drivers\i2c.o
 .debug_aranges
                0x00000170       0x58 Drivers\spi.o
 .debug_aranges
                0x000001c8       0x38 Drivers\uart.o
 .debug_aranges
                0x00000200      0x198 Drivers\ff.o
 .debug_aranges
                0x00000398       0x98 Drivers\SDHC.o
 .debug_aranges
                0x00000430       0x20 Drivers\lptmr.o
 .debug_aranges
                0x00000450       0x28 FEHProteus.o
 .debug_aranges
                0x00000478       0x40 Drivers\FEHPropeller.o
 .debug_aranges
                0x000004b8       0x58 Libraries\FEHUtility.o
 .debug_aranges
                0x00000510      0x160 Libraries\FEHIO.o
 .debug_aranges
                0x00000670       0x30 Drivers\adc16.o
 .debug_aranges
                0x000006a0       0x88 Libraries\FEHBuzzer.o
 .debug_aranges
                0x00000728       0x60 Libraries\FEHServo.o
 .debug_aranges
                0x00000788      0x290 Libraries\FEHLCD.o
 .debug_aranges
                0x00000a18       0x48 Libraries\FEHAccel.o
 .debug_aranges
                0x00000a60       0x38 Libraries\FEHBattery.o
 .debug_aranges
                0x00000a98       0x58 Drivers\FEHXBee.o
 .debug_aranges
                0x00000af0       0xb0 Libraries\FEHRPS.o
 .debug_aranges
                0x00000ba0       0x50 Libraries\FEHSD.o
 .debug_aranges
                0x00000bf0       0x20 C:\fehqt\Proteus/EWL/lib/armv7e-m\libc.a(sprintf.o)
 .debug_aranges
                0x00000c10       0x28 C:\fehqt\Proteus/EWL/lib/armv7e-m\libc.a(vsnprintf.o)
 .debug_aranges
                0x00000c38       0x20 C:\fehqt\Proteus/EWL/lib/armv7e-m\libc.a(exit.o)
 .debug_aranges
                0x00000c58       0x20 C:\fehqt\Proteus/EWL/lib/armv7e-m\libc.a(memcpy.o)
 .debug_aranges
                0x00000c78       0x20 C:\fehqt\Proteus/EWL/lib/armv7e-m\libc.a(memset.o)
 .debug_aranges
                0x00000c98       0x20 C:\fehqt\Proteus/EWL/lib/armv7e-m\libc.a(strlen.o)
 .debug_aranges
                0x00000cb8       0x28 C:\fehqt\Proteus/EWL/lib/armv7e-m\libc.a(printformat_.o)
 .debug_aranges
                0x00000ce0       0x20 C:\fehqt\Proteus/EWL/lib/armv7e-m\libc.a(scanformat_.o)
 .debug_aranges
                0x00000d00       0x88 C:\fehqt\Proteus/EWL/lib/armv7e-m\libc.a(ctype_aeabi.o)
 .debug_aranges
                0x00000d88       0x20 C:\fehqt\Proteus/EWL/lib/armv7e-m\libc.a(__strtoul.o)
 .debug_aranges
                0x00000da8       0x20 C:\fehqt\Proteus/EWL/lib/armv7e-m\libc.a(__filll_mem.o)
 .debug_aranges
                0x00000dc8       0x20 C:\fehqt\Proteus/EWL/lib/armv7e-m\libc.a(memchr.o)
 .debug_aranges
                0x00000de8       0x20 C:\fehqt\Proteus/EWL/lib/armv7e-m\libc.a(strchr.o)
 .debug_aranges
                0x00000e08       0x28 C:\fehqt\Proteus/EWL/lib/armv7e-m\librt.a(gcc_ctor_dtor.o)
 .debug_aranges
                0x00000e30       0x30 C:\fehqt\Proteus/EWL/lib/armv7e-m\librt.a(ROMCopy.o)
 .debug_aranges
                0x00000e60       0x58 C:\fehqt\Proteus/EWL/lib/armv7e-m\librt.a(__arm_eabi_init.o)

.debug_line     0x00000000     0x7bec
 .debug_line    0x00000000      0x460 ..\main.o
 .debug_line    0x00000460      0x3ad Startup\__arm_start.o
 .debug_line    0x0000080d      0x21a Startup\__arm_end.o
 .debug_line    0x00000a27      0x283 Startup\kinetis_sysinit.o
 .debug_line    0x00000caa      0x237 Libraries\FEHMotor.o
 .debug_line    0x00000ee1      0x2ad Drivers\i2c.o
 .debug_line    0x0000118e      0x295 Drivers\spi.o
 .debug_line    0x00001423      0x212 Drivers\uart.o
 .debug_line    0x00001635     0x1114 Drivers\ff.o
 .debug_line    0x00002749      0x678 Drivers\SDHC.o
 .debug_line    0x00002dc1      0x1c0 Drivers\lptmr.o
 .debug_line    0x00002f81      0x1da FEHProteus.o
 .debug_line    0x0000315b      0x264 Drivers\FEHPropeller.o
 .debug_line    0x000033bf      0x282 Libraries\FEHUtility.o
 .debug_line    0x00003641      0x6ee Libraries\FEHIO.o
 .debug_line    0x00003d2f      0x20f Drivers\adc16.o
 .debug_line    0x00003f3e      0x2df Libraries\FEHBuzzer.o
 .debug_line    0x0000421d      0x545 Libraries\FEHServo.o
 .debug_line    0x00004762     0x1151 Libraries\FEHLCD.o
 .debug_line    0x000058b3      0x23f Libraries\FEHAccel.o
 .debug_line    0x00005af2      0x218 Libraries\FEHBattery.o
 .debug_line    0x00005d0a      0x349 Drivers\FEHXBee.o
 .debug_line    0x00006053      0x74a Libraries\FEHRPS.o
 .debug_line    0x0000679d      0x334 Libraries\FEHSD.o
 .debug_line    0x00006ad1       0x94 C:\fehqt\Proteus/EWL/lib/armv7e-m\libc.a(sprintf.o)
 .debug_line    0x00006b65       0xd2 C:\fehqt\Proteus/EWL/lib/armv7e-m\libc.a(vsnprintf.o)
 .debug_line    0x00006c37       0x94 C:\fehqt\Proteus/EWL/lib/armv7e-m\libc.a(exit.o)
 .debug_line    0x00006ccb       0x8d C:\fehqt\Proteus/EWL/lib/armv7e-m\libc.a(memcpy.o)
 .debug_line    0x00006d58       0x8f C:\fehqt\Proteus/EWL/lib/armv7e-m\libc.a(memset.o)
 .debug_line    0x00006de7       0x89 C:\fehqt\Proteus/EWL/lib/armv7e-m\libc.a(strlen.o)
 .debug_line    0x00006e70      0x2c6 C:\fehqt\Proteus/EWL/lib/armv7e-m\libc.a(printformat_.o)
 .debug_line    0x00007136      0x2e3 C:\fehqt\Proteus/EWL/lib/armv7e-m\libc.a(scanformat_.o)
 .debug_line    0x00007419      0x1dd C:\fehqt\Proteus/EWL/lib/armv7e-m\libc.a(ctype_aeabi.o)
 .debug_line    0x000075f6      0x141 C:\fehqt\Proteus/EWL/lib/armv7e-m\libc.a(__strtoul.o)
 .debug_line    0x00007737      0x121 C:\fehqt\Proteus/EWL/lib/armv7e-m\libc.a(__filll_mem.o)
 .debug_line    0x00007858       0xa3 C:\fehqt\Proteus/EWL/lib/armv7e-m\libc.a(memchr.o)
 .debug_line    0x000078fb       0x84 C:\fehqt\Proteus/EWL/lib/armv7e-m\libc.a(strchr.o)
 .debug_line    0x0000797f       0x94 C:\fehqt\Proteus/EWL/lib/armv7e-m\librt.a(gcc_ctor_dtor.o)
 .debug_line    0x00007a13       0xc0 C:\fehqt\Proteus/EWL/lib/armv7e-m\librt.a(ROMCopy.o)
 .debug_line    0x00007ad3      0x119 C:\fehqt\Proteus/EWL/lib/armv7e-m\librt.a(__arm_eabi_init.o)

.debug_macinfo  0x00000000   0x89ccb2
 .debug_macinfo
                0x00000000    0x660bb ..\main.o
 .debug_macinfo
                0x000660bb    0x647fb Startup\__arm_start.o
 .debug_macinfo
                0x000ca8b6     0x3464 Startup\__arm_end.o
 .debug_macinfo
                0x000cdd1a    0x64cce Startup\kinetis_sysinit.o
 .debug_macinfo
                0x001329e8    0x6305c Libraries\FEHMotor.o
 .debug_macinfo
                0x00195a44    0x6318f Drivers\i2c.o
 .debug_macinfo
                0x001f8bd3    0x62fd6 Drivers\spi.o
 .debug_macinfo
                0x0025bba9    0x62fc7 Drivers\uart.o
 .debug_macinfo
                0x002beb70     0x4396 Drivers\ff.o
 .debug_macinfo
                0x002c2f06    0x6452b Drivers\SDHC.o
 .debug_macinfo
                0x00327431    0x63036 Drivers\lptmr.o
 .debug_macinfo
                0x0038a467    0x62fdc FEHProteus.o
 .debug_macinfo
                0x003ed443    0x63085 Drivers\FEHPropeller.o
 .debug_macinfo
                0x004504c8    0x62ff1 Libraries\FEHUtility.o
 .debug_macinfo
                0x004b34b9    0x64348 Libraries\FEHIO.o
 .debug_macinfo
                0x00517801    0x63678 Drivers\adc16.o
 .debug_macinfo
                0x0057ae79    0x6301e Libraries\FEHBuzzer.o
 .debug_macinfo
                0x005dde97    0x64476 Libraries\FEHServo.o
 .debug_macinfo
                0x0064230d    0x649ab Libraries\FEHLCD.o
 .debug_macinfo
                0x006a6cb8    0x631be Libraries\FEHAccel.o
 .debug_macinfo
                0x00709e76    0x636a3 Libraries\FEHBattery.o
 .debug_macinfo
                0x0076d519    0x63d5d Drivers\FEHXBee.o
 .debug_macinfo
                0x007d1276    0x661ab Libraries\FEHRPS.o
 .debug_macinfo
                0x00837421    0x65891 Libraries\FEHSD.o

.debug_str      0x00000000     0x4e40
 .debug_str     0x00000000     0x11e1 ..\main.o
                               0x129a (size before relaxing)
 .debug_str     0x000011e1      0x353 Startup\__arm_start.o
                                0xe66 (size before relaxing)
 .debug_str     0x00001534       0x23 Startup\__arm_end.o
                                 0xba (size before relaxing)
 .debug_str     0x00001557      0x1d6 Startup\kinetis_sysinit.o
                                0x365 (size before relaxing)
 .debug_str     0x0000172d       0x2a Libraries\FEHMotor.o
                                0x2d8 (size before relaxing)
 .debug_str     0x00001757      0x11a Drivers\i2c.o
                                0x201 (size before relaxing)
 .debug_str     0x00001871      0x18b Drivers\spi.o
                                0x3ba (size before relaxing)
 .debug_str     0x000019fc      0x188 Drivers\uart.o
                                0x34f (size before relaxing)
 .debug_str     0x00001b84      0x6b5 Drivers\ff.o
                                0x852 (size before relaxing)
 .debug_str     0x00002239      0x546 Drivers\SDHC.o
                                0x828 (size before relaxing)
 .debug_str     0x0000277f       0x5a Drivers\lptmr.o
                                0x208 (size before relaxing)
 .debug_str     0x000027d9       0x28 FEHProteus.o
                                0x254 (size before relaxing)
 .debug_str     0x00002801       0x25 Drivers\FEHPropeller.o
                                0x395 (size before relaxing)
 .debug_str     0x00002826       0xc0 Libraries\FEHUtility.o
                                0x1d9 (size before relaxing)
 .debug_str     0x000028e6      0xd51 Libraries\FEHIO.o
                               0x12aa (size before relaxing)
 .debug_str     0x00003637       0xd7 Drivers\adc16.o
                                0x299 (size before relaxing)
 .debug_str     0x0000370e      0x1ba Libraries\FEHBuzzer.o
                                0x3ab (size before relaxing)
 .debug_str     0x000038c8      0x24c Libraries\FEHServo.o
                               0x110b (size before relaxing)
 .debug_str     0x00003b14      0x2c3 Libraries\FEHLCD.o
                               0x110c (size before relaxing)
 .debug_str     0x00003dd7       0x68 Libraries\FEHAccel.o
                                0x19d (size before relaxing)
 .debug_str     0x00003e3f       0x5d Libraries\FEHBattery.o
                                0x35e (size before relaxing)
 .debug_str     0x00003e9c      0x1f6 Drivers\FEHXBee.o
                                0x544 (size before relaxing)
 .debug_str     0x00004092      0x413 Libraries\FEHRPS.o
                               0x15b6 (size before relaxing)
 .debug_str     0x000044a5       0x75 Libraries\FEHSD.o
                                0xf29 (size before relaxing)
 .debug_str     0x0000451a       0x88 C:\fehqt\Proteus/EWL/lib/armv7e-m\libc.a(sprintf.o)
                                0x15a (size before relaxing)
 .debug_str     0x000045a2       0x83 C:\fehqt\Proteus/EWL/lib/armv7e-m\libc.a(vsnprintf.o)
                                0x1c3 (size before relaxing)
 .debug_str     0x00004625       0x2e C:\fehqt\Proteus/EWL/lib/armv7e-m\libc.a(exit.o)
                                0x14e (size before relaxing)
 .debug_str     0x00004653       0x1c C:\fehqt\Proteus/EWL/lib/armv7e-m\libc.a(memcpy.o)
                                0x138 (size before relaxing)
 .debug_str     0x0000466f       0x1c C:\fehqt\Proteus/EWL/lib/armv7e-m\libc.a(memset.o)
                                0x140 (size before relaxing)
 .debug_str     0x0000468b       0x24 C:\fehqt\Proteus/EWL/lib/armv7e-m\libc.a(strlen.o)
                                0x140 (size before relaxing)
 .debug_str     0x000046af      0x21a C:\fehqt\Proteus/EWL/lib/armv7e-m\libc.a(printformat_.o)
                                0x3aa (size before relaxing)
 .debug_str     0x000048c9      0x17b C:\fehqt\Proteus/EWL/lib/armv7e-m\libc.a(scanformat_.o)
                                0x3f0 (size before relaxing)
 .debug_str     0x00004a44       0x9d C:\fehqt\Proteus/EWL/lib/armv7e-m\libc.a(ctype_aeabi.o)
                                0x1b3 (size before relaxing)
 .debug_str     0x00004ae1       0x55 C:\fehqt\Proteus/EWL/lib/armv7e-m\libc.a(__strtoul.o)
                                0x1f2 (size before relaxing)
 .debug_str     0x00004b36       0x25 C:\fehqt\Proteus/EWL/lib/armv7e-m\libc.a(__filll_mem.o)
                                0x152 (size before relaxing)
 .debug_str     0x00004b5b       0x1c C:\fehqt\Proteus/EWL/lib/armv7e-m\libc.a(memchr.o)
                                0x148 (size before relaxing)
 .debug_str     0x00004b77       0x1c C:\fehqt\Proteus/EWL/lib/armv7e-m\libc.a(strchr.o)
                                0x137 (size before relaxing)
 .debug_str     0x00004b93      0x126 C:\fehqt\Proteus/EWL/lib/armv7e-m\librt.a(gcc_ctor_dtor.o)
                                0x185 (size before relaxing)
 .debug_str     0x00004cb9       0x94 C:\fehqt\Proteus/EWL/lib/armv7e-m\librt.a(ROMCopy.o)
                                0x140 (size before relaxing)
 .debug_str     0x00004d4d       0xf3 C:\fehqt\Proteus/EWL/lib/armv7e-m\librt.a(__arm_eabi_init.o)
                                0x1ac (size before relaxing)

.comment        0x00000000       0x79
 .comment       0x00000000       0x79 ..\main.o
                                 0x7a (size before relaxing)
 .comment       0x00000000       0x7a Startup\__arm_start.o
 .comment       0x00000000       0x7a Startup\__arm_end.o
 .comment       0x00000000       0x7a Startup\kinetis_sysinit.o
 .comment       0x00000000       0x7a Libraries\FEHMotor.o
 .comment       0x00000000       0x7a Drivers\i2c.o
 .comment       0x00000000       0x7a Drivers\spi.o
 .comment       0x00000000       0x7a Drivers\uart.o
 .comment       0x00000000       0x7a Drivers\ff.o
 .comment       0x00000000       0x7a Drivers\SDHC.o
 .comment       0x00000000       0x7a Drivers\lptmr.o
 .comment       0x00000000       0x7a FEHProteus.o
 .comment       0x00000000       0x7a Drivers\FEHPropeller.o
 .comment       0x00000000       0x7a Libraries\FEHUtility.o
 .comment       0x00000000       0x7a Libraries\FEHIO.o
 .comment       0x00000000       0x7a Drivers\adc16.o
 .comment       0x00000000       0x7a Libraries\FEHBuzzer.o
 .comment       0x00000000       0x7a Libraries\FEHServo.o
 .comment       0x00000000       0x7a Libraries\FEHLCD.o
 .comment       0x00000000       0x7a Libraries\FEHAccel.o
 .comment       0x00000000       0x7a Libraries\FEHBattery.o
 .comment       0x00000000       0x7a Drivers\FEHXBee.o
 .comment       0x00000000       0x7a Libraries\FEHRPS.o
 .comment       0x00000000       0x7a Libraries\FEHSD.o
 .comment       0x00000000       0x7a C:\fehqt\Proteus/EWL/lib/armv7e-m\libc.a(sprintf.o)
 .comment       0x00000000       0x7a C:\fehqt\Proteus/EWL/lib/armv7e-m\libc.a(vsnprintf.o)
 .comment       0x00000000       0x7a C:\fehqt\Proteus/EWL/lib/armv7e-m\libc.a(exit.o)
 .comment       0x00000000       0x7a C:\fehqt\Proteus/EWL/lib/armv7e-m\libc.a(memcpy.o)
 .comment       0x00000000       0x7a C:\fehqt\Proteus/EWL/lib/armv7e-m\libc.a(memset.o)
 .comment       0x00000000       0x7a C:\fehqt\Proteus/EWL/lib/armv7e-m\libc.a(strlen.o)
 .comment       0x00000000       0x7a C:\fehqt\Proteus/EWL/lib/armv7e-m\libc.a(printformat_.o)
 .comment       0x00000000       0x7a C:\fehqt\Proteus/EWL/lib/armv7e-m\libc.a(scanformat_.o)
 .comment       0x00000000       0x7a C:\fehqt\Proteus/EWL/lib/armv7e-m\libc.a(ctype_aeabi.o)
 .comment       0x00000000       0x7a C:\fehqt\Proteus/EWL/lib/armv7e-m\libc.a(__strtoul.o)
 .comment       0x00000000       0x7a C:\fehqt\Proteus/EWL/lib/armv7e-m\libc.a(__filll_mem.o)
 .comment       0x00000000       0x7a C:\fehqt\Proteus/EWL/lib/armv7e-m\libc.a(memchr.o)
 .comment       0x00000000       0x7a C:\fehqt\Proteus/EWL/lib/armv7e-m\libc.a(strchr.o)
 .comment       0x00000000       0x7a C:\fehqt\Proteus/EWL/lib/armv7e-m\librt.a(gcc_ctor_dtor.o)
 .comment       0x00000000       0x7a C:\fehqt\Proteus/EWL/lib/armv7e-m\librt.a(ROMCopy.o)
 .comment       0x00000000       0x7a C:\fehqt\Proteus/EWL/lib/armv7e-m\librt.a(__arm_eabi_init.o)

.debug_frame    0x00000000     0x2b1c
 .debug_frame   0x00000000      0x14c ..\main.o
 .debug_frame   0x0000014c       0x98 Startup\__arm_start.o
 .debug_frame   0x000001e4       0x2c Startup\__arm_end.o
 .debug_frame   0x00000210       0x5c Startup\kinetis_sysinit.o
 .debug_frame   0x0000026c       0x94 Libraries\FEHMotor.o
 .debug_frame   0x00000300       0x88 Drivers\i2c.o
 .debug_frame   0x00000388       0xf8 Drivers\spi.o
 .debug_frame   0x00000480       0x84 Drivers\uart.o
 .debug_frame   0x00000504      0x5e8 Drivers\ff.o
 .debug_frame   0x00000aec      0x1e8 Drivers\SDHC.o
 .debug_frame   0x00000cd4       0x2c Drivers\lptmr.o
 .debug_frame   0x00000d00       0x4c FEHProteus.o
 .debug_frame   0x00000d4c       0xa8 Drivers\FEHPropeller.o
 .debug_frame   0x00000df4       0xf8 Libraries\FEHUtility.o
 .debug_frame   0x00000eec      0x4e8 Libraries\FEHIO.o
 .debug_frame   0x000013d4       0x64 Drivers\adc16.o
 .debug_frame   0x00001438      0x1c8 Libraries\FEHBuzzer.o
 .debug_frame   0x00001600      0x12c Libraries\FEHServo.o
 .debug_frame   0x0000172c      0x9c0 Libraries\FEHLCD.o
 .debug_frame   0x000020ec       0xd8 Libraries\FEHAccel.o
 .debug_frame   0x000021c4       0x8c Libraries\FEHBattery.o
 .debug_frame   0x00002250       0xfc Drivers\FEHXBee.o
 .debug_frame   0x0000234c      0x24c Libraries\FEHRPS.o
 .debug_frame   0x00002598       0xf0 Libraries\FEHSD.o
 .debug_frame   0x00002688       0x34 C:\fehqt\Proteus/EWL/lib/armv7e-m\libc.a(sprintf.o)
 .debug_frame   0x000026bc       0x4c C:\fehqt\Proteus/EWL/lib/armv7e-m\libc.a(vsnprintf.o)
 .debug_frame   0x00002708       0x28 C:\fehqt\Proteus/EWL/lib/armv7e-m\libc.a(exit.o)
 .debug_frame   0x00002730       0x28 C:\fehqt\Proteus/EWL/lib/armv7e-m\libc.a(memcpy.o)
 .debug_frame   0x00002758       0x28 C:\fehqt\Proteus/EWL/lib/armv7e-m\libc.a(memset.o)
 .debug_frame   0x00002780       0x20 C:\fehqt\Proteus/EWL/lib/armv7e-m\libc.a(strlen.o)
 .debug_frame   0x000027a0       0x64 C:\fehqt\Proteus/EWL/lib/armv7e-m\libc.a(printformat_.o)
 .debug_frame   0x00002804       0x3c C:\fehqt\Proteus/EWL/lib/armv7e-m\libc.a(scanformat_.o)
 .debug_frame   0x00002840       0xf0 C:\fehqt\Proteus/EWL/lib/armv7e-m\libc.a(ctype_aeabi.o)
 .debug_frame   0x00002930       0x3c C:\fehqt\Proteus/EWL/lib/armv7e-m\libc.a(__strtoul.o)
 .debug_frame   0x0000296c       0x2c C:\fehqt\Proteus/EWL/lib/armv7e-m\libc.a(__filll_mem.o)
 .debug_frame   0x00002998       0x28 C:\fehqt\Proteus/EWL/lib/armv7e-m\libc.a(memchr.o)
 .debug_frame   0x000029c0       0x20 C:\fehqt\Proteus/EWL/lib/armv7e-m\libc.a(strchr.o)
 .debug_frame   0x000029e0       0x48 C:\fehqt\Proteus/EWL/lib/armv7e-m\librt.a(gcc_ctor_dtor.o)
 .debug_frame   0x00002a28       0x48 C:\fehqt\Proteus/EWL/lib/armv7e-m\librt.a(ROMCopy.o)
 .debug_frame   0x00002a70       0xac C:\fehqt\Proteus/EWL/lib/armv7e-m\librt.a(__arm_eabi_init.o)
